10-16 01:36:11.829   521   911 I chatty  : uid=1000(system) Binder:521_6 identical 1 line
10-16 01:36:11.830   521   911 W ActivityManager: Unable to start service Intent { act=com.android.email.EXCHANGE_INTENT pkg=com.android.exchange } U=0: not found
10-16 01:36:11.831  1671  1671 E ActivityThread: Service com.android.email.service.EmailBroadcastProcessorService has leaked ServiceConnection com.android.emailcommon.service.ServiceProxy$ProxyConnection@824dcca that was originally bound here
10-16 01:36:11.831  1671  1671 E ActivityThread: android.app.ServiceConnectionLeaked: Service com.android.email.service.EmailBroadcastProcessorService has leaked ServiceConnection com.android.emailcommon.service.ServiceProxy$ProxyConnection@824dcca that was originally bound here
10-16 01:36:11.831  1671  1671 E ActivityThread: 	at android.app.LoadedApk$ServiceDispatcher.<init>(LoadedApk.java:1610)
10-16 01:36:11.831  1671  1671 E ActivityThread: 	at android.app.LoadedApk.getServiceDispatcher(LoadedApk.java:1502)
10-16 01:36:11.831  1671  1671 E ActivityThread: 	at android.app.ContextImpl.bindServiceCommon(ContextImpl.java:1659)
10-16 01:36:11.831  1671  1671 E ActivityThread: 	at android.app.ContextImpl.bindService(ContextImpl.java:1612)
10-16 01:36:11.831  1671  1671 E ActivityThread: 	at android.content.ContextWrapper.bindService(ContextWrapper.java:698)
10-16 01:36:11.831  1671  1671 E ActivityThread: 	at com.android.emailcommon.service.ServiceProxy.setTask(ServiceProxy.java:181)
10-16 01:36:11.831  1671  1671 E ActivityThread: 	at com.android.emailcommon.service.ServiceProxy.test(ServiceProxy.java:224)
10-16 01:36:11.831  1671  1671 E ActivityThread: 	at com.android.email.service.EmailServiceUtils.isServiceAvailable(EmailServiceUtils.java:160)
10-16 01:36:11.831  1671  1671 E ActivityThread: 	at com.android.email.provider.AccountReconciler.reconcileAccountsInternal(AccountReconciler.java:171)
10-16 01:36:11.831  1671  1671 E ActivityThread: 	at com.android.email.provider.AccountReconciler.reconcileAccounts(AccountReconciler.java:115)
10-16 01:36:11.831  1671  1671 E ActivityThread: 	at com.android.email.service.EmailBroadcastProcessorService.reconcileAndStartServices(EmailBroadcastProcessorService.java:305)
10-16 01:36:11.831  1671  1671 E ActivityThread: 	at com.android.email.service.EmailBroadcastProcessorService.onBootCompleted(EmailBroadcastProcessorService.java:295)
10-16 01:36:11.831  1671  1671 E ActivityThread: 	at com.android.email.service.EmailBroadcastProcessorService.onHandleIntent(EmailBroadcastProcessorService.java:130)
10-16 01:36:11.831  1671  1671 E ActivityThread: 	at android.app.IntentService$ServiceHandler.handleMessage(IntentService.java:76)
10-16 01:36:11.831  1671  1671 E ActivityThread: 	at android.os.Handler.dispatchMessage(Handler.java:106)
10-16 01:36:11.831  1671  1671 E ActivityThread: 	at android.os.Looper.loop(Looper.java:193)
10-16 01:36:11.831  1671  1671 E ActivityThread: 	at android.os.HandlerThread.run(HandlerThread.java:65)
10-16 01:36:11.834   521   863 W ActivityManager: Unbind failed: could not find connection for android.os.BinderProxy@740acac
10-16 01:36:11.834   521   911 W ActivityManager: Unable to start service Intent { cmp=com.android.email/.service.AttachmentService } U=0: not found
10-16 01:36:11.837   521   533 W ActivityManager: Unable to start service Intent { act=com.android.email.EXCHANGE_INTENT pkg=com.android.exchange } U=0: not found
10-16 01:36:11.845   521   911 W ActivityManager: Unable to start service Intent { act=com.android.email.EXCHANGE_INTENT pkg=com.android.exchange } U=0: not found
10-16 01:36:11.884   521   570 I ActivityManager: Start proc 1741:com.android.messaging/u0a45 for broadcast com.android.messaging/.receiver.BootAndPackageReplacedReceiver
10-16 01:36:11.962   521   570 I ActivityManager: Start proc 1775:com.android.onetimeinitializer/u0a25 for broadcast com.android.onetimeinitializer/.OneTimeInitializerReceiver
10-16 01:36:12.056   521   719 W ActivityManager: Unable to start service Intent { act=com.google.android.gms.nearby.discovery:ACTION_INIT_MESSAGES_PATH cmp=com.google.android.gms/.nearby.discovery.service.DiscoveryService } U=0: not found
10-16 01:36:12.196   521   570 I ActivityManager: Start proc 1828:com.android.traceur/u0a42 for broadcast com.android.traceur/.Receiver
10-16 01:36:12.278   521   570 I ActivityManager: Start proc 1859:com.genymotion.superuser/1000 for broadcast com.genymotion.superuser/com.koushikdutta.superuser.SuCheckerReceiver
10-16 01:36:12.351   521   570 I ActivityManager: Start proc 1883:com.google.android.configupdater/u0a73 for broadcast com.google.android.configupdater/.MainReceiver
10-16 01:36:12.412   521   521 I TransportClient: LocalTransportService#0: Notifying [TransportManager.registerTransport()] transport = IBackupTransport
10-16 01:36:12.414   521  1104 D BackupTransportManager: Transport android/com.android.internal.backup.LocalTransportService registered
10-16 01:36:12.414   521  1104 D BackupManagerService: Transport android/com.android.internal.backup.LocalTransport registered 3047ms after first request (delay = 3000ms)
10-16 01:36:12.522   521   521 I TransportClient: BackupTransportService#1: Notifying [TransportManager.registerTransport()] transport = IBackupTransport
10-16 01:36:12.553   521  1104 D BackupTransportManager: Transport com.google.android.gms/.backup.BackupTransportService registered
10-16 01:36:12.553   521  1104 D BackupManagerService: Transport com.google.android.gms/.backup.BackupTransportService registered 3186ms after first request (delay = 3000ms)
10-16 01:36:12.555   521  1104 I BackupManagerService: Found stale backup journal, scheduling
10-16 01:36:12.555   521  1104 I chatty  : uid=1000(system) backup identical 9 lines
10-16 01:36:12.555   521  1104 I BackupManagerService: Found stale backup journal, scheduling
10-16 01:36:12.595   521   570 I ActivityManager: Start proc 1947:com.google.android.gms.ui/u0a75 for service com.google.android.gms/.chimera.UiIntentOperationService
10-16 01:36:12.640   521   570 I ActivityManager: Start proc 1964:com.google.android.onetimeinitializer/u0a77 for broadcast com.google.android.onetimeinitializer/.OneTimeInitializerReceiver
10-16 01:36:12.686   521   532 I ActivityManager: Killing 1262:com.android.keychain/1000 (adj 906): empty #17
10-16 01:36:12.697   521   570 I ActivityManager: Start proc 1990:com.google.android.packageinstaller/u0a82 for broadcast com.google.android.packageinstaller/com.android.packageinstaller.TemporaryFileManager
10-16 01:36:12.746   709   709 W wificond: Scan is not started. Ignore abort request
10-16 01:36:12.748   521   532 I ActivityManager: Killing 1561:com.google.process.gapps/u0a87 (adj 906): empty #17
10-16 01:36:12.759   521   570 I ActivityManager: Start proc 2009:com.google.android.partnersetup/u0a80 for broadcast com.google.android.partnersetup/.GooglePartnerSetup
10-16 01:36:12.798   521   677 D ConnectivityService: registerNetworkAgent NetworkAgentInfo{ ni{[type: WIFI[], state: CONNECTING/CONNECTING, reason: (unspecified), extra: (none), failover: false, available: true, roaming: false]}  network{100}  nethandle{432902426637}  lp{{LinkAddresses: []  Routes: [] DnsAddresses: [] UsePrivateDns: false PrivateDnsServerName: null Domains: null MTU: 0}}  nc{[ Transports: WIFI Capabilities: NOT_METERED&INTERNET&NOT_RESTRICTED&TRUSTED&NOT_VPN&NOT_ROAMING&FOREGROUND&NOT_CONGESTED&NOT_SUSPENDED Unwanted:  LinkUpBandwidth>=1048576Kbps LinkDnBandwidth>=1048576Kbps SSID: "AndroidWifi"]}  Score{20}  everValidated{false}  lastValidated{false}  created{false} lingering{false} explicitlySelected{false} acceptUnvalidated{false} everCaptivePortalDetected{false} lastCaptivePortalDetected{false} clat{null} }
10-16 01:36:12.798   521   679 D ConnectivityService: NetworkAgentInfo [WIFI () - 100] EVENT_NETWORK_INFO_CHANGED, going from null to CONNECTING
10-16 01:36:12.802   521   679 D ConnectivityService: NetworkAgentInfo [WIFI () - 100] EVENT_NETWORK_INFO_CHANGED, going from CONNECTING to CONNECTING
10-16 01:36:12.857   521   679 D ConnectivityService: NetworkAgentInfo [WIFI () - 100] EVENT_NETWORK_INFO_CHANGED, going from CONNECTING to CONNECTED
10-16 01:36:12.858   521   679 W DnsManager: updatePrivateDns(100, PrivateDnsConfig{true:/[]})
10-16 01:36:12.858   521   679 D ConnectivityService: Setting DNS servers for network 100 to [/192.168.178.1, /192.168.10.1]
10-16 01:36:12.858   521   679 D DnsManager: setDnsConfigurationForNetwork(100, [192.168.178.1, 192.168.10.1], [fritz.box], [1800, 25, 8, 64], , [192.168.178.1, 192.168.10.1])
10-16 01:36:12.860   521   679 D ConnectivityService: Adding iface wlan0 to network 100
10-16 01:36:12.862   521   679 D ConnectivityService: Setting DNS servers for network 100 to [/192.168.178.1, /192.168.10.1]
10-16 01:36:12.863   521   679 D DnsManager: setDnsConfigurationForNetwork(100, [192.168.178.1, 192.168.10.1], [fritz.box], [1800, 25, 8, 64], , [192.168.178.1, 192.168.10.1])
10-16 01:36:12.890   521   679 D ConnectivityService: Switching to new default network: NetworkAgentInfo{ ni{[type: WIFI[], state: CONNECTED/CONNECTED, reason: (unspecified), extra: (none), failover: false, available: true, roaming: false]}  network{100}  nethandle{432902426637}  lp{{InterfaceName: wlan0 LinkAddresses: [fe80::a00:27ff:fe86:3e99/64,10.0.3.15/24,]  Routes: [fe80::/64 -> :: wlan0,10.0.3.0/24 -> 0.0.0.0 wlan0,0.0.0.0/0 -> 10.0.3.2 wlan0,] DnsAddresses: [192.168.178.1,192.168.10.1,] UsePrivateDns: false PrivateDnsServerName: null Domains: fritz.box MTU: 0 TcpBufferSizes: 524288,1048576,2097152,262144,524288,1048576}}  nc{[ Transports: WIFI Capabilities: NOT_METERED&INTERNET&NOT_RESTRICTED&TRUSTED&NOT_VPN&NOT_ROAMING&FOREGROUND&NOT_CONGESTED&NOT_SUSPENDED Unwanted:  LinkUpBandwidth>=1048576Kbps LinkDnBandwidth>=1048576Kbps SignalStrength: -50 SSID: "AndroidWifi"]}  Score{20}  everValidated{false}  lastValidated{false}  created{true} lingering{false} explicitlySelected{false} acceptUnvalidated{false} everCaptivePortalDetected{false} lastCaptivePortalDetected{false} clat{null} }
10-16 01:36:12.904   521   911 W BroadcastQueue: Permission Denial: receiving Intent { act=android.intent.action.BOOT_COMPLETED flg=0x9000010 (has extras) } to com.google.android.syncadapters.calendar/com.google.android.libraries.internal.growth.growthkit.inject.GrowthKitBootCompletedBroadcastReceiver requires android.permission.RECEIVE_BOOT_COMPLETED due to sender null (uid 1000)
10-16 01:36:12.904   521   911 I ActivityManager: Killing 1581:com.android.cellbroadcastreceiver/u0a11 (adj 906): empty #17
10-16 01:36:12.906   521   679 D ConnectivityService: Sending CONNECTED broadcast for type 1 NetworkAgentInfo [WIFI () - 100] isDefaultNetwork=true
10-16 01:36:12.913   521   674 W NetworkStats: problem registering for global alert: java.lang.IllegalStateException: command '36 bandwidth setglobalalert 2097152' failed with '400 36 Bandwidth command failed'
10-16 01:36:12.916   521   674 W NetworkStats: problem registering for global alert: java.lang.IllegalStateException: command '37 bandwidth setglobalalert 2097152' failed with '400 37 Bandwidth command failed'
10-16 01:36:12.918   521   570 I ActivityManager: Start proc 2046:com.google.process.gapps/u0a87 for broadcast com.google.android.syncadapters.contacts/.ContactsSyncAdapterBroadcastReceiver
10-16 01:36:12.935   521   679 D ConnectivityService: NetworkAgentInfo [WIFI () - 100] validation failed
10-16 01:36:43.848   521   521 D DevicePolicyManager: updateSystemUpdateFreezePeriodsRecord
10-16 01:36:43.848   521   521 W SyncManager: Clock is valid now.
10-16 01:36:43.848   521   521 D ConditionProviders.SCP: onReceive android.intent.action.TIME_SET
10-16 01:36:43.849   521   521 D ConditionProviders.SCP: evaluateSubscriptionLocked cal=ScheduleCalendar[mDays={1, 2, 3, 4, 5, 6, 7}, mSchedule=ScheduleInfo{days=[1, 2, 3, 4, 5, 6, 7], startHour=22, startMinute=0, endHour=7, endMinute=0, exitAtAlarm=true, nextAlarm=Wed Dec 31 19:00:00 EST 1969 (0)}], now=Fri Oct 16 01:36:43 EDT 2020 (1602826603848), nextUserAlarmTime=Wed Dec 31 19:00:00 EST 1969 (0)
10-16 01:36:43.849   521   521 D ConditionProviders.SCP: notifyCondition condition://android/schedule?days=1.2.3.4.5.6.7&start=22.0&end=7.0&exitAtAlarm=true STATE_TRUE reason=meetsSchedule
10-16 01:36:43.849   521   521 D ConditionProviders.SCP: Scheduling evaluate for Fri Oct 16 07:00:00 EDT 2020 (1602846000000), in +5h23m16s152ms, now=Fri Oct 16 01:36:43 EDT 2020 (1602826603848)
10-16 01:36:43.851   521   535 I UsageStatsService: Time changed in UsageStats by 30 seconds
10-16 01:36:43.851   521   535 I UsageStatsService: User[0] Flushing usage stats to disk
10-16 01:36:43.875   521   535 I UsageStatsDatabase: Time changed by +30s880ms. files deleted: 0 files moved: 4
10-16 01:36:43.876   521   535 I UsageStatsService: User[0] Rollover scheduled @ 2020-10-17 01:32:59(1602912779958)
10-16 01:36:43.955   521   911 I ActivityManager: Finished processing BOOT_COMPLETED for u0
10-16 01:36:43.969   521   570 I ActivityManager: Start proc 2077:com.android.quicksearchbox/u0a67 for broadcast com.android.quicksearchbox/.SearchWidgetProvider
10-16 01:36:44.000   521   911 I ActivityManager: Killing 1638:com.android.contacts/u0a17 (adj 906): empty #17
10-16 01:36:44.036   521   722 I ActivityManager: Killing 1071:com.android.deskclock/u0a48 (adj 906): empty #17
10-16 01:36:44.040   521   863 W BroadcastQueue: Background execution not allowed: receiving Intent { act=com.google.android.chimera.MODULE_CONFIGURATION_CHANGED flg=0x10 (has extras) } to com.google.android.gms/.chimera.GmsIntentOperationService$PersistentInternalReceiver
10-16 01:36:44.051   521   722 W BroadcastQueue: Background execution not allowed: receiving Intent { act=android.intent.action.DROPBOX_ENTRY_ADDED flg=0x10 (has extras) } to com.google.android.gms/.stats.service.DropBoxEntryAddedReceiver
10-16 01:36:44.051   521   560 W BroadcastQueue: Background execution not allowed: receiving Intent { act=android.intent.action.DROPBOX_ENTRY_ADDED flg=0x10 (has extras) } to com.google.android.gms/.chimera.GmsIntentOperationService$PersistentTrustedReceiver
10-16 01:36:44.051   521   560 W BroadcastQueue: Background execution not allowed: receiving Intent { act=android.intent.action.DROPBOX_ENTRY_ADDED flg=0x10 (has extras) } to com.google.android.gms/.stats.service.DropBoxEntryAddedReceiver
10-16 01:36:44.051   521   560 W BroadcastQueue: Background execution not allowed: receiving Intent { act=android.intent.action.DROPBOX_ENTRY_ADDED flg=0x10 (has extras) } to com.google.android.gms/.chimera.GmsIntentOperationService$PersistentTrustedReceiver
10-16 01:36:44.051   521   560 W BroadcastQueue: Background execution not allowed: receiving Intent { act=android.intent.action.DROPBOX_ENTRY_ADDED flg=0x10 (has extras) } to com.google.android.gms/.stats.service.DropBoxEntryAddedReceiver
10-16 01:36:44.051   521   560 W BroadcastQueue: Background execution not allowed: receiving Intent { act=android.intent.action.DROPBOX_ENTRY_ADDED flg=0x10 (has extras) } to com.google.android.gms/.chimera.GmsIntentOperationService$PersistentTrustedReceiver
10-16 01:36:44.052   521   560 W BroadcastQueue: Background execution not allowed: receiving Intent { act=android.intent.action.DROPBOX_ENTRY_ADDED flg=0x10 (has extras) } to com.google.android.gms/.stats.service.DropBoxEntryAddedReceiver
10-16 01:36:44.052   521   560 W BroadcastQueue: Background execution not allowed: receiving Intent { act=android.intent.action.DROPBOX_ENTRY_ADDED flg=0x10 (has extras) } to com.google.android.gms/.chimera.GmsIntentOperationService$PersistentTrustedReceiver
10-16 01:36:44.065   521  1129 W BroadcastQueue: Background execution not allowed: receiving Intent { act=android.intent.action.DROPBOX_ENTRY_ADDED flg=0x10 (has extras) } to com.google.android.gms/.stats.service.DropBoxEntryAddedReceiver
10-16 01:36:44.065   521   560 W BroadcastQueue: Background execution not allowed: receiving Intent { act=android.intent.action.DROPBOX_ENTRY_ADDED flg=0x10 (has extras) } to com.google.android.gms/.chimera.GmsIntentOperationService$PersistentTrustedReceiver
10-16 01:36:44.065   521   560 W BroadcastQueue: Background execution not allowed: receiving Intent { act=android.intent.action.DROPBOX_ENTRY_ADDED flg=0x10 (has extras) } to com.google.android.gms/.stats.service.DropBoxEntryAddedReceiver
10-16 01:36:44.065   521   560 W BroadcastQueue: Background execution not allowed: receiving Intent { act=android.intent.action.DROPBOX_ENTRY_ADDED flg=0x10 (has extras) } to com.google.android.gms/.chimera.GmsIntentOperationService$PersistentTrustedReceiver
10-16 01:36:44.098   558   558 D baseband-redis: android_modem_init
10-16 01:36:44.098   558   558 D         : Loading property 'persist.gsm.imei'
10-16 01:36:44.099   558   558 D         : Loading property 'persist.gsm.sim.operator'
10-16 01:36:44.099   558   558 D         : Loading property 'persist.gsm.sim.operator_name'
10-16 01:36:44.099   521  2102 W BroadcastQueue: Background execution not allowed: receiving Intent { act=android.intent.action.DROPBOX_ENTRY_ADDED flg=0x10 (has extras) } to com.google.android.gms/.stats.service.DropBoxEntryAddedReceiver
10-16 01:36:44.099   521   560 W BroadcastQueue: Background execution not allowed: receiving Intent { act=android.intent.action.DROPBOX_ENTRY_ADDED flg=0x10 (has extras) } to com.google.android.gms/.chimera.GmsIntentOperationService$PersistentTrustedReceiver
10-16 01:36:44.100   521   560 W BroadcastQueue: Background execution not allowed: receiving Intent { act=android.intent.action.DROPBOX_ENTRY_ADDED flg=0x10 (has extras) } to com.google.android.gms/.stats.service.DropBoxEntryAddedReceiver
10-16 01:36:44.100   521   560 W BroadcastQueue: Background execution not allowed: receiving Intent { act=android.intent.action.DROPBOX_ENTRY_ADDED flg=0x10 (has extras) } to com.google.android.gms/.chimera.GmsIntentOperationService$PersistentTrustedReceiver
10-16 01:36:44.100   521   560 W BroadcastQueue: Background execution not allowed: receiving Intent { act=android.intent.action.DROPBOX_ENTRY_ADDED flg=0x10 (has extras) } to com.google.android.gms/.stats.service.DropBoxEntryAddedReceiver
10-16 01:36:44.100   521   560 W BroadcastQueue: Background execution not allowed: receiving Intent { act=android.intent.action.DROPBOX_ENTRY_ADDED flg=0x10 (has extras) } to com.google.android.gms/.chimera.GmsIntentOperationService$PersistentTrustedReceiver
10-16 01:36:44.100   558   558 D         : Loading property 'persist.gsm.sim.msin'
10-16 01:36:44.100   558   558 D         : Loading property 'persist.gsm.sim.phone'
10-16 01:36:44.100   558   558 D         : Loading property 'persist.gsm.operator'
10-16 01:36:44.101   558   558 D         : Loading property 'persist.gsm.operator_name'
10-16 01:36:44.458   521  1729 I WifiService: WifiService trying to set country code to us
10-16 01:36:44.462   521   674 W NetworkStats: problem registering for global alert: java.lang.IllegalStateException: command '38 bandwidth setglobalalert 2097152' failed with '400 38 Bandwidth command failed'
10-16 01:36:44.482   866   866 I TelecomFramework: PstnIncomingCallNotifier: Unregistering: Handler (com.android.internal.telephony.GsmCdmaPhone) {e398183}
10-16 01:36:44.487   521   863 I Telecom : PhoneAccountRegistrar: Modify account: [ComponentInfo{com.android.phone/com.android.services.telephony.TelephonyConnectionService}, ***, UserHandle{0}]: TSI.rPA@ABQ
10-16 01:36:44.488   866   866 I TelecomFramework: AccountEntry: Registered phoneAccount: [[ ] PhoneAccount: ComponentInfo{com.android.phone/com.android.services.telephony.TelephonyConnectionService}, ***, UserHandle{0} Capabilities: CallProvider MultiUser PlaceEmerg SimSub  Audio Routes: BESW Schemes: tel voicemail  Extras: Bundle[{android.telecom.extra.SUPPORTS_VIDEO_CALLING_FALLBACK=true}] GroupId: ***] with handle: ComponentInfo{com.android.phone/com.android.services.telephony.TelephonyConnectionService}, ***, UserHandle{0}
10-16 01:36:44.488   866   866 I TelecomFramework: PstnIncomingCallNotifier: Registering: Handler (com.android.internal.telephony.GsmCdmaPhone) {e398183}
10-16 01:36:44.494   521   570 I ActivityManager: Start proc 2253:com.google.android.gms.unstable/u0a75 for service com.google.android.gms/.droidguard.DroidGuardService
10-16 01:36:44.509   866   866 I TelecomFramework: PstnPhoneCapabilitiesNotifier: handleVideoCapabilitesChanged. Video capability - false
10-16 01:36:44.514   521   532 D PackageManager: Set ephemeral installer activity: ComponentInfo{com.android.vending/com.google.android.finsky.instantapps.EphemeralInstallerActivity}
10-16 01:36:44.523   521   532 I Telecom : PhoneAccountRegistrar: Modify account: [ComponentInfo{com.android.phone/com.android.services.telephony.TelephonyConnectionService}, ***, UserHandle{0}]: TSI.rPA@ABc
10-16 01:36:44.526   866   866 D MccTable: updateMccMncConfiguration mccmnc='310270' fromServiceState=false
10-16 01:36:44.526   866   866 D MccTable: updateMccMncConfiguration defaultMccMnc=
10-16 01:36:44.526   866   866 D MccTable: updateMccMncConfiguration: mcc=310, mnc=270
10-16 01:36:44.526   866   866 D MccTable: updateMccMncConfiguration updateConfig config={0.0 310mcc270mnc ?localeList ?layoutDir ?swdp ?wdp ?hdp ?density ?lsize ?long ?ldr ?wideColorGamut ?orien ?uimode ?night ?touch ?keyb/?/? ?nav/? winConfig={ mBounds=Rect(0, 0 - 0, 0) mAppBounds=null mWindowingMode=undefined mActivityType=undefined}}
10-16 01:36:44.526   521   532 I ActivityManager: Config changes=3 {1.0 310mcc270mnc [en_US] ldltr sw411dp w411dp h773dp 560dpi nrml long port finger qwerty/v/v -nav/h winConfig={ mBounds=Rect(0, 0 - 0, 0) mAppBounds=Rect(0, 0 - 1440, 2792) mWindowingMode=fullscreen mActivityType=undefined} s.6}
10-16 01:36:44.528   521   532 I ActivityManager: Override config changes=3 {1.0 310mcc270mnc [en_US] ldltr sw411dp w411dp h773dp 560dpi nrml long port finger qwerty/v/v -nav/h winConfig={ mBounds=Rect(0, 0 - 1440, 2792) mAppBounds=Rect(0, 0 - 1440, 2792) mWindowingMode=fullscreen mActivityType=undefined} s.6} for displayId=0
10-16 01:36:44.559   521   674 W NetworkStats: problem registering for global alert: java.lang.IllegalStateException: command '39 bandwidth setglobalalert 2097152' failed with '400 39 Bandwidth command failed'
10-16 01:36:44.570   866   866 I TelecomFramework: PstnIncomingCallNotifier: Unregistering: Handler (com.android.internal.telephony.GsmCdmaPhone) {e398183}
10-16 01:36:44.581   521  2280 I Telecom : PhoneAccountRegistrar: Modify account: [ComponentInfo{com.android.phone/com.android.services.telephony.TelephonyConnectionService}, ***, UserHandle{0}(addr: tel:*********** -> tel:)(subAddr: tel:*********** -> tel:)]: TSI.rPA@ABg
10-16 01:36:44.582   866   866 I TelecomFramework: AccountEntry: Registered phoneAccount: [[ ] PhoneAccount: ComponentInfo{com.android.phone/com.android.services.telephony.TelephonyConnectionService}, ***, UserHandle{0} Capabilities: CallProvider MultiUser PlaceEmerg SimSub  Audio Routes: BESW Schemes: tel voicemail  Extras: Bundle[{android.telecom.extra.SUPPORTS_VIDEO_CALLING_FALLBACK=true}] GroupId: ***] with handle: ComponentInfo{com.android.phone/com.android.services.telephony.TelephonyConnectionService}, ***, UserHandle{0}
10-16 01:36:44.582   866   866 I TelecomFramework: PstnIncomingCallNotifier: Registering: Handler (com.android.internal.telephony.GsmCdmaPhone) {e398183}
10-16 01:36:44.584   866   866 I TelecomFramework: PstnPhoneCapabilitiesNotifier: handleVideoCapabilitesChanged. Video capability - false
10-16 01:36:44.588   521  1129 I Telecom : PhoneAccountRegistrar: Modify account: [ComponentInfo{com.android.phone/com.android.services.telephony.TelephonyConnectionService}, ***, UserHandle{0}]: TSI.rPA@ABs
10-16 01:36:44.623   866   998 D MccTable: updateMccMncConfiguration mccmnc='310270' fromServiceState=false
10-16 01:36:44.623   866   998 D MccTable: updateMccMncConfiguration defaultMccMnc=310270
10-16 01:36:44.623   866   998 D MccTable: updateMccMncConfiguration: mcc=310, mnc=270
10-16 01:36:44.623   866   998 D MccTable: updateMccMncConfiguration updateConfig config={0.0 310mcc270mnc ?localeList ?layoutDir ?swdp ?wdp ?hdp ?density ?lsize ?long ?ldr ?wideColorGamut ?orien ?uimode ?night ?touch ?keyb/?/? ?nav/? winConfig={ mBounds=Rect(0, 0 - 0, 0) mAppBounds=null mWindowingMode=undefined mActivityType=undefined}}
10-16 01:36:44.627   866   866 I TelecomFramework: PstnIncomingCallNotifier: Unregistering: Handler (com.android.internal.telephony.GsmCdmaPhone) {e398183}
10-16 01:36:44.637   521  2102 I Telecom : PhoneAccountRegistrar: New phone account registered: [[ ] PhoneAccount: ComponentInfo{com.android.phone/com.android.services.telephony.TelephonyConnectionService}, ***, UserHandle{0} Capabilities: CallProvider MultiUser PlaceEmerg SimSub  Audio Routes: BESW Schemes: tel voicemail  Extras: Bundle[mParcelledData.dataSize=124] GroupId: ***]: TSI.rPA@ABw
10-16 01:36:44.638   521  2102 I Telecom : CallsManager: Sending phone-account ComponentInfo{com.android.phone/com.android.services.telephony.TelephonyConnectionService}, ***, UserHandle{0} registered intent as user: TSI.rPA@ABw
10-16 01:36:44.638   521  2102 I Telecom : CallsManager: Sending phone-account registered intent to default dialer: TSI.rPA@ABw
10-16 01:36:44.639   866   866 I TelecomFramework: AccountEntry: Registered phoneAccount: [[ ] PhoneAccount: ComponentInfo{com.android.phone/com.android.services.telephony.TelephonyConnectionService}, ***, UserHandle{0} Capabilities: CallProvider MultiUser PlaceEmerg SimSub  Audio Routes: BESW Schemes: tel voicemail  Extras: Bundle[{android.telecom.extra.SUPPORTS_VIDEO_CALLING_FALLBACK=true}] GroupId: ***] with handle: ComponentInfo{com.android.phone/com.android.services.telephony.TelephonyConnectionService}, ***, UserHandle{0}
10-16 01:36:44.639   866   866 I TelecomFramework: PstnIncomingCallNotifier: Registering: Handler (com.android.internal.telephony.GsmCdmaPhone) {e398183}
10-16 01:36:44.641   866   866 I TelecomFramework: TelecomAccountRegistry: Unregistering phone account ComponentInfo{com.android.phone/com.android.services.telephony.TelephonyConnectionService}, ***, UserHandle{0}.
10-16 01:36:44.642   521  1712 I Telecom : CallsManager: Sending phone-account ComponentInfo{com.android.phone/com.android.services.telephony.TelephonyConnectionService}, ***, UserHandle{0} unregistered intent as user: TSI.uPA@AB4
10-16 01:36:44.642   521  1712 I Telecom : CallsManager: Sending phone-account unregistered intent to default dialer: TSI.uPA@AB4
10-16 01:36:44.680   521   674 W NetworkStats: problem registering for global alert: java.lang.IllegalStateException: command '40 bandwidth setglobalalert 2097152' failed with '400 40 Bandwidth command failed'
10-16 01:36:44.685   521  2102 D MmsServiceBroker: getCarrierConfigValues() by com.android.messaging
10-16 01:36:44.685   521  2102 W MmsServiceBroker: MmsService not connected. Try connecting...
10-16 01:36:44.685   521   521 I MmsServiceBroker: Connecting to MmsService
10-16 01:36:44.686   521   521 W ContextImpl: Calling a method in the system process without a qualified user: android.app.ContextImpl.bindService:1611 com.android.server.MmsServiceBroker.tryConnecting:241 com.android.server.MmsServiceBroker.access$000:53 com.android.server.MmsServiceBroker$1.handleMessage:83 android.os.Handler.dispatchMessage:106 
10-16 01:36:44.687   866   998 D MccTable: updateMccMncConfiguration mccmnc='310270' fromServiceState=false
10-16 01:36:44.688   866   998 D MccTable: updateMccMncConfiguration defaultMccMnc=310270
10-16 01:36:44.688   866   998 D MccTable: updateMccMncConfiguration: mcc=310, mnc=270
10-16 01:36:44.688   866   998 D MccTable: updateMccMncConfiguration updateConfig config={0.0 310mcc270mnc ?localeList ?layoutDir ?swdp ?wdp ?hdp ?density ?lsize ?long ?ldr ?wideColorGamut ?orien ?uimode ?night ?touch ?keyb/?/? ?nav/? winConfig={ mBounds=Rect(0, 0 - 0, 0) mAppBounds=null mWindowingMode=undefined mActivityType=undefined}}
10-16 01:36:44.695   866   866 I TelecomFramework: PstnPhoneCapabilitiesNotifier: handleVideoCapabilitesChanged. Video capability - false
10-16 01:36:44.705   521   533 I Telecom : PhoneAccountRegistrar: Modify account: [ComponentInfo{com.android.phone/com.android.services.telephony.TelephonyConnectionService}, ***, UserHandle{0}]: TSI.rPA@ACA
10-16 01:36:44.708   521   532 W ContextImpl: Calling a method in the system process without a qualified user: android.app.ContextImpl.sendBroadcastAsUserMultiplePermissions:1053 com.android.server.TelephonyRegistry.broadcastCallStateChanged:1602 com.android.server.TelephonyRegistry.notifyCallStateForPhoneId:793 com.android.internal.telephony.ITelephonyRegistry$Stub.onTransact:122 android.os.Binder.execTransact:731 
10-16 01:36:44.753   866   866 I TelecomFramework: PstnIncomingCallNotifier: Unregistering: Handler (com.android.internal.telephony.GsmCdmaPhone) {e398183}
10-16 01:36:44.756   521   674 W NetworkStats: problem registering for global alert: java.lang.IllegalStateException: command '41 bandwidth setglobalalert 2097152' failed with '400 41 Bandwidth command failed'
10-16 01:36:44.767   521  2280 I Telecom : PhoneAccountRegistrar: Modify account: [ComponentInfo{com.android.phone/com.android.services.telephony.TelephonyConnectionService}, ***, UserHandle{0}]: TSI.rPA@ACE
10-16 01:36:44.768   866   866 I TelecomFramework: AccountEntry: Registered phoneAccount: [[ ] PhoneAccount: ComponentInfo{com.android.phone/com.android.services.telephony.TelephonyConnectionService}, ***, UserHandle{0} Capabilities: CallProvider MultiUser PlaceEmerg SimSub  Audio Routes: BESW Schemes: tel voicemail  Extras: Bundle[{android.telecom.extra.SUPPORTS_VIDEO_CALLING_FALLBACK=true}] GroupId: ***] with handle: ComponentInfo{com.android.phone/com.android.services.telephony.TelephonyConnectionService}, ***, UserHandle{0}
10-16 01:36:44.768   866   866 I TelecomFramework: PstnIncomingCallNotifier: Registering: Handler (com.android.internal.telephony.GsmCdmaPhone) {e398183}
10-16 01:36:44.772   521   674 W NetworkStats: problem registering for global alert: java.lang.IllegalStateException: command '42 bandwidth setglobalalert 2097152' failed with '400 42 Bandwidth command failed'
10-16 01:36:44.783   521   674 W NetworkStats: problem registering for global alert: java.lang.IllegalStateException: command '43 bandwidth setglobalalert 2097152' failed with '400 43 Bandwidth command failed'
10-16 01:36:44.786   521   674 W NetworkStats: problem registering for global alert: java.lang.IllegalStateException: command '44 bandwidth setglobalalert 2097152' failed with '400 44 Bandwidth command failed'
10-16 01:36:44.851   521   570 I ActivityManager: Start proc 2322:com.android.deskclock/u0a48 for broadcast com.android.deskclock/.AlarmInitReceiver
10-16 01:36:44.883   521   521 I MmsServiceBroker: MmsService connected
10-16 01:36:44.886   521   679 D ConnectivityService: NetworkAgentInfo [WIFI () - 100] validation failed
10-16 01:36:44.891   866   866 I TelecomFramework: PstnIncomingCallNotifier: Unregistering: Handler (com.android.internal.telephony.GsmCdmaPhone) {e398183}
10-16 01:36:44.898   521   863 D MmsServiceBroker: getCarrierConfigValues() by com.android.messaging
10-16 01:36:44.901   521  2102 D MmsServiceBroker: getCarrierConfigValues() by com.android.messaging
10-16 01:36:44.906   521  2280 D CountryDetector: The first listener is added
10-16 01:36:44.911   521  1129 I Telecom : PhoneAccountRegistrar: Modify account: [ComponentInfo{com.android.phone/com.android.services.telephony.TelephonyConnectionService}, ***, UserHandle{0}]: TSI.rPA@ACQ
10-16 01:36:44.912   866   866 I TelecomFramework: AccountEntry: Registered phoneAccount: [[ ] PhoneAccount: ComponentInfo{com.android.phone/com.android.services.telephony.TelephonyConnectionService}, ***, UserHandle{0} Capabilities: CallProvider MultiUser PlaceEmerg SimSub  Audio Routes: BESW Schemes: tel voicemail  Extras: Bundle[{android.telecom.extra.SUPPORTS_VIDEO_CALLING_FALLBACK=true}] GroupId: ***] with handle: ComponentInfo{com.android.phone/com.android.services.telephony.TelephonyConnectionService}, ***, UserHandle{0}
10-16 01:36:44.912   866   866 I TelecomFramework: PstnIncomingCallNotifier: Registering: Handler (com.android.internal.telephony.GsmCdmaPhone) {e398183}
10-16 01:36:44.913   866   866 I TelecomFramework: PstnIncomingCallNotifier: Unregistering: Handler (com.android.internal.telephony.GsmCdmaPhone) {e398183}
10-16 01:36:44.926   521  1129 I Telecom : PhoneAccountRegistrar: Modify account: [ComponentInfo{com.android.phone/com.android.services.telephony.TelephonyConnectionService}, ***, UserHandle{0}]: TSI.rPA@ACc
10-16 01:36:44.927   866   866 I TelecomFramework: AccountEntry: Registered phoneAccount: [[ ] PhoneAccount: ComponentInfo{com.android.phone/com.android.services.telephony.TelephonyConnectionService}, ***, UserHandle{0} Capabilities: CallProvider MultiUser PlaceEmerg SimSub  Audio Routes: BESW Schemes: tel voicemail  Extras: Bundle[{android.telecom.extra.SUPPORTS_VIDEO_CALLING_FALLBACK=true}] GroupId: ***] with handle: ComponentInfo{com.android.phone/com.android.services.telephony.TelephonyConnectionService}, ***, UserHandle{0}
10-16 01:36:44.927   866   866 I TelecomFramework: PstnIncomingCallNotifier: Registering: Handler (com.android.internal.telephony.GsmCdmaPhone) {e398183}
10-16 01:36:44.930   866   866 I TelecomFramework: PstnIncomingCallNotifier: Unregistering: Handler (com.android.internal.telephony.GsmCdmaPhone) {e398183}
10-16 01:36:44.936   521  1129 I Telecom : PhoneAccountRegistrar: Modify account: [ComponentInfo{com.android.phone/com.android.services.telephony.TelephonyConnectionService}, ***, UserHandle{0}]: TSI.rPA@ACo
10-16 01:36:44.937   866   866 I TelecomFramework: AccountEntry: Registered phoneAccount: [[ ] PhoneAccount: ComponentInfo{com.android.phone/com.android.services.telephony.TelephonyConnectionService}, ***, UserHandle{0} Capabilities: CallProvider MultiUser PlaceEmerg SimSub  Audio Routes: BESW Schemes: tel voicemail  Extras: Bundle[{android.telecom.extra.SUPPORTS_VIDEO_CALLING_FALLBACK=true}] GroupId: ***] with handle: ComponentInfo{com.android.phone/com.android.services.telephony.TelephonyConnectionService}, ***, UserHandle{0}
10-16 01:36:44.937   866   866 I TelecomFramework: PstnIncomingCallNotifier: Registering: Handler (com.android.internal.telephony.GsmCdmaPhone) {e398183}
10-16 01:36:44.939   866   866 I TelecomFramework: PstnIncomingCallNotifier: Unregistering: Handler (com.android.internal.telephony.GsmCdmaPhone) {e398183}
10-16 01:36:44.953   521  2102 I Telecom : PhoneAccountRegistrar: Modify account: [ComponentInfo{com.android.phone/com.android.services.telephony.TelephonyConnectionService}, ***, UserHandle{0}]: TSI.rPA@AC0
10-16 01:36:44.953   866   866 I TelecomFramework: AccountEntry: Registered phoneAccount: [[ ] PhoneAccount: ComponentInfo{com.android.phone/com.android.services.telephony.TelephonyConnectionService}, ***, UserHandle{0} Capabilities: CallProvider MultiUser PlaceEmerg SimSub  Audio Routes: BESW Schemes: tel voicemail  Extras: Bundle[{android.telecom.extra.SUPPORTS_VIDEO_CALLING_FALLBACK=true}] GroupId: ***] with handle: ComponentInfo{com.android.phone/com.android.services.telephony.TelephonyConnectionService}, ***, UserHandle{0}
10-16 01:36:44.953   866   866 I TelecomFramework: PstnIncomingCallNotifier: Registering: Handler (com.android.internal.telephony.GsmCdmaPhone) {e398183}
10-16 01:36:44.962   866   866 I TelecomFramework: PstnPhoneCapabilitiesNotifier: handleVideoCapabilitesChanged. Video capability - false
10-16 01:36:44.966   521  1129 D MmsServiceBroker: getCarrierConfigValues() by com.android.messaging
10-16 01:36:44.968   521  1129 D MmsServiceBroker: getCarrierConfigValues() by com.android.messaging
10-16 01:36:44.984   866   866 I TelecomFramework: PstnPhoneCapabilitiesNotifier: handleVideoCapabilitesChanged. Video capability - false
10-16 01:36:44.984   866   866 I chatty  : uid=1001(radio) com.android.phone identical 2 lines
10-16 01:36:44.984   866   866 I TelecomFramework: PstnPhoneCapabilitiesNotifier: handleVideoCapabilitesChanged. Video capability - false
10-16 01:36:44.996   521  2102 I Telecom : PhoneAccountRegistrar: Modify account: [ComponentInfo{com.android.phone/com.android.services.telephony.TelephonyConnectionService}, ***, UserHandle{0}]: TSI.rPA@ADQ
10-16 01:36:45.006   521  2280 D MmsServiceBroker: getCarrierConfigValues() by com.android.messaging
10-16 01:36:45.014   521  2102 I ActivityManager: Killing 1713:com.android.managedprovisioning/u0a13 (adj 906): empty #17
10-16 01:36:45.029   866   866 I TelecomFramework: PstnIncomingCallNotifier: Unregistering: Handler (com.android.internal.telephony.GsmCdmaPhone) {e398183}
10-16 01:36:45.021   521   674 W NetworkStats: problem registering for global alert: java.lang.IllegalStateException: command '45 bandwidth setglobalalert 2097152' failed with '400 45 Bandwidth command failed'
10-16 01:36:45.030   521   521 I Telecom : PhoneAccountRegistrar: SimCallManager queried, returning: null: TSI.gSCMFU@ADU
10-16 01:36:45.032   521   532 D MmsServiceBroker: getCarrierConfigValues() by com.android.messaging
10-16 01:36:45.049   521   674 W NetworkStats: problem registering for global alert: java.lang.IllegalStateException: command '46 bandwidth setglobalalert 2097152' failed with '400 46 Bandwidth command failed'
10-16 01:36:45.051   521  1129 I Telecom : PhoneAccountRegistrar: Modify account: [ComponentInfo{com.android.phone/com.android.services.telephony.TelephonyConnectionService}, ***, UserHandle{0}]: TSI.rPA@ADY
10-16 01:36:45.052   866   866 I TelecomFramework: AccountEntry: Registered phoneAccount: [[ ] PhoneAccount: ComponentInfo{com.android.phone/com.android.services.telephony.TelephonyConnectionService}, ***, UserHandle{0} Capabilities: CallProvider MultiUser PlaceEmerg SimSub  Audio Routes: BESW Schemes: tel voicemail  Extras: Bundle[{android.telecom.extra.SUPPORTS_VIDEO_CALLING_FALLBACK=true}] GroupId: ***] with handle: ComponentInfo{com.android.phone/com.android.services.telephony.TelephonyConnectionService}, ***, UserHandle{0}
10-16 01:36:45.052   866   866 I TelecomFramework: PstnIncomingCallNotifier: Registering: Handler (com.android.internal.telephony.GsmCdmaPhone) {e398183}
10-16 01:36:45.064   866   866 I TelecomFramework: PstnPhoneCapabilitiesNotifier: handleVideoCapabilitesChanged. Video capability - false
10-16 01:36:45.094   521  2102 I Telecom : PhoneAccountRegistrar: Modify account: [ComponentInfo{com.android.phone/com.android.services.telephony.TelephonyConnectionService}, ***, UserHandle{0}]: TSI.rPA@ADs
10-16 01:36:45.153   521   570 I ActivityManager: Start proc 2360:com.google.android.carriersetup/u0a78 for broadcast com.google.android.carriersetup/.VzwActivationReceiver
10-16 01:36:45.198   521  1712 I ActivityManager: Killing 1775:com.android.onetimeinitializer/u0a25 (adj 906): empty #17
10-16 01:36:45.239   521   570 I ActivityManager: Start proc 2378:com.android.cellbroadcastreceiver/u0a11 for broadcast com.android.cellbroadcastreceiver/.CellBroadcastReceiver
10-16 01:36:45.271   521  1129 W BroadcastQueue: Background execution not allowed: receiving Intent { act=com.google.android.gms.location.reporting.SETTINGS_CHANGED flg=0x10 } to com.google.android.gms/.chimera.GmsIntentOperationService$PersistentInternalReceiver
10-16 01:36:45.462   521   532 I ActivityManager: Killing 1352:com.android.vending:instant_app_installer/u0a81 (adj 906): empty #17
10-16 01:36:45.489   558  2107 D baseband-sms: newsms
10-16 01:36:45.489   558  2107 D baseband-sms: sender:(N/A)
10-16 01:36:45.489   558  2107 D baseband-sms: receiver:122
10-16 01:36:45.489   558  2107 D baseband-sms: index:1/1
10-16 01:36:45.489   558  2107 D baseband-sms: txt:'FQKf.:et#'
10-16 01:36:45.655   521  1728 I ActivityManager: Killing 1828:com.android.traceur/u0a42 (adj 906): empty #17
10-16 01:36:45.924   521   911 D BackupTransportManager: Transport com.google.android.gms/.backup.BackupTransportService updated its attributes
10-16 01:36:46.344   521   560 W BroadcastQueue: Background execution not allowed: receiving Intent { act=android.intent.action.DROPBOX_ENTRY_ADDED flg=0x10 (has extras) } to com.google.android.gms/.stats.service.DropBoxEntryAddedReceiver
10-16 01:36:46.344   521   560 W BroadcastQueue: Background execution not allowed: receiving Intent { act=android.intent.action.DROPBOX_ENTRY_ADDED flg=0x10 (has extras) } to com.google.android.gms/.chimera.GmsIntentOperationService$PersistentTrustedReceiver
10-16 01:36:46.358   521   560 W BroadcastQueue: Background execution not allowed: receiving Intent { act=android.intent.action.DROPBOX_ENTRY_ADDED flg=0x10 (has extras) } to com.google.android.gms/.stats.service.DropBoxEntryAddedReceiver
10-16 01:36:46.358   521   560 W BroadcastQueue: Background execution not allowed: receiving Intent { act=android.intent.action.DROPBOX_ENTRY_ADDED flg=0x10 (has extras) } to com.google.android.gms/.chimera.GmsIntentOperationService$PersistentTrustedReceiver
10-16 01:36:46.382   521   560 W BroadcastQueue: Background execution not allowed: receiving Intent { act=android.intent.action.DROPBOX_ENTRY_ADDED flg=0x10 (has extras) } to com.google.android.gms/.stats.service.DropBoxEntryAddedReceiver
10-16 01:36:46.382   521   560 W BroadcastQueue: Background execution not allowed: receiving Intent { act=android.intent.action.DROPBOX_ENTRY_ADDED flg=0x10 (has extras) } to com.google.android.gms/.chimera.GmsIntentOperationService$PersistentTrustedReceiver
10-16 01:36:46.433   521   560 W BroadcastQueue: Background execution not allowed: receiving Intent { act=android.intent.action.DROPBOX_ENTRY_ADDED flg=0x10 (has extras) } to com.google.android.gms/.stats.service.DropBoxEntryAddedReceiver
10-16 01:36:46.433   521   560 W BroadcastQueue: Background execution not allowed: receiving Intent { act=android.intent.action.DROPBOX_ENTRY_ADDED flg=0x10 (has extras) } to com.google.android.gms/.chimera.GmsIntentOperationService$PersistentTrustedReceiver
10-16 01:36:46.511   521  1712 W ActivityManager: Unable to start service Intent { act=com.google.android.gms.nearby.discovery:ACTION_INIT_MESSAGES_PATH cmp=com.google.android.gms/.nearby.discovery.service.DiscoveryService } U=0: not found
10-16 01:36:46.904   521   679 D ConnectivityService: NetworkAgentInfo [WIFI () - 100] validation failed
10-16 01:36:47.092   521   570 I ActivityManager: Start proc 2575:com.android.vending:instant_app_installer/u0a81 for service com.android.vending/com.google.android.finsky.instantapps.hint.AppPreloadHygieneService
--------- beginning of main
10-16 01:36:47.161  1227  1227 I Finsky  : [2] vyt.handleMessage(58): SCH: RunningQueue size: 4, PendingQueue size: 3
10-16 01:36:47.162  1227  1227 I Finsky  : [2] vyt.handleMessage(62): SCH: Running queue: 10-8 10-47 10-62 10-66 
10-16 01:36:47.254   708  1023 D NuPlayerDriver: NuPlayerDriver(0xec819b80) created, clientPid(734)
10-16 01:36:47.256  1227  1351 I Finsky  : [100] epk.a(12): Removed 0 old sessions.
10-16 01:36:47.261   708  2615 D GenericSource: FileSource remote
10-16 01:36:47.262  1227  1357 I Finsky  : [101] rum.a(19): Showing notification: [ID=play protect default on, Tag=null, Title=Google Play Protect is turned on, Message=This feature protects your device from harmful apps, channelId=1.high-priority-notifications, targetType=1, returnCode=-1, uiElementType=926]
10-16 01:36:47.268   708  2613 D NuPlayerDriver: notifyListener_l(0xec819b80), (1, 0, 0, -1), loop setting(0, 0)
10-16 01:36:47.271  1227  1351 I Finsky  : [100] epn.a(12): Removed 0 obsolete sessions.
10-16 01:36:47.273  1227  1351 I Finsky  : [100] eow.a(12): Deleted 0 orphaned directories.
10-16 01:36:47.275   521  2422 I chatty  : uid=1000(system) Binder:521_10 expire 1 line
10-16 01:36:47.277  1227  1351 I Finsky  : [100] epg.a(12): Logged 0 packages in store.
10-16 01:36:47.277  1227  1351 I Finsky  : [100] wae.a(14): SCH: jobFinished: 10-66. TimeElapsed: 122ms.
10-16 01:36:47.278  1227  1227 I Finsky  : [2] vyu.a(35): SCH: Job 10-66 finished. Not rescheduling.
10-16 01:36:47.278  1227  1227 I Finsky  : [2] vyu.a(16): SCH: Running job: 10-71
10-16 01:36:47.280  1227  1227 I Finsky  : [2] wae.a(14): SCH: jobFinished: 10-71. TimeElapsed: 2ms.
10-16 01:36:47.280  1227  1227 I Finsky  : [2] vyt.handleMessage(58): SCH: RunningQueue size: 4, PendingQueue size: 2
10-16 01:36:47.280  1227  1227 I Finsky  : [2] vyt.handleMessage(62): SCH: Running queue: 10-8 10-47 10-62 10-71 
10-16 01:36:47.280  1227  1227 I Finsky  : [2] vyu.a(35): SCH: Job 10-71 finished. Not rescheduling.
10-16 01:36:47.280  1227  1227 I Finsky  : [2] vyu.a(16): SCH: Running job: 29-29
10-16 01:36:47.288  1227  1227 I Finsky  : [2] vyt.handleMessage(58): SCH: RunningQueue size: 4, PendingQueue size: 1
10-16 01:36:47.288  1227  1227 I Finsky  : [2] vyt.handleMessage(62): SCH: Running queue: 10-8 10-47 10-62 29-29 
10-16 01:36:47.290  1227  2619 I Finsky  : [173] aclh.a(1): ProcessRecoveryLogsUtil: No files in recovery directory
10-16 01:36:47.290  1227  2619 I Finsky  : [173] wae.a(14): SCH: jobFinished: 29-29. TimeElapsed: 10ms.
10-16 01:36:47.295  1227  1227 I Finsky  : [2] vyu.a(35): SCH: Job 29-29 finished. Not rescheduling.
10-16 01:36:47.295  1227  1227 I Finsky  : [2] vyu.a(16): SCH: Running job: 31-305419896
10-16 01:36:47.296  1227  1227 W Finsky  : [2] dpw.a(25): For unauth, use getDfeApiNonAuthenticated() instead!
10-16 01:36:47.336  1227  1227 I Finsky  : [2] vyt.handleMessage(58): SCH: RunningQueue size: 4, PendingQueue size: 0
10-16 01:36:47.336  1227  1227 I Finsky  : [2] vyt.handleMessage(62): SCH: Running queue: 10-8 10-47 10-62 31-305419896 
10-16 01:36:47.343  1089  2104 I chatty  : uid=10075 com.google.android.gms.persistent expire 70 lines
10-16 01:36:47.429   221   221 I keystore: del USRPKEY_unstable.c7202ece89390c490b1b94d5b71225e1.-7604444024890324199 10075
10-16 01:36:47.429   221   221 I keystore: del USRCERT_unstable.c7202ece89390c490b1b94d5b71225e1.-7604444024890324199 10075
10-16 01:36:47.429   221   221 I keystore: del CACERT_unstable.c7202ece89390c490b1b94d5b71225e1.-7604444024890324199 10075
10-16 01:36:47.454   521   911 W BroadcastQueue: Background execution not allowed: receiving Intent { act=android.intent.action.DROPBOX_ENTRY_ADDED flg=0x10 (has extras) } to com.google.android.gms/.stats.service.DropBoxEntryAddedReceiver
10-16 01:36:47.454   521   560 W BroadcastQueue: Background execution not allowed: receiving Intent { act=android.intent.action.DROPBOX_ENTRY_ADDED flg=0x10 (has extras) } to com.google.android.gms/.chimera.GmsIntentOperationService$PersistentTrustedReceiver
10-16 01:36:47.454   521   560 W BroadcastQueue: Background execution not allowed: receiving Intent { act=android.intent.action.DROPBOX_ENTRY_ADDED flg=0x10 (has extras) } to com.google.android.gms/.stats.service.DropBoxEntryAddedReceiver
10-16 01:36:47.454   521   560 W BroadcastQueue: Background execution not allowed: receiving Intent { act=android.intent.action.DROPBOX_ENTRY_ADDED flg=0x10 (has extras) } to com.google.android.gms/.chimera.GmsIntentOperationService$PersistentTrustedReceiver
10-16 01:36:47.499  1227  1227 I Finsky  : [2] gxm.a(2): [Counters Flush] finished, scheduled=true
10-16 01:36:47.499  1227  1391 E Finsky  : [122] gyo.a(5): Unexpected android-id = 0
10-16 01:36:47.505  1089  1456 I chatty  : uid=10075(com.google.android.gms) GoogleApiHandle expire 2 lines
10-16 01:36:47.512  1227  1227 I Finsky  : [2] wae.a(14): SCH: jobFinished: 10-47. TimeElapsed: 449ms.
10-16 01:36:47.518  1227  1227 I Finsky  : [2] vyu.a(35): SCH: Job 10-47 finished. Not rescheduling.
10-16 01:36:47.518  1227  1227 I Finsky  : [2] vyt.handleMessage(58): SCH: RunningQueue size: 3, PendingQueue size: 0
10-16 01:36:47.518  1227  1227 I Finsky  : [2] vyt.handleMessage(62): SCH: Running queue: 10-8 10-62 31-305419896 
10-16 01:36:47.578   866   993 D TelephonyProvider: subIdString = 1 subId = 1
10-16 01:36:47.578   866   993 D TelephonyProvider: getPreferredApnIdFromApn: for subId 1
10-16 01:36:47.625  1331  1815 I chatty  : uid=10075(com.google.android.gms) Thread-12 expire 6 lines
10-16 01:36:47.752  2575  2575 W t_app_installe: JIT profile information will not be recorded: profile file does not exits.
10-16 01:36:47.776   708  1023 D NuPlayerDriver: start(0xec819b80), state is 4, eos is 0
10-16 01:36:47.776   708  2613 I GenericSource: start
10-16 01:36:47.779   708  2633 I OMXClient: IOmx service obtained
10-16 01:36:47.779   230   776 I OMXMaster: makeComponentInstance(OMX.google.vorbis.decoder) in omx@1.0-service process
10-16 01:36:47.780   230   776 E OMXNodeInstance: setConfig(0xe722c9c0:google.vorbis.decoder, ConfigPriority(0x6f800002)) ERROR: Undefined(0x80001001)
10-16 01:36:47.780   708  2633 I ACodec  : codec does not support config priority (err -2147483648)
10-16 01:36:47.780   230   776 E OMXNodeInstance: getConfig(0xe722c9c0:google.vorbis.decoder, ConfigAndroidVendorExtension(0x6f100004)) ERROR: Undefined(0x80001001)
10-16 01:36:47.780   708  2633 I MediaCodec: MediaCodec will operate in async mode
10-16 01:36:47.781   536   536 W AshmemAllocator: ashmem_create_region(32768) returning hidl_memory(0xf231c180, 32768)
10-16 01:36:47.784   536   536 I chatty  : uid=1000(system) allocator@1.0-s identical 12 lines
10-16 01:36:47.784   536   536 W AshmemAllocator: ashmem_create_region(32768) returning hidl_memory(0xf231c180, 32768)
10-16 01:36:47.787   360   865 D AudioFlinger: Client defaulted notificationFrames to 8169 for frameCount 24508
10-16 01:36:47.789   360   408 W DeviceHAL: Error from HAL Device in function set_voice_volume: Function not implemented
10-16 01:36:47.808  2575  2575 I Finsky:instant_app_inst: [2] ebc.aX(5): Process created at version: 20.4.18-all [0] [PR] 314396108
