10-16 01:37:51.737  3364  3364 I dex2oat : /system/bin/dex2oat --input-vdex-fd=-1 --output-vdex-fd=9 --compiler-filter=verify --classpath-dir=/system/priv-app/GoogleBackupTransport --class-loader-context=PCL[] --generate-mini-debug-info --compact-dex-level=none --compilation-reason=boot
10-16 01:37:51.753  3364  3364 I dex2oat : dex2oat took 15.874ms (11.155ms cpu) (threads: 4) arena alloc=0B (0B) java alloc=69KB (70800B) native alloc=1627KB (1666544B) free=932KB (954896B)
10-16 01:37:51.778  3369  3369 W dex2oat : Unexpected CPU variant for X86 using defaults: x86
10-16 01:37:51.778  3369  3369 W dex2oat : Mismatch between dex2oat instruction set features (ISA: X86 Feature string: -ssse3,-sse4.1,-sse4.2,-avx,-avx2,-popcnt) and those of dex2oat executable (ISA: X86 Feature string: ssse3,-sse4.1,-sse4.2,-avx,-avx2,-popcnt) for the command line:
10-16 01:37:51.778  3369  3369 W dex2oat : /system/bin/dex2oat --zip-fd=7 --zip-location=GmsCoreSetupPrebuilt.apk --input-vdex-fd=-1 --output-vdex-fd=9 --oat-fd=8 --oat-location=/data/dalvik-cache/x86/system@priv-app@GmsCoreSetupPrebuilt@GmsCoreSetupPrebuilt.apk@classes.dex --instruction-set=x86 --instruction-set-variant=x86 --instruction-set-features=default --runtime-arg -Xms64m --runtime-arg -Xmx512m --compiler-filter=verify --swap-fd=10 --classpath-dir=/system/priv-app/GmsCoreSetupPrebuilt --class-loader-context=PCL[/system/framework/org.apache.http.legacy.boot.jar] --generate-mini-debug-info --compact-dex-level=none --runtime-arg -Xtarget-sdk-version:26 --runtime-arg -Xhidden-api-checks --compilation-reason=boot
10-16 01:37:51.778  3369  3369 I dex2oat : /system/bin/dex2oat --input-vdex-fd=-1 --output-vdex-fd=9 --compiler-filter=verify --classpath-dir=/system/priv-app/GmsCoreSetupPrebuilt --class-loader-context=PCL[/system/framework/org.apache.http.legacy.boot.jar] --generate-mini-debug-info --compact-dex-level=none --compilation-reason=boot
10-16 01:37:51.985  3369  3369 I dex2oat : dex2oat took 207.558ms (458.787ms cpu) (threads: 4) arena alloc=0B (0B) java alloc=2MB (2543936B) native alloc=2MB (3095192B) free=2MB (2147688B)
10-16 01:37:51.989   521  3246 I system_server: The ClassLoaderContext is a special shared library.
10-16 01:37:51.993   521  3246 I system_server: The ClassLoaderContext is a special shared library.
10-16 01:37:51.993   521  3246 I PackageManager.DexOptimizer: Running dexopt (dexoptNeeded=1) on: /system/priv-app/GoogleRestore/GoogleRestore.apk pkg=com.google.android.apps.restore isa=x86 dexoptFlags=boot_complete,public,enable_hidden_api_checks targetFilter=verify oatDir=null classLoaderContext=PCL[]
10-16 01:37:52.000  3375  3375 W dex2oat : Unexpected CPU variant for X86 using defaults: x86
10-16 01:37:52.000  3375  3375 W dex2oat : Mismatch between dex2oat instruction set features (ISA: X86 Feature string: -ssse3,-sse4.1,-sse4.2,-avx,-avx2,-popcnt) and those of dex2oat executable (ISA: X86 Feature string: ssse3,-sse4.1,-sse4.2,-avx,-avx2,-popcnt) for the command line:
10-16 01:37:52.000  3375  3375 W dex2oat : /system/bin/dex2oat --zip-fd=7 --zip-location=GoogleRestore.apk --input-vdex-fd=-1 --output-vdex-fd=9 --oat-fd=8 --oat-location=/data/dalvik-cache/x86/system@priv-app@GoogleRestore@GoogleRestore.apk@classes.dex --instruction-set=x86 --instruction-set-variant=x86 --instruction-set-features=default --runtime-arg -Xms64m --runtime-arg -Xmx512m --compiler-filter=verify --swap-fd=10 --classpath-dir=/system/priv-app/GoogleRestore --class-loader-context=PCL[] --generate-mini-debug-info --compact-dex-level=none --runtime-arg -Xtarget-sdk-version:29 --runtime-arg -Xhidden-api-checks --compilation-reason=boot
10-16 01:37:52.000  3375  3375 I dex2oat : /system/bin/dex2oat --input-vdex-fd=-1 --output-vdex-fd=9 --compiler-filter=verify --classpath-dir=/system/priv-app/GoogleRestore --class-loader-context=PCL[] --generate-mini-debug-info --compact-dex-level=none --compilation-reason=boot
10-16 01:37:52.013  3375  3375 W dex2oat : This dex file is invalid and will be rejected in the future. Error is: Interface field is not public final static, Lcjz;.b: 1009(public static )
10-16 01:37:52.013  3375  3375 W dex2oat : This dex file is invalid and will be rejected in the future. Error is: Interface field is not public final static, Lix;.a: 1009(public static )
10-16 01:37:52.136  3375  3375 W dex2oat : Accessing hidden method Landroid/view/View;->setTransitionVisibility(I)V (dark greylist, linking)
10-16 01:37:52.137  3375  3377 W dex2oat : Accessing hidden method Landroid/view/View;->setTransitionVisibility(I)V (dark greylist, linking)
10-16 01:37:52.147  3375  3375 I dex2oat : Explicit concurrent copying GC freed 18353(2MB) AllocSpace objects, 0(0B) LOS objects, 97% free, 45KB/1581KB, paused 56us total 5.427ms
10-16 01:37:52.156  3375  3375 I dex2oat : Explicit concurrent copying GC freed 1379(152KB) AllocSpace objects, 0(0B) LOS objects, 97% free, 46KB/1582KB, paused 40us total 1.593ms
10-16 01:37:52.162  3375  3375 I dex2oat : dex2oat took 162.009ms (413.018ms cpu) (threads: 4) arena alloc=0B (0B) java alloc=46KB (47256B) native alloc=3MB (3170448B) free=1511KB (1548144B)
10-16 01:37:52.165   521  3246 I BackgroundDexOptService: Pinning optimized code {com.google.android.carriersetup, com.google.android.ext.services, com.google.android.onetimeinitializer, com.google.android.ext.shared, com.google.android.configupdater, com.android.vending, com.google.android.setupwizard, com.google.android.syncadapters.contacts, com.google.android.packageinstaller, com.google.android.gms, com.google.android.gsf, com.google.android.tts, com.google.android.partnersetup, com.google.android.feedback, com.google.android.syncadapters.calendar, com.google.android.backuptransport, com.google.android.gms.setup, com.google.android.apps.restore}
10-16 01:37:55.192  3032  3383 I chatty  : uid=10071(de.moodpath.android) expire 1 line
10-16 01:37:55.262  3032  3384 I chatty  : uid=10071(de.moodpath.android) expire 2 lines
10-16 01:37:55.890  1331  3387 I Vision  : Requesting optional module download of ocr.
10-16 01:37:55.891  1331  3387 I Vision  : Checking for download completion for 97869 -- ocr
10-16 01:38:05.905  1331  3390 I Vision  : Requesting optional module download of ocr.
10-16 01:38:05.906  1331  3390 I Vision  : Exceeded maximum feature download tries for ocr
10-16 01:38:05.906  1331  3390 W Vision  : Request of optional module download of ocr failed.
10-16 01:38:05.907  1331  3390 I Vision  : Checking for download completion for 107885 -- ocr
10-16 01:38:10.807   549   549 I wifi@1.0-servic: type=1400 audit(0.0:833): avc: denied { write } for scontext=u:r:hal_wifi_default:s0 tcontext=u:r:hal_wifi_default:s0 tclass=netlink_route_socket permissive=1
10-16 01:38:10.807   549   549 I wifi@1.0-servic: type=1400 audit(0.0:834): avc: denied { nlmsg_read } for scontext=u:r:hal_wifi_default:s0 tcontext=u:r:hal_wifi_default:s0 tclass=netlink_route_socket permissive=1
10-16 01:38:10.807   549   549 I wifi@1.0-servic: type=1400 audit(0.0:835): avc: denied { read } for scontext=u:r:hal_wifi_default:s0 tcontext=u:r:hal_wifi_default:s0 tclass=netlink_route_socket permissive=1
10-16 01:38:13.839   378   378 I hostapd : type=1400 audit(0.0:836): avc: denied { net_admin } for capability=12 scontext=u:r:execns:s0 tcontext=u:r:execns:s0 tclass=capability permissive=1
10-16 01:38:15.911   521   560 I ActivityManager: Killing 2378:com.android.cellbroadcastreceiver/u0a11 (adj 906): empty #17
10-16 01:38:15.912   521   572 W libprocessgroup: kill(-2378, 9) failed: No such process
10-16 01:38:15.920  1331  3392 I Vision  : Requesting optional module download of ocr.
10-16 01:38:15.921  1331  3392 I Vision  : Checking for download completion for 117899 -- ocr
10-16 01:38:15.925  1331  3392 E ConfigFileUtils: Failed to read config file: /data/user_de/0/com.google.android.gms/app_chimera/next_container.pb (No such file or directory)
10-16 01:38:15.934   493   493 I Zygote  : Process 2378 exited due to signal (9)
10-16 01:38:15.940  1331  3392 I ModuleSetMgr: Container features not yet downloaded are disabled.
10-16 01:38:15.942  1331  3392 I ModuleSetMgr: Container features not yet downloaded are disabled.
10-16 01:38:15.944  1331  3392 I GmsModuleFndr: Beginning GMS chimera module scan
10-16 01:38:15.945  1331  3392 I ModuleSetMgr: Computing pending module set with APKs: [[AdsFdrDynamite.integ:21460000000], [Cronetdynamite:201817100700], [Dynamiteloader:201817100000], [Dynamitemodulesa:201817100000], [Dynamitemodulesc:201817100000], [Googlecertificates:201817100000], [Mapsdynamite:201817100000], [Measurementdynamite:201817100000]]
10-16 01:38:15.947  1331  3392 I ModuleSetMgr: Pending container module APKs: []
10-16 01:38:15.947  1331  3392 I ModuleSetMgr: Pending non-container module APKs: []
10-16 01:38:15.953   521   572 W libprocessgroup: kill(-2378, 9) failed: No such process
10-16 01:38:15.953   521   572 I libprocessgroup: Successfully killed process cgroup uid 10011 pid 2378 in 41ms
10-16 01:38:15.960  1331  3392 I ChimeraConfigurator: Update complete: success
10-16 01:38:15.961  1331  3392 I ModuleSetMgr: Container features not yet downloaded are disabled.
10-16 01:38:28.025   521   661 W ActivityManager: Unable to start service Intent { act=com.google.android.gms.drive.ApiService.RESET_AFTER_BOOT flg=0x4 cmp=com.google.android.gms/.drive.api.ApiService (has extras) } U=0: not found
10-16 01:38:28.031  1331  3397 I Vision  : Requesting optional module download of ocr.
10-16 01:38:28.032  1331  3397 I Vision  : Checking for download completion for 130010 -- ocr
10-16 01:38:28.196  1089  1807 W GLSUser : [AppCertManager] Failed to get security token.
10-16 01:38:28.196  1089  1807 W GLSUser : java.io.IOException: INVALID_SENDER
10-16 01:38:28.196  1089  1807 W GLSUser : 	at acxs.b(:com.google.android.gms@201817031@20.18.17 (100700-311416286):23)
10-16 01:38:28.196  1089  1807 W GLSUser : 	at acxs.a(:com.google.android.gms@201817031@20.18.17 (100700-311416286):18)
10-16 01:38:28.196  1089  1807 W GLSUser : 	at acxs.a(:com.google.android.gms@201817031@20.18.17 (100700-311416286):11)
10-16 01:38:28.196  1089  1807 W GLSUser : 	at hto.a(:com.google.android.gms@201817031@20.18.17 (100700-311416286):16)
10-16 01:38:28.196  1089  1807 W GLSUser : 	at htm.a(:com.google.android.gms@201817031@20.18.17 (100700-311416286):41)
10-16 01:38:28.196  1089  1807 W GLSUser : 	at hth.a(:com.google.android.gms@201817031@20.18.17 (100700-311416286):0)
10-16 01:38:28.196  1089  1807 W GLSUser : 	at htk.a(:com.google.android.gms@201817031@20.18.17 (100700-311416286):10)
10-16 01:38:28.196  1089  1807 W GLSUser : 	at fyr.call(:com.google.android.gms@201817031@20.18.17 (100700-311416286):5)
10-16 01:38:28.196  1089  1807 W GLSUser : 	at java.util.concurrent.FutureTask.run(FutureTask.java:266)
10-16 01:38:28.196  1089  1807 W GLSUser : 	at sgi.b(:com.google.android.gms@201817031@20.18.17 (100700-311416286):12)
10-16 01:38:28.196  1089  1807 W GLSUser : 	at sgi.run(:com.google.android.gms@201817031@20.18.17 (100700-311416286):7)
10-16 01:38:28.196  1089  1807 W GLSUser : 	at java.util.concurrent.ThreadPoolExecutor.runWorker(ThreadPoolExecutor.java:1167)
10-16 01:38:28.196  1089  1807 W GLSUser : 	at java.util.concurrent.ThreadPoolExecutor$Worker.run(ThreadPoolExecutor.java:641)
10-16 01:38:28.196  1089  1807 W GLSUser : 	at smi.run(:com.google.android.gms@201817031@20.18.17 (100700-311416286):0)
10-16 01:38:28.196  1089  1807 W GLSUser : 	at java.lang.Thread.run(Thread.java:764)
10-16 01:38:28.201  1089  1807 I Auth    : [ReflectiveChannelBinder] Successfully bound channel!
10-16 01:38:28.233  1089  1807 W Conscrypt: Could not set socket write timeout: java.net.SocketException: Socket closed
10-16 01:38:28.233  1089  1807 W Conscrypt: 	at com.google.android.gms.org.conscrypt.Platform.setSocketWriteTimeout(:com.google.android.gms@201817031@20.18.17 (100700-311416286):2)
10-16 01:38:28.233  1089  1807 W Conscrypt: 	at com.google.android.gms.org.conscrypt.ConscryptFileDescriptorSocket.setSoWriteTimeout(:com.google.android.gms@201817031@20.18.17 (100700-311416286):0)
10-16 01:38:28.259  1089  1620 W Conscrypt: Could not set socket write timeout: java.net.SocketException: Socket closed
10-16 01:38:28.259  1089  1620 W Conscrypt: 	at com.google.android.gms.org.conscrypt.Platform.setSocketWriteTimeout(:com.google.android.gms@201817031@20.18.17 (100700-311416286):2)
10-16 01:38:28.259  1089  1620 W Conscrypt: 	at com.google.android.gms.org.conscrypt.ConscryptFileDescriptorSocket.setSoWriteTimeout(:com.google.android.gms@201817031@20.18.17 (100700-311416286):0)
10-16 01:38:28.290  1089  1807 W Conscrypt: Could not set socket write timeout: java.net.SocketException: Socket closed
10-16 01:38:28.290  1089  1807 W Conscrypt: 	at com.google.android.gms.org.conscrypt.Platform.setSocketWriteTimeout(:com.google.android.gms@201817031@20.18.17 (100700-311416286):2)
10-16 01:38:28.290  1089  1807 W Conscrypt: 	at com.google.android.gms.org.conscrypt.ConscryptFileDescriptorSocket.setSoWriteTimeout(:com.google.android.gms@201817031@20.18.17 (100700-311416286):0)
10-16 01:38:28.307  1089  1620 W Conscrypt: Could not set socket write timeout: java.net.SocketException: Socket closed
10-16 01:38:28.308  1089  1620 W Conscrypt: 	at com.google.android.gms.org.conscrypt.Platform.setSocketWriteTimeout(:com.google.android.gms@201817031@20.18.17 (100700-311416286):2)
10-16 01:38:28.309  1089  1620 W Conscrypt: 	at com.google.android.gms.org.conscrypt.ConscryptFileDescriptorSocket.setSoWriteTimeout(:com.google.android.gms@201817031@20.18.17 (100700-311416286):0)
10-16 01:38:28.383  1089  1807 W GLSUser : [AppCertManager] IOException while requesting key: 
10-16 01:38:28.383  1089  1807 W GLSUser : java.io.IOException: Invalid device key response.
10-16 01:38:28.383  1089  1807 W GLSUser : 	at hto.a(:com.google.android.gms@201817031@20.18.17 (100700-311416286):46)
10-16 01:38:28.383  1089  1807 W GLSUser : 	at htm.a(:com.google.android.gms@201817031@20.18.17 (100700-311416286):41)
10-16 01:38:28.383  1089  1807 W GLSUser : 	at hth.a(:com.google.android.gms@201817031@20.18.17 (100700-311416286):0)
10-16 01:38:28.383  1089  1807 W GLSUser : 	at htk.a(:com.google.android.gms@201817031@20.18.17 (100700-311416286):10)
10-16 01:38:28.383  1089  1807 W GLSUser : 	at fyr.call(:com.google.android.gms@201817031@20.18.17 (100700-311416286):5)
10-16 01:38:28.383  1089  1807 W GLSUser : 	at java.util.concurrent.FutureTask.run(FutureTask.java:266)
10-16 01:38:28.383  1089  1807 W GLSUser : 	at sgi.b(:com.google.android.gms@201817031@20.18.17 (100700-311416286):12)
10-16 01:38:28.383  1089  1807 W GLSUser : 	at sgi.run(:com.google.android.gms@201817031@20.18.17 (100700-311416286):7)
10-16 01:38:28.383  1089  1807 W GLSUser : 	at java.util.concurrent.ThreadPoolExecutor.runWorker(ThreadPoolExecutor.java:1167)
10-16 01:38:28.383  1089  1807 W GLSUser : 	at java.util.concurrent.ThreadPoolExecutor$Worker.run(ThreadPoolExecutor.java:641)
10-16 01:38:28.383  1089  1807 W GLSUser : 	at smi.run(:com.google.android.gms@201817031@20.18.17 (100700-311416286):0)
10-16 01:38:28.383  1089  1807 W GLSUser : 	at java.lang.Thread.run(Thread.java:764)
10-16 01:38:28.421  1331  2478 E ConfigFileUtils: Failed to read config file: /data/user_de/0/com.google.android.gms/app_chimera/next_container.pb (No such file or directory)
10-16 01:38:28.428  1331  2478 I ModuleSetMgr: Container features not yet downloaded are disabled.
10-16 01:38:28.433  1331  2478 I ModuleSetMgr: Container features not yet downloaded are disabled.
10-16 01:38:28.446  1227  2871 I Finsky  : [179] afaa.a(34): Module info request for [# avxr@dfd6e3f8] modules from package com.google.android.gms v=201817031 hasAccount:false authEnabled:false
10-16 01:38:28.646  1089  1620 W Conscrypt: Could not set socket write timeout: java.net.SocketException: Socket closed
10-16 01:38:28.646  1089  1620 W Conscrypt: 	at com.google.android.gms.org.conscrypt.Platform.setSocketWriteTimeout(:com.google.android.gms@201817031@20.18.17 (100700-311416286):2)
10-16 01:38:28.646  1089  1620 W Conscrypt: 	at com.google.android.gms.org.conscrypt.ConscryptFileDescriptorSocket.setSoWriteTimeout(:com.google.android.gms@201817031@20.18.17 (100700-311416286):0)
10-16 01:38:28.647  1227  1227 I Finsky  : [2] aezl.a(5): Received response for moduleDelivery with status=1
10-16 01:38:28.652  1331  2478 I ChmraDebugLogger: [54] AdsFdrDynamite.integ_22060100000_2.apk
10-16 01:38:28.665  1331  2478 I GmsModuleFndr: Beginning GMS chimera module scan
10-16 01:38:28.670  1331  2478 I ModuleSetMgr: Computing pending module set with APKs: [[AdsFdrDynamite.integ:21460000000], [Cronetdynamite:201817100700], [Dynamiteloader:201817100000], [Dynamitemodulesa:201817100000], [Dynamitemodulesc:201817100000], [Googlecertificates:201817100000], [Mapsdynamite:201817100000], [Measurementdynamite:201817100000]]
10-16 01:38:28.672  1331  2478 I ModuleSetMgr: Pending container module APKs: []
10-16 01:38:28.672  1331  2478 I ModuleSetMgr: Pending non-container module APKs: []
10-16 01:38:28.677  1331  1768 W bddi    : Request failed for unknown reason, see exception: 
10-16 01:38:28.677  1331  1768 W bddi    : eo: Exception in CronetUrlRequest: net::ERR_PROXY_CONNECTION_FAILED, ErrorCode=11, InternalErrorCode=-130, Retryable=false
10-16 01:38:28.677  1331  1768 W bddi    : 	at org.chromium.net.impl.CronetUrlRequest.onError(:com.google.android.gms.dynamite_cronetdynamite@201817068@20.18.17 (100700-0):4)
10-16 01:38:28.677  1331  1768 I ChmraDebugLogger: [57] AdsFdrDynamite.integ_22060100000_2.apk:UNKNOWN_IO_ERROR:Exception in CronetU
10-16 01:38:28.688  1089  1620 W Conscrypt: Could not set socket write timeout: java.net.SocketException: Socket closed
10-16 01:38:28.688  1089  1620 W Conscrypt: 	at com.google.android.gms.org.conscrypt.Platform.setSocketWriteTimeout(:com.google.android.gms@201817031@20.18.17 (100700-311416286):2)
10-16 01:38:28.688  1089  1620 W Conscrypt: 	at com.google.android.gms.org.conscrypt.ConscryptFileDescriptorSocket.setSoWriteTimeout(:com.google.android.gms@201817031@20.18.17 (100700-311416286):0)
10-16 01:38:28.693  1331  2478 I ChimeraConfigurator: Update complete: success
10-16 01:38:28.696  1331  1768 I ChimeraConfigurator: Update complete: fail
10-16 01:38:28.698  1331  2478 I ModuleSetMgr: Container features not yet downloaded are disabled.
10-16 01:38:28.699  1331  1768 I ChimeraConfigService: Scheduling checkin for one-off execution between [3300,43200] seconds from now (1602826708699)
10-16 01:38:28.704  1331  1768 I ModuleSetMgr: Container features not yet downloaded are disabled.
10-16 01:38:28.704  1331  1768 I ChmraDebugLogger: [55] null
10-16 01:38:28.707  1331  2478 I ChimeraConfigService: Scheduling checkin every 43200 seconds, with flex of 1800 seconds
10-16 01:38:28.727  1331  1768 I TelephonySpam: TelephonySpamChimeraService - Running Telephony Spam Chimera Service
10-16 01:38:28.727  1331  1768 I TelephonySpam: TelephonySpamChimeraService - Cleaning SIP Header local table of old entries
10-16 01:38:28.728  1331  1768 I TelephonySpam: SpamListSync - Call spam module disabled. Skipping cleaning cache sip header table.
10-16 01:38:28.728  1331  1768 I TelephonySpam: TelephonySpamChimeraService - Syncing Call Spam List
10-16 01:38:28.728  1331  1768 I TelephonySpam: SpamListSync - SpamListSyncChimeraService.syncSpamList called with tag: telephonyspam.SpamListSyncOneOffTask, extras: Bundle[{SpamList Type=0, Action=1.0}]
10-16 01:38:28.729  1331  1768 I TelephonySpam: SpamListSync - Call spam module disabled. Skipping spam list syncing.
10-16 01:38:30.447   521  2888 I ActivityManager: START u0 {flg=0x10000000 cmp=de.moodpath.android/androidx.biometric.DeviceCredentialHandlerActivity} from uid 0
10-16 01:38:32.819   521  2888 D WificondControl: Scan result ready event
10-16 01:38:33.572  3428  3428 D vndksupport: Loading /vendor/lib/hw/android.hardware.graphics.mapper@2.0-impl.so from current namespace instead of sphal namespace.
10-16 01:38:33.573  3428  3428 D vndksupport: Loading /vendor/lib/hw/gralloc.vbox86.so from current namespace instead of sphal namespace.
10-16 01:38:33.573  3428  3428 D         : createUnique: call
10-16 01:38:33.573  3428  3428 D         : HostConnection::get() New Host Connection established 0xea120b90, tid 3428
10-16 01:38:33.567   487   487 I local_opengl: type=1400 audit(0.0:837): avc: denied { write } for name="fwmarkd" dev="tmpfs" ino=13657 scontext=u:r:local_opengl:s0 tcontext=u:object_r:fwmarkd_socket:s0 tclass=sock_file permissive=1
10-16 01:38:33.567   487   487 I local_opengl: type=1400 audit(0.0:838): avc: denied { connectto } for path="/dev/socket/fwmarkd" scontext=u:r:local_opengl:s0 tcontext=u:r:netd:s0 tclass=unix_stream_socket permissive=1
10-16 01:38:33.567   492   492 I netd    : type=1400 audit(0.0:839): avc: denied { use } for path="socket:[59702]" dev="sockfs" ino=59702 scontext=u:r:netd:s0 tcontext=u:r:local_opengl:s0 tclass=fd permissive=1
10-16 01:38:33.567   492   492 I netd    : type=1400 audit(0.0:840): avc: denied { read write } for path="socket:[59702]" dev="sockfs" ino=59702 scontext=u:r:netd:s0 tcontext=u:r:local_opengl:s0 tclass=tcp_socket permissive=1
10-16 01:38:33.567   492   492 I netd    : type=1400 audit(0.0:841): avc: denied { getopt } for laddr=192.168.58.101 lport=22468 faddr=192.168.58.1 fport=54848 scontext=u:r:netd:s0 tcontext=u:r:local_opengl:s0 tclass=tcp_socket permissive=1
10-16 01:38:33.567   492   492 I netd    : type=1400 audit(0.0:842): avc: denied { setopt } for laddr=192.168.58.101 lport=22468 faddr=192.168.58.1 fport=54848 scontext=u:r:netd:s0 tcontext=u:r:local_opengl:s0 tclass=tcp_socket permissive=1
10-16 01:38:33.573  3428  3428 D         : HostComposition ext GL_OES_EGL_image_external_essl3 GL_OES_vertex_array_object ANDROID_EMU_gles_max_version_3_1 
10-16 01:38:33.573  3428  3428 W         : Process pipe failed
10-16 01:38:33.573  3428  3428 E eglCodecCommon: goldfish_dma_create_region: could not obtain fd to device! fd -1 errno=2
10-16 01:38:33.923  1406  1406 D MediaScannerReceiver: action: android.intent.action.MEDIA_SCANNER_SCAN_FILE path: /data/local/screen.png
10-16 01:38:33.954   521  2888 I ActivityManager: Force stopping de.moodpath.android appid=10071 user=0: from pid 3439
10-16 01:38:33.954   521  2888 I ActivityManager: Killing 3032:de.moodpath.android/u0a71 (adj 0): stop de.moodpath.android
10-16 01:38:33.954   521   572 W libprocessgroup: kill(-3032, 9) failed: No such process
10-16 01:38:33.955   521  2888 W ActivityManager: Force removing ActivityRecord{4be4574 u0 de.moodpath.android/.feature.chat.onboarding.presentation.OnboardingActivity t7}: app died, no saved state
10-16 01:38:33.963   866   866 D CarrierSvcBindHelper: No carrier app for: 0
10-16 01:38:33.971   555   555 W SurfaceFlinger: couldn't log to binary event log: overflow.
10-16 01:38:33.978   493   493 I Zygote  : Process 3032 exited due to signal (9)
10-16 01:38:33.979   521   584 W ActivityManager: setHasOverlayUi called on unknown pid: 3032
10-16 01:38:33.997   521   572 W libprocessgroup: kill(-3032, 9) failed: No such process
10-16 01:38:33.997   521   572 I libprocessgroup: Successfully killed process cgroup uid 10071 pid 3032 in 43ms
10-16 01:38:34.535   521   721 E TaskPersister: File error accessing recents directory (directory doesn't exist?).
10-16 01:38:38.045  1331  3443 I Vision  : Requesting optional module download of ocr.
10-16 01:38:38.046  1331  3443 I Vision  : Checking for download completion for 140024 -- ocr
10-16 01:38:38.725   521  2280 I ActivityManager: START u0 {flg=0x10000000 cmp=de.moodpath.android/.feature.main.presentation.MainActivity} from uid 0
10-16 01:38:38.751   493   493 I gdbus   : type=1400 audit(0.0:843): avc: denied { sys_nice } for capability=23 scontext=u:r:zygote:s0 tcontext=u:r:zygote:s0 tclass=capability permissive=1
10-16 01:38:38.760  3450  3450 I Zygote  : seccomp disabled by setenforce 0
10-16 01:38:38.761  3450  3450 I chatty  : uid=10071(de.moodpath.android) identical 113 lines
10-16 01:38:38.759   487   487 I local_opengl: type=1400 audit(0.0:844): avc: denied { write } for laddr=192.168.58.101 lport=22468 faddr=192.168.58.1 fport=54710 scontext=u:r:local_opengl:s0 tcontext=u:r:local_opengl:s0 tclass=tcp_socket permissive=1
10-16 01:38:38.759   487   487 I local_opengl: type=1400 audit(0.0:845): avc: denied { read } for laddr=192.168.58.101 lport=22468 faddr=192.168.58.1 fport=54710 scontext=u:r:local_opengl:s0 tcontext=u:r:local_opengl:s0 tclass=tcp_socket permissive=1
10-16 01:38:38.773   521   570 I ActivityManager: Start proc 3450:de.moodpath.android/u0a71 for activity de.moodpath.android/.feature.main.presentation.MainActivity
10-16 01:38:38.876  3450  3481 I chatty  : uid=10071(de.moodpath.android) expire 4 lines
10-16 01:38:38.925   521   560 W BroadcastQueue: Background execution not allowed: receiving Intent { act=android.intent.action.DROPBOX_ENTRY_ADDED flg=0x10 (has extras) } to com.google.android.gms/.stats.service.DropBoxEntryAddedReceiver
10-16 01:38:38.925   521   560 W BroadcastQueue: Background execution not allowed: receiving Intent { act=android.intent.action.DROPBOX_ENTRY_ADDED flg=0x10 (has extras) } to com.google.android.gms/.chimera.GmsIntentOperationService$PersistentTrustedReceiver
10-16 01:38:38.931  3450  3500 I chatty  : uid=10071(de.moodpath.android) expire 3 lines
10-16 01:38:38.939   521   560 W BroadcastQueue: Background execution not allowed: receiving Intent { act=android.intent.action.DROPBOX_ENTRY_ADDED flg=0x10 (has extras) } to com.google.android.gms/.stats.service.DropBoxEntryAddedReceiver
10-16 01:38:38.939   521   560 W BroadcastQueue: Background execution not allowed: receiving Intent { act=android.intent.action.DROPBOX_ENTRY_ADDED flg=0x10 (has extras) } to com.google.android.gms/.chimera.GmsIntentOperationService$PersistentTrustedReceiver
10-16 01:38:38.962   521   560 W BroadcastQueue: Background execution not allowed: receiving Intent { act=android.intent.action.DROPBOX_ENTRY_ADDED flg=0x10 (has extras) } to com.google.android.gms/.stats.service.DropBoxEntryAddedReceiver
10-16 01:38:38.962   521   560 W BroadcastQueue: Background execution not allowed: receiving Intent { act=android.intent.action.DROPBOX_ENTRY_ADDED flg=0x10 (has extras) } to com.google.android.gms/.chimera.GmsIntentOperationService$PersistentTrustedReceiver
10-16 01:38:38.975   521   560 W BroadcastQueue: Background execution not allowed: receiving Intent { act=android.intent.action.DROPBOX_ENTRY_ADDED flg=0x10 (has extras) } to com.google.android.gms/.stats.service.DropBoxEntryAddedReceiver
10-16 01:38:38.975   521   560 W BroadcastQueue: Background execution not allowed: receiving Intent { act=android.intent.action.DROPBOX_ENTRY_ADDED flg=0x10 (has extras) } to com.google.android.gms/.chimera.GmsIntentOperationService$PersistentTrustedReceiver
10-16 01:38:39.013  3450  3450 I chatty  : uid=10071(de.moodpath.android) expire 103 lines
10-16 01:38:39.109  3450  3545 I chatty  : uid=10071(de.moodpath.android) expire 9 lines
10-16 01:38:39.192  3450  3551 I chatty  : uid=10071(de.moodpath.android) expire 22 lines
10-16 01:38:39.197  3450  3550 I chatty  : uid=10071(de.moodpath.android) expire 1 line
10-16 01:38:39.214  3450  3500 I chatty  : uid=10071(de.moodpath.android) expire 1 line
10-16 01:38:39.399   491   491 I batteryd: type=1400 audit(0.0:848): avc: denied { write } for path="/dev/fuse" dev="tmpfs" ino=9381 scontext=u:r:batteryd:s0 tcontext=u:object_r:fuse_device:s0 tclass=chr_file permissive=1
10-16 01:38:39.403   491   491 I batteryd: type=1400 audit(0.0:849): avc: denied { read } for path="/dev/fuse" dev="tmpfs" ino=9381 scontext=u:r:batteryd:s0 tcontext=u:object_r:fuse_device:s0 tclass=chr_file permissive=1
10-16 01:38:39.403   544   544 I health@2.0-serv: type=1400 audit(0.0:850): avc: denied { read } for name="capacity" dev="fuse" ino=8 scontext=u:r:hal_health_default:s0 tcontext=u:object_r:fuse:s0 tclass=file permissive=1
10-16 01:38:39.458  3450  3555 I chatty  : uid=10071(de.moodpath.android) expire 1 line
10-16 01:38:39.461  3450  3557 I chatty  : uid=10071(de.moodpath.android) expire 1 line
10-16 01:38:39.463  3450  3556 I chatty  : uid=10071(de.moodpath.android) expire 1 line
10-16 01:38:39.485  3450  3560 I chatty  : uid=10071(de.moodpath.android) expire 1 line
10-16 01:38:39.504  3450  3568 I chatty  : uid=10071(de.moodpath.android) expire 1 line
10-16 01:38:39.522  3450  3570 I chatty  : uid=10071(de.moodpath.android) expire 1 line
10-16 01:38:39.522  3450  3571 I chatty  : uid=10071(de.moodpath.android) expire 1 line
10-16 01:38:39.547  3450  3572 I chatty  : uid=10071(de.moodpath.android) expire 16 lines
10-16 01:38:39.608  3450  3563 I chatty  : uid=10071(de.moodpath.android) expire 1 line
10-16 01:38:39.806   521   584 I ActivityManager: Displayed de.moodpath.android/.feature.main.presentation.MainActivity: +1s58ms (total +9s345ms)
10-16 01:38:39.811  3450  3587 I chatty  : uid=10071(de.moodpath.android) expire 1 line
10-16 01:38:39.818   521  1128 W ActivityManager: Unable to start service Intent { act=android.support.customtabs.action.CustomTabsService pkg=com.android.chrome } U=0: not found
10-16 01:38:39.966   521   641 E eglCodecCommon: goldfish_dma_create_region: could not obtain fd to device! fd -1 errno=2
10-16 01:38:39.968   555   947 W SurfaceFlinger: Attempting to set client state on removed layer: Splash Screen de.moodpath.android#0
10-16 01:38:39.968   555   947 W SurfaceFlinger: Attempting to destroy on removed layer: Splash Screen de.moodpath.android#0
10-16 01:38:40.001  3450  3585 I chatty  : uid=10071(de.moodpath.android) expire 1 line
10-16 01:38:40.014   521  1128 I ActivityManager: START u0 {cmp=de.moodpath.android/.feature.chat.onboarding.presentation.OnboardingActivity} from uid 10071
10-16 01:38:40.087  3450  3597 I chatty  : uid=10071(de.moodpath.android) expire 1 line
10-16 01:38:40.148  3450  3591 I chatty  : uid=10071(de.moodpath.android) expire 1 line
10-16 01:38:40.223   521   584 I ActivityManager: Displayed de.moodpath.android/.feature.chat.onboarding.presentation.OnboardingActivity: +180ms
10-16 01:38:41.360  3450  3544 I chatty  : uid=10071(de.moodpath.android) expire 1 line
10-16 01:38:41.850  3603  3603 D vndksupport: Loading /vendor/lib/hw/android.hardware.graphics.mapper@2.0-impl.so from current namespace instead of sphal namespace.
10-16 01:38:41.850  3603  3603 D vndksupport: Loading /vendor/lib/hw/gralloc.vbox86.so from current namespace instead of sphal namespace.
10-16 01:38:41.852  3603  3603 D         : createUnique: call
10-16 01:38:41.852  3603  3603 D         : HostConnection::get() New Host Connection established 0xeeca0b90, tid 3603
10-16 01:38:41.847   487   487 I local_opengl: type=1400 audit(0.0:863): avc: denied { connectto } for path="/dev/socket/fwmarkd" scontext=u:r:local_opengl:s0 tcontext=u:r:netd:s0 tclass=unix_stream_socket permissive=1
10-16 01:38:41.853  3603  3603 D         : HostComposition ext GL_OES_EGL_image_external_essl3 GL_OES_vertex_array_object ANDROID_EMU_gles_max_version_3_1 
10-16 01:38:41.853  3603  3603 W         : Process pipe failed
10-16 01:38:41.853  3603  3603 E eglCodecCommon: goldfish_dma_create_region: could not obtain fd to device! fd -1 errno=2
10-16 01:38:42.211  1406  1406 D MediaScannerReceiver: action: android.intent.action.MEDIA_SCANNER_SCAN_FILE path: /data/local/screen.png
10-16 01:38:42.239   521  1729 I ActivityManager: Force stopping de.moodpath.android appid=10071 user=0: from pid 3614
10-16 01:38:42.239   521  1729 I ActivityManager: Killing 3450:de.moodpath.android/u0a71 (adj 0): stop de.moodpath.android
10-16 01:38:42.240   521   572 W libprocessgroup: kill(-3450, 9) failed: No such process
10-16 01:38:42.241   521  1729 W ActivityManager: Force removing ActivityRecord{7f03ae5 u0 de.moodpath.android/.feature.chat.onboarding.presentation.OnboardingActivity t8}: app died, no saved state
10-16 01:38:42.248   866   866 D CarrierSvcBindHelper: No carrier app for: 0
10-16 01:38:42.253   555   555 W SurfaceFlinger: couldn't log to binary event log: overflow.
10-16 01:38:42.262   521   584 W ActivityManager: setHasOverlayUi called on unknown pid: 3450
10-16 01:38:42.263   493   493 I Zygote  : Process 3450 exited due to signal (9)
10-16 01:38:42.266   521  2677 I ActivityManager: START u0 {flg=0x10000000 cmp=de.moodpath.android/.feature.chat.onboarding.presentation.OnboardingActivity} from uid 0
10-16 01:38:42.281   521   572 W libprocessgroup: kill(-3450, 9) failed: No such process
10-16 01:38:42.281   521   572 I libprocessgroup: Successfully killed process cgroup uid 10071 pid 3450 in 41ms
10-16 01:38:42.459   493   493 I gdbus   : type=1400 audit(0.0:864): avc: denied { sys_nice } for capability=23 scontext=u:r:zygote:s0 tcontext=u:r:zygote:s0 tclass=capability permissive=1
10-16 01:38:42.473  3621  3621 I Zygote  : seccomp disabled by setenforce 0
10-16 01:38:42.474  3621  3621 I chatty  : uid=10071(de.moodpath.android) identical 28 lines
10-16 01:38:42.487   521   570 I ActivityManager: Start proc 3621:de.moodpath.android/u0a71 for activity de.moodpath.android/.feature.chat.onboarding.presentation.OnboardingActivity
10-16 01:38:42.555  3621  3652 I chatty  : uid=10071(de.moodpath.android) expire 4 lines
10-16 01:38:42.614  3621  3669 I chatty  : uid=10071(de.moodpath.android) expire 4 lines
10-16 01:38:42.620   521   560 W BroadcastQueue: Background execution not allowed: receiving Intent { act=android.intent.action.DROPBOX_ENTRY_ADDED flg=0x10 (has extras) } to com.google.android.gms/.stats.service.DropBoxEntryAddedReceiver
10-16 01:38:42.620   521   560 W BroadcastQueue: Background execution not allowed: receiving Intent { act=android.intent.action.DROPBOX_ENTRY_ADDED flg=0x10 (has extras) } to com.google.android.gms/.chimera.GmsIntentOperationService$PersistentTrustedReceiver
10-16 01:38:42.628   521   560 W BroadcastQueue: Background execution not allowed: receiving Intent { act=android.intent.action.DROPBOX_ENTRY_ADDED flg=0x10 (has extras) } to com.google.android.gms/.stats.service.DropBoxEntryAddedReceiver
10-16 01:38:42.628   521   560 W BroadcastQueue: Background execution not allowed: receiving Intent { act=android.intent.action.DROPBOX_ENTRY_ADDED flg=0x10 (has extras) } to com.google.android.gms/.chimera.GmsIntentOperationService$PersistentTrustedReceiver
10-16 01:38:42.649   521   560 W BroadcastQueue: Background execution not allowed: receiving Intent { act=android.intent.action.DROPBOX_ENTRY_ADDED flg=0x10 (has extras) } to com.google.android.gms/.stats.service.DropBoxEntryAddedReceiver
10-16 01:38:42.649   521   560 W BroadcastQueue: Background execution not allowed: receiving Intent { act=android.intent.action.DROPBOX_ENTRY_ADDED flg=0x10 (has extras) } to com.google.android.gms/.chimera.GmsIntentOperationService$PersistentTrustedReceiver
10-16 01:38:42.658   521   560 W BroadcastQueue: Background execution not allowed: receiving Intent { act=android.intent.action.DROPBOX_ENTRY_ADDED flg=0x10 (has extras) } to com.google.android.gms/.stats.service.DropBoxEntryAddedReceiver
10-16 01:38:42.658   521   560 W BroadcastQueue: Background execution not allowed: receiving Intent { act=android.intent.action.DROPBOX_ENTRY_ADDED flg=0x10 (has extras) } to com.google.android.gms/.chimera.GmsIntentOperationService$PersistentTrustedReceiver
10-16 01:38:42.669  3621  3621 I chatty  : uid=10071(de.moodpath.android) expire 183 lines
10-16 01:38:42.772  3621  3708 I chatty  : uid=10071(de.moodpath.android) expire 9 lines
10-16 01:38:42.867  3621  3710 I chatty  : uid=10071(de.moodpath.android) expire 4 lines
10-16 01:38:42.893  3621  3621 I chatty  : uid=10071(de.moodpath.android) expire 1 line
10-16 01:38:42.906  3621  3722 I chatty  : uid=10071(de.moodpath.android) expire 1 line
10-16 01:38:42.923   487   487 I local_opengl: type=1400 audit(0.0:866): avc: denied { write } for name="fwmarkd" dev="tmpfs" ino=13657 scontext=u:r:local_opengl:s0 tcontext=u:object_r:fwmarkd_socket:s0 tclass=sock_file permissive=1
10-16 01:38:42.928  3621  3724 I chatty  : uid=10071(de.moodpath.android) expire 16 lines
10-16 01:38:42.998  3621  3714 I chatty  : uid=10071(de.moodpath.android) expire 1 line
10-16 01:38:43.076   521   584 I ActivityManager: Displayed de.moodpath.android/.feature.chat.onboarding.presentation.OnboardingActivity: +629ms
10-16 01:38:43.080   521  2422 W ActivityManager: Unable to start service Intent { act=android.support.customtabs.action.CustomTabsService pkg=com.android.chrome } U=0: not found
10-16 01:38:43.234   521   641 E eglCodecCommon: goldfish_dma_create_region: could not obtain fd to device! fd -1 errno=2
10-16 01:38:43.235   555   576 W SurfaceFlinger: Attempting to set client state on removed layer: Splash Screen de.moodpath.android#0
10-16 01:38:43.235   555   576 W SurfaceFlinger: Attempting to destroy on removed layer: Splash Screen de.moodpath.android#0
10-16 01:38:43.285  3621  3727 I chatty  : uid=10071(de.moodpath.android) expire 1 line
10-16 01:38:43.436  3621  3744 I chatty  : uid=10071(de.moodpath.android) expire 1 line
10-16 01:38:43.979   521   721 E TaskPersister: File error accessing recents directory (directory doesn't exist?).
10-16 01:38:44.035   549   549 I wifi@1.0-servic: type=1400 audit(0.0:867): avc: denied { write } for scontext=u:r:hal_wifi_default:s0 tcontext=u:r:hal_wifi_default:s0 tclass=netlink_route_socket permissive=1
10-16 01:38:44.035   549   549 I wifi@1.0-servic: type=1400 audit(0.0:868): avc: denied { nlmsg_read } for scontext=u:r:hal_wifi_default:s0 tcontext=u:r:hal_wifi_default:s0 tclass=netlink_route_socket permissive=1
10-16 01:38:44.035   549   549 I wifi@1.0-servic: type=1400 audit(0.0:869): avc: denied { read } for scontext=u:r:hal_wifi_default:s0 tcontext=u:r:hal_wifi_default:s0 tclass=netlink_route_socket permissive=1
10-16 01:38:44.897  3621  3709 I chatty  : uid=10071(de.moodpath.android) expire 1 line
10-16 01:38:44.899   487   487 I local_opengl: type=1400 audit(0.0:870): avc: denied { read } for laddr=192.168.58.101 lport=22468 faddr=192.168.58.1 fport=54710 scontext=u:r:local_opengl:s0 tcontext=u:r:local_opengl:s0 tclass=tcp_socket permissive=1
10-16 01:38:44.899   487   487 I local_opengl: type=1400 audit(0.0:871): avc: denied { write } for laddr=192.168.58.101 lport=22468 faddr=192.168.58.1 fport=54710 scontext=u:r:local_opengl:s0 tcontext=u:r:local_opengl:s0 tclass=tcp_socket permissive=1
10-16 01:38:45.460  3749  3749 D vndksupport: Loading /vendor/lib/hw/android.hardware.graphics.mapper@2.0-impl.so from current namespace instead of sphal namespace.
10-16 01:38:45.460  3749  3749 D vndksupport: Loading /vendor/lib/hw/gralloc.vbox86.so from current namespace instead of sphal namespace.
10-16 01:38:45.463  3749  3749 D         : createUnique: call
10-16 01:38:45.463  3749  3749 D         : HostConnection::get() New Host Connection established 0xf0a20b90, tid 3749
10-16 01:38:45.459   487   487 I local_opengl: type=1400 audit(0.0:872): avc: denied { accept } for lport=22468 scontext=u:r:local_opengl:s0 tcontext=u:r:local_opengl:s0 tclass=tcp_socket permissive=1
10-16 01:38:45.459   487   487 I local_opengl: type=1400 audit(0.0:873): avc: denied { getopt } for laddr=192.168.58.101 lport=22468 faddr=192.168.58.1 fport=54878 scontext=u:r:local_opengl:s0 tcontext=u:r:local_opengl:s0 tclass=tcp_socket permissive=1
10-16 01:38:45.459   487   487 I local_opengl: type=1400 audit(0.0:874): avc: denied { setopt } for laddr=192.168.58.101 lport=22468 faddr=192.168.58.1 fport=54878 scontext=u:r:local_opengl:s0 tcontext=u:r:local_opengl:s0 tclass=tcp_socket permissive=1
10-16 01:38:45.464  3749  3749 D         : HostComposition ext GL_OES_EGL_image_external_essl3 GL_OES_vertex_array_object ANDROID_EMU_gles_max_version_3_1 
10-16 01:38:45.464  3749  3749 W         : Process pipe failed
10-16 01:38:45.465  3749  3749 E eglCodecCommon: goldfish_dma_create_region: could not obtain fd to device! fd -1 errno=2
10-16 01:38:45.795  1406  1406 D MediaScannerReceiver: action: android.intent.action.MEDIA_SCANNER_SCAN_FILE path: /data/local/screen.png
10-16 01:38:45.822   521  2677 I ActivityManager: Force stopping de.moodpath.android appid=10071 user=0: from pid 3760
10-16 01:38:45.822   521  2677 I ActivityManager: Killing 3621:de.moodpath.android/u0a71 (adj 0): stop de.moodpath.android
10-16 01:38:45.822   521   572 W libprocessgroup: kill(-3621, 9) failed: No such process
10-16 01:38:45.823   521  2677 W ActivityManager: Force removing ActivityRecord{837ed1a u0 de.moodpath.android/.feature.chat.onboarding.presentation.OnboardingActivity t9}: app died, no saved state
10-16 01:38:45.826   555   947 W SurfaceFlinger: Attempting to destroy on removed layer: AppWindowToken{5e1fa28 token=Token{62a104b ActivityRecord{837ed1a u0 de.moodpath.android/.feature.chat.onboarding.presentation.OnboardingActivity t9}}}#0
10-16 01:38:45.830   866   866 D CarrierSvcBindHelper: No carrier app for: 0
10-16 01:38:45.833   543   596 D hwcomposer: hw_composer sent 48 syncs in 62s
10-16 01:38:45.834   555   555 W SurfaceFlinger: couldn't log to binary event log: overflow.
10-16 01:38:45.846   493   493 I Zygote  : Process 3621 exited due to signal (9)
10-16 01:38:45.846   521   584 W ActivityManager: setHasOverlayUi called on unknown pid: 3621
10-16 01:38:45.848   521  2677 I ActivityManager: START u0 {flg=0x10000000 cmp=de.moodpath.android/.feature.logger.presentation.LogActivity} from uid 0
10-16 01:38:45.865   521   572 W libprocessgroup: kill(-3621, 9) failed: No such process
10-16 01:38:45.865   521   572 I libprocessgroup: Successfully killed process cgroup uid 10071 pid 3621 in 43ms
10-16 01:38:45.946  3767  3767 I Zygote  : seccomp disabled by setenforce 0
10-16 01:38:45.947  3767  3767 I chatty  : uid=10071(de.moodpath.android) identical 158 lines
10-16 01:38:45.952   521   570 I ActivityManager: Start proc 3767:de.moodpath.android/u0a71 for activity de.moodpath.android/.feature.logger.presentation.LogActivity
10-16 01:38:46.050  3767  3799 I chatty  : uid=10071(de.moodpath.android) expire 4 lines
10-16 01:38:46.103  3767  3816 I chatty  : uid=10071(de.moodpath.android) expire 4 lines
10-16 01:38:46.125   521   560 W BroadcastQueue: Background execution not allowed: receiving Intent { act=android.intent.action.DROPBOX_ENTRY_ADDED flg=0x10 (has extras) } to com.google.android.gms/.stats.service.DropBoxEntryAddedReceiver
10-16 01:38:46.125   521   560 W BroadcastQueue: Background execution not allowed: receiving Intent { act=android.intent.action.DROPBOX_ENTRY_ADDED flg=0x10 (has extras) } to com.google.android.gms/.chimera.GmsIntentOperationService$PersistentTrustedReceiver
10-16 01:38:46.142   521   560 W BroadcastQueue: Background execution not allowed: receiving Intent { act=android.intent.action.DROPBOX_ENTRY_ADDED flg=0x10 (has extras) } to com.google.android.gms/.stats.service.DropBoxEntryAddedReceiver
10-16 01:38:46.142   521   560 W BroadcastQueue: Background execution not allowed: receiving Intent { act=android.intent.action.DROPBOX_ENTRY_ADDED flg=0x10 (has extras) } to com.google.android.gms/.chimera.GmsIntentOperationService$PersistentTrustedReceiver
10-16 01:38:46.170   521   560 W BroadcastQueue: Background execution not allowed: receiving Intent { act=android.intent.action.DROPBOX_ENTRY_ADDED flg=0x10 (has extras) } to com.google.android.gms/.stats.service.DropBoxEntryAddedReceiver
10-16 01:38:46.170   521   560 W BroadcastQueue: Background execution not allowed: receiving Intent { act=android.intent.action.DROPBOX_ENTRY_ADDED flg=0x10 (has extras) } to com.google.android.gms/.chimera.GmsIntentOperationService$PersistentTrustedReceiver
10-16 01:38:46.191   521   560 W BroadcastQueue: Background execution not allowed: receiving Intent { act=android.intent.action.DROPBOX_ENTRY_ADDED flg=0x10 (has extras) } to com.google.android.gms/.stats.service.DropBoxEntryAddedReceiver
10-16 01:38:46.191   521   560 W BroadcastQueue: Background execution not allowed: receiving Intent { act=android.intent.action.DROPBOX_ENTRY_ADDED flg=0x10 (has extras) } to com.google.android.gms/.chimera.GmsIntentOperationService$PersistentTrustedReceiver
10-16 01:38:46.202  3767  3767 I chatty  : uid=10071(de.moodpath.android) expire 55 lines
10-16 01:38:46.280  3767  3859 I chatty  : uid=10071(de.moodpath.android) expire 9 lines
10-16 01:38:46.331  3767  3860 I chatty  : uid=10071(de.moodpath.android) expire 2 lines
10-16 01:38:46.375  3767  3867 I chatty  : uid=10071(de.moodpath.android) expire 16 lines
10-16 01:38:46.371   492   492 I netd    : type=1400 audit(0.0:877): avc: denied { use } for path="socket:[60267]" dev="sockfs" ino=60267 scontext=u:r:netd:s0 tcontext=u:r:local_opengl:s0 tclass=fd permissive=1
10-16 01:38:46.464  3767  3864 I chatty  : uid=10071(de.moodpath.android) expire 1 line
10-16 01:38:46.558   521   584 I ActivityManager: Displayed de.moodpath.android/.feature.logger.presentation.LogActivity: +617ms
10-16 01:38:46.563   521  2677 W ActivityManager: Unable to start service Intent { act=android.support.customtabs.action.CustomTabsService pkg=com.android.chrome } U=0: not found
10-16 01:38:46.733   521   641 E eglCodecCommon: goldfish_dma_create_region: could not obtain fd to device! fd -1 errno=2
10-16 01:38:46.735   555   947 W SurfaceFlinger: Attempting to set client state on removed layer: Splash Screen de.moodpath.android#0
10-16 01:38:46.735   555   947 W SurfaceFlinger: Attempting to destroy on removed layer: Splash Screen de.moodpath.android#0
10-16 01:38:46.896  3767  3883 I chatty  : uid=10071(de.moodpath.android) expire 1 line
10-16 01:38:47.029  3767  3887 I chatty  : uid=10071(de.moodpath.android) expire 1 line
10-16 01:38:47.403   491   491 I batteryd: type=1400 audit(0.0:881): avc: denied { write } for path="/dev/fuse" dev="tmpfs" ino=9381 scontext=u:r:batteryd:s0 tcontext=u:object_r:fuse_device:s0 tclass=chr_file permissive=1
10-16 01:38:47.403   491   491 I batteryd: type=1400 audit(0.0:882): avc: denied { read } for path="/dev/fuse" dev="tmpfs" ino=9381 scontext=u:r:batteryd:s0 tcontext=u:object_r:fuse_device:s0 tclass=chr_file permissive=1
10-16 01:38:47.403   544   544 I health@2.0-serv: type=1400 audit(0.0:883): avc: denied { read } for name="capacity" dev="fuse" ino=8 scontext=u:r:hal_health_default:s0 tcontext=u:object_r:fuse:s0 tclass=file permissive=1
10-16 01:38:47.403   544   544 I health@2.0-serv: type=1400 audit(0.0:884): avc: denied { open } for path="/dev/pipe/battery/BAT0/capacity" dev="fuse" ino=8 scontext=u:r:hal_health_default:s0 tcontext=u:object_r:fuse:s0 tclass=file permissive=1
10-16 01:38:47.403   544   544 I health@2.0-serv: type=1400 audit(0.0:885): avc: denied { getattr } for path="/dev/pipe/battery/BAT0/capacity" dev="fuse" ino=8 scontext=u:r:hal_health_default:s0 tcontext=u:object_r:fuse:s0 tclass=file permissive=1
10-16 01:38:47.959  3767  3856 I chatty  : uid=10071(de.moodpath.android) expire 1 line
10-16 01:38:48.055  1331  3509 I Vision  : Requesting optional module download of ocr.
10-16 01:38:48.057  1331  3509 I Vision  : Checking for download completion for 150035 -- ocr
10-16 01:38:48.984  3890  3890 D vndksupport: Loading /vendor/lib/hw/android.hardware.graphics.mapper@2.0-impl.so from current namespace instead of sphal namespace.
10-16 01:38:48.984  3890  3890 D vndksupport: Loading /vendor/lib/hw/gralloc.vbox86.so from current namespace instead of sphal namespace.
10-16 01:38:48.986  3890  3890 D         : createUnique: call
10-16 01:38:48.986  3890  3890 D         : HostConnection::get() New Host Connection established 0xec6a0b90, tid 3890
10-16 01:38:48.987  3890  3890 D         : HostComposition ext GL_OES_EGL_image_external_essl3 GL_OES_vertex_array_object ANDROID_EMU_gles_max_version_3_1 
10-16 01:38:48.987  3890  3890 W         : Process pipe failed
10-16 01:38:48.987  3890  3890 E eglCodecCommon: goldfish_dma_create_region: could not obtain fd to device! fd -1 errno=2
10-16 01:38:49.299  1406  1406 D MediaScannerReceiver: action: android.intent.action.MEDIA_SCANNER_SCAN_FILE path: /data/local/screen.png
10-16 01:38:49.338   521  2677 I ActivityManager: Force stopping de.moodpath.android appid=10071 user=0: from pid 3901
10-16 01:38:49.338   521  2677 I ActivityManager: Killing 3767:de.moodpath.android/u0a71 (adj 0): stop de.moodpath.android
10-16 01:38:49.338   521   572 W libprocessgroup: kill(-3767, 9) failed: No such process
10-16 01:38:49.339   521  2677 W ActivityManager: Force removing ActivityRecord{f28d6ad u0 de.moodpath.android/.feature.logger.presentation.LogActivity t10}: app died, no saved state
10-16 01:38:49.342   555   947 W SurfaceFlinger: Attempting to destroy on removed layer: AppWindowToken{3a3573 token=Token{c9a4de2 ActivityRecord{f28d6ad u0 de.moodpath.android/.feature.logger.presentation.LogActivity t10}}}#0
10-16 01:38:49.349   866   866 D CarrierSvcBindHelper: No carrier app for: 0
10-16 01:38:49.358   493   493 I Zygote  : Process 3767 exited due to signal (9)
10-16 01:38:49.358   521   584 W ActivityManager: setHasOverlayUi called on unknown pid: 3767
10-16 01:38:49.367   521   719 I ActivityManager: START u0 {flg=0x10000000 cmp=de.moodpath.android/.feature.logger.presentation.details.LogDetailsActivity} from uid 0
10-16 01:38:49.381   521   572 W libprocessgroup: kill(-3767, 9) failed: No such process
10-16 01:38:49.381   521   572 I libprocessgroup: Successfully killed process cgroup uid 10071 pid 3767 in 43ms
10-16 01:38:49.439   493   493 I gdbus   : type=1400 audit(0.0:886): avc: denied { sys_nice } for capability=23 scontext=u:r:zygote:s0 tcontext=u:r:zygote:s0 tclass=capability permissive=1
10-16 01:38:49.448  3908  3908 I Zygote  : seccomp disabled by setenforce 0
10-16 01:38:49.449  3908  3908 I chatty  : uid=10071(de.moodpath.android) identical 84 lines
10-16 01:38:49.457   521   570 I ActivityManager: Start proc 3908:de.moodpath.android/u0a71 for activity de.moodpath.android/.feature.logger.presentation.details.LogDetailsActivity
