10-16 01:37:25.219   521  3022 I ActivityManager: START u0 {act=android.intent.action.MAIN cat=[android.intent.category.LAUNCHER] flg=0x10000000 pkg=de.moodpath.android cmp=de.moodpath.android/.feature.main.presentation.MainActivity} from uid 1000
10-16 01:37:25.215   487   487 I local_opengl: type=1400 audit(0.0:792): avc: denied { write } for laddr=192.168.58.101 lport=22468 faddr=192.168.58.1 fport=54710 scontext=u:r:local_opengl:s0 tcontext=u:r:local_opengl:s0 tclass=tcp_socket permissive=1
10-16 01:37:25.215   487   487 I local_opengl: type=1400 audit(0.0:793): avc: denied { read } for laddr=192.168.58.101 lport=22468 faddr=192.168.58.1 fport=54710 scontext=u:r:local_opengl:s0 tcontext=u:r:local_opengl:s0 tclass=tcp_socket permissive=1
10-16 01:37:25.229   521   641 I chatty  : uid=1000(system) android.anim expire 8 lines
10-16 01:37:25.230   493   493 I Zygote  : Process 970 exited due to signal (9)
10-16 01:37:25.233   493   493 I Zygote  : Process 2360 exited due to signal (9)
10-16 01:37:25.252  3032  3032 I Zygote  : seccomp disabled by setenforce 0
10-16 01:37:25.253  3032  3032 I chatty  : uid=10071(de.moodpath.android) identical 14 lines
10-16 01:37:25.259   521   570 I ActivityManager: Start proc 3032:de.moodpath.android/u0a71 for activity de.moodpath.android/.feature.main.presentation.MainActivity
10-16 01:37:25.282   172   172 I SELinux : avc:  received policyload notice (seqno=2)
10-16 01:37:25.283   521   521 I chatty  : uid=1000 system_server expire 2 lines
10-16 01:37:25.283   487   487 I local_opengl: type=1400 audit(0.0:796): avc: denied { accept } for lport=22468 scontext=u:r:local_opengl:s0 tcontext=u:r:local_opengl:s0 tclass=tcp_socket permissive=1
10-16 01:37:25.333  3032  3067 I chatty  : uid=10071(de.moodpath.android) expire 4 lines
10-16 01:37:25.341  3032  3072 I chatty  : uid=10071(de.moodpath.android) expire 1 line
10-16 01:37:25.361   521  3082 I chatty  : uid=1000(system) RenderThread expire 18 lines
10-16 01:37:25.367  3032  3088 I chatty  : uid=10071(de.moodpath.android) expire 1 line
10-16 01:37:25.379   221   221 I SELinux : avc:  received policyload notice (seqno=2)
10-16 01:37:25.382   221   221 I keystore: del USRPKEY__androidx_security_master_key_ 10071
10-16 01:37:25.382   221   221 I keystore: del USRCERT__androidx_security_master_key_ 10071
10-16 01:37:25.382   221   221 I keystore: del CACERT__androidx_security_master_key_ 10071
10-16 01:37:25.396   521   560 W BroadcastQueue: Background execution not allowed: receiving Intent { act=android.intent.action.DROPBOX_ENTRY_ADDED flg=0x10 (has extras) } to com.google.android.gms/.stats.service.DropBoxEntryAddedReceiver
10-16 01:37:25.396   521   560 W BroadcastQueue: Background execution not allowed: receiving Intent { act=android.intent.action.DROPBOX_ENTRY_ADDED flg=0x10 (has extras) } to com.google.android.gms/.chimera.GmsIntentOperationService$PersistentTrustedReceiver
10-16 01:37:25.407  3032  3080 I chatty  : uid=10071(de.moodpath.android) expire 4 lines
10-16 01:37:25.422   521   560 W BroadcastQueue: Background execution not allowed: receiving Intent { act=android.intent.action.DROPBOX_ENTRY_ADDED flg=0x10 (has extras) } to com.google.android.gms/.stats.service.DropBoxEntryAddedReceiver
10-16 01:37:25.422   521   560 W BroadcastQueue: Background execution not allowed: receiving Intent { act=android.intent.action.DROPBOX_ENTRY_ADDED flg=0x10 (has extras) } to com.google.android.gms/.chimera.GmsIntentOperationService$PersistentTrustedReceiver
10-16 01:37:25.454   521   560 W BroadcastQueue: Background execution not allowed: receiving Intent { act=android.intent.action.DROPBOX_ENTRY_ADDED flg=0x10 (has extras) } to com.google.android.gms/.stats.service.DropBoxEntryAddedReceiver
10-16 01:37:25.454   521   560 W BroadcastQueue: Background execution not allowed: receiving Intent { act=android.intent.action.DROPBOX_ENTRY_ADDED flg=0x10 (has extras) } to com.google.android.gms/.chimera.GmsIntentOperationService$PersistentTrustedReceiver
10-16 01:37:25.484   521   560 W BroadcastQueue: Background execution not allowed: receiving Intent { act=android.intent.action.DROPBOX_ENTRY_ADDED flg=0x10 (has extras) } to com.google.android.gms/.stats.service.DropBoxEntryAddedReceiver
10-16 01:37:25.488   521   560 W BroadcastQueue: Background execution not allowed: receiving Intent { act=android.intent.action.DROPBOX_ENTRY_ADDED flg=0x10 (has extras) } to com.google.android.gms/.chimera.GmsIntentOperationService$PersistentTrustedReceiver
10-16 01:37:25.490  3032  3047 I chatty  : uid=10071(de.moodpath.android) expire 2 lines
10-16 01:37:25.494   221   221 I keystore: del USRPKEY_MoodpathKeyAlias 10071
10-16 01:37:25.494   221   221 I keystore: del USRCERT_MoodpathKeyAlias 10071
10-16 01:37:25.494   221   221 I keystore: del CACERT_MoodpathKeyAlias 10071
10-16 01:37:25.500   521   560 W BroadcastQueue: Background execution not allowed: receiving Intent { act=android.intent.action.DROPBOX_ENTRY_ADDED flg=0x10 (has extras) } to com.google.android.gms/.stats.service.DropBoxEntryAddedReceiver
10-16 01:37:25.500   521   560 W BroadcastQueue: Background execution not allowed: receiving Intent { act=android.intent.action.DROPBOX_ENTRY_ADDED flg=0x10 (has extras) } to com.google.android.gms/.chimera.GmsIntentOperationService$PersistentTrustedReceiver
10-16 01:37:25.521   521   560 W BroadcastQueue: Background execution not allowed: receiving Intent { act=android.intent.action.DROPBOX_ENTRY_ADDED flg=0x10 (has extras) } to com.google.android.gms/.stats.service.DropBoxEntryAddedReceiver
10-16 01:37:25.521   521   560 W BroadcastQueue: Background execution not allowed: receiving Intent { act=android.intent.action.DROPBOX_ENTRY_ADDED flg=0x10 (has extras) } to com.google.android.gms/.chimera.GmsIntentOperationService$PersistentTrustedReceiver
10-16 01:37:25.545   521   560 W BroadcastQueue: Background execution not allowed: receiving Intent { act=android.intent.action.DROPBOX_ENTRY_ADDED flg=0x10 (has extras) } to com.google.android.gms/.stats.service.DropBoxEntryAddedReceiver
10-16 01:37:25.545   521   560 W BroadcastQueue: Background execution not allowed: receiving Intent { act=android.intent.action.DROPBOX_ENTRY_ADDED flg=0x10 (has extras) } to com.google.android.gms/.chimera.GmsIntentOperationService$PersistentTrustedReceiver
10-16 01:37:25.557   521   560 W BroadcastQueue: Background execution not allowed: receiving Intent { act=android.intent.action.DROPBOX_ENTRY_ADDED flg=0x10 (has extras) } to com.google.android.gms/.stats.service.DropBoxEntryAddedReceiver
10-16 01:37:25.557   521   560 W BroadcastQueue: Background execution not allowed: receiving Intent { act=android.intent.action.DROPBOX_ENTRY_ADDED flg=0x10 (has extras) } to com.google.android.gms/.chimera.GmsIntentOperationService$PersistentTrustedReceiver
10-16 01:37:25.571   521   560 W BroadcastQueue: Background execution not allowed: receiving Intent { act=android.intent.action.DROPBOX_ENTRY_ADDED flg=0x10 (has extras) } to com.google.android.gms/.stats.service.DropBoxEntryAddedReceiver
10-16 01:37:25.571   521   560 W BroadcastQueue: Background execution not allowed: receiving Intent { act=android.intent.action.DROPBOX_ENTRY_ADDED flg=0x10 (has extras) } to com.google.android.gms/.chimera.GmsIntentOperationService$PersistentTrustedReceiver
10-16 01:37:25.578   521   560 W BroadcastQueue: Background execution not allowed: receiving Intent { act=android.intent.action.DROPBOX_ENTRY_ADDED flg=0x10 (has extras) } to com.google.android.gms/.stats.service.DropBoxEntryAddedReceiver
10-16 01:37:25.579   521   560 W BroadcastQueue: Background execution not allowed: receiving Intent { act=android.intent.action.DROPBOX_ENTRY_ADDED flg=0x10 (has extras) } to com.google.android.gms/.chimera.GmsIntentOperationService$PersistentTrustedReceiver
10-16 01:37:25.598  3032  3032 I chatty  : uid=10071(de.moodpath.android) expire 207 lines
10-16 01:37:25.689  3032  3136 I chatty  : uid=10071(de.moodpath.android) expire 82 lines
10-16 01:37:25.720  3032  3142 I chatty  : uid=10071(de.moodpath.android) expire 9 lines
10-16 01:37:25.836  1331  3101 I Vision  : Requesting optional module download of ocr.
10-16 01:37:25.836  1331  3101 I Vision  : Checking for download completion for 67814 -- ocr
10-16 01:37:25.888  3032  3132 I chatty  : uid=10071(de.moodpath.android) expire 1 line
10-16 01:37:25.922  1331  2478 I GCM-GMS : Registering GMS for direct boot.
10-16 01:37:25.935  3032  3161 I chatty  : uid=10071(de.moodpath.android) expire 1 line
10-16 01:37:26.191  1331  2478 I GCM-GMS : Got GMS direct boot token.
10-16 01:37:26.199  3032  3164 I chatty  : uid=10071(de.moodpath.android) expire 1 line
10-16 01:37:26.200  3032  3165 I chatty  : uid=10071(de.moodpath.android) expire 1 line
10-16 01:37:26.203  3032  3166 I chatty  : uid=10071(de.moodpath.android) expire 1 line
10-16 01:37:26.215   521   911 D SettingsProvider: Overriding Ssaid generation for package de.moodpath.android
10-16 01:37:26.221   521   911 W ActivityManager: Permission Denial: Accessing service ComponentInfo{com.android.vending/com.google.android.finsky.externalreferrer.GetInstallReferrerService} from pid=3032, uid=10071 requires com.google.android.finsky.permission.BIND_GET_INSTALL_REFERRER_SERVICE
10-16 01:37:26.231  3032  3170 I chatty  : uid=10071(de.moodpath.android) expire 1 line
10-16 01:37:26.237  3032  3174 I chatty  : uid=10071(de.moodpath.android) expire 1 line
10-16 01:37:26.259  3032  3177 I chatty  : uid=10071(de.moodpath.android) expire 1 line
10-16 01:37:26.260  3032  3176 I chatty  : uid=10071(de.moodpath.android) expire 1 line
10-16 01:37:26.289  3032  3178 I chatty  : uid=10071(de.moodpath.android) expire 16 lines
10-16 01:37:26.340  1089  1455 W Conscrypt: Could not set socket write timeout: java.net.SocketException: Socket closed
10-16 01:37:26.340  1089  1455 W Conscrypt: 	at com.google.android.gms.org.conscrypt.Platform.setSocketWriteTimeout(:com.google.android.gms@201817031@20.18.17 (100700-311416286):2)
10-16 01:37:26.340  1089  1455 W Conscrypt: 	at com.google.android.gms.org.conscrypt.ConscryptFileDescriptorSocket.setSoWriteTimeout(:com.google.android.gms@201817031@20.18.17 (100700-311416286):0)
10-16 01:37:26.377  1089  1455 W Conscrypt: Could not set socket write timeout: java.net.SocketException: Socket closed
10-16 01:37:26.377  1089  1455 W Conscrypt: 	at com.google.android.gms.org.conscrypt.Platform.setSocketWriteTimeout(:com.google.android.gms@201817031@20.18.17 (100700-311416286):2)
10-16 01:37:26.377  1089  1455 W Conscrypt: 	at com.google.android.gms.org.conscrypt.ConscryptFileDescriptorSocket.setSoWriteTimeout(:com.google.android.gms@201817031@20.18.17 (100700-311416286):0)
10-16 01:37:26.538   521   584 I chatty  : uid=1000(system) android.display expire 2 lines
10-16 01:37:26.541  3032  3116 I chatty  : uid=10071(de.moodpath.android) expire 2 lines
10-16 01:37:26.542  3032  3124 I chatty  : uid=10071(de.moodpath.android) expire 1 line
10-16 01:37:26.545  3032  3186 I chatty  : uid=10071(de.moodpath.android) expire 1 line
10-16 01:37:26.637  1227  1446 I Finsky  : [140] ackv.a(16): Package com.google.android.gms is verified.
10-16 01:37:26.656  1331  3189 E FA-SVC  : Service response is missing Install Referrer install timestamp
10-16 01:37:26.707  3032  3071 I chatty  : uid=10071(de.moodpath.android) expire 1 line
10-16 01:37:26.710   555   947 W SurfaceFlinger: Attempting to set client state on removed layer: Splash Screen de.moodpath.android#0
10-16 01:37:26.710   555   947 W SurfaceFlinger: Attempting to destroy on removed layer: Splash Screen de.moodpath.android#0
10-16 01:37:26.711  3032  3072 I chatty  : uid=10071(de.moodpath.android) expire 1 line
10-16 01:37:28.155  3032  3210 I chatty  : uid=10071(de.moodpath.android) expire 1 line
10-16 01:37:28.210   521  2888 I ActivityManager: START u0 {cmp=de.moodpath.android/.feature.chat.onboarding.presentation.OnboardingActivity} from uid 10071
10-16 01:37:28.541  3032  3213 I chatty  : uid=10071(de.moodpath.android) expire 1 line
10-16 01:37:28.808   521   721 E TaskPersister: File error accessing recents directory (directory doesn't exist?).
10-16 01:37:29.399   544   544 I health@2.0-serv: type=1400 audit(0.0:818): avc: denied { read } for name="capacity" dev="fuse" ino=8 scontext=u:r:hal_health_default:s0 tcontext=u:object_r:fuse:s0 tclass=file permissive=1
10-16 01:37:29.399   544   544 I health@2.0-serv: type=1400 audit(0.0:819): avc: denied { open } for path="/dev/pipe/battery/BAT0/capacity" dev="fuse" ino=8 scontext=u:r:hal_health_default:s0 tcontext=u:object_r:fuse:s0 tclass=file permissive=1
10-16 01:37:29.403   544   544 I health@2.0-serv: type=1400 audit(0.0:820): avc: denied { getattr } for path="/dev/pipe/battery/BAT0/capacity" dev="fuse" ino=8 scontext=u:r:hal_health_default:s0 tcontext=u:object_r:fuse:s0 tclass=file permissive=1
10-16 01:37:29.425   521  2888 I chatty  : uid=1000(system) Binder:521_16 expire 1 line
10-16 01:37:30.311  3032  3220 I chatty  : uid=10071(de.moodpath.android) expire 1 line
10-16 01:37:31.403   491   491 I batteryd: type=1400 audit(0.0:821): avc: denied { write } for path="/dev/fuse" dev="tmpfs" ino=9381 scontext=u:r:batteryd:s0 tcontext=u:object_r:fuse_device:s0 tclass=chr_file permissive=1
10-16 01:37:31.403   491   491 I batteryd: type=1400 audit(0.0:822): avc: denied { read } for path="/dev/fuse" dev="tmpfs" ino=9381 scontext=u:r:batteryd:s0 tcontext=u:object_r:fuse_device:s0 tclass=chr_file permissive=1
10-16 01:37:31.560   521   529 I chatty  : uid=1000(system) FinalizerDaemon expire 1 line
10-16 01:37:31.700  1227  1238 W JavaBinder: BinderProxy is being destroyed but the application did not call unlinkToDeath to unlink all of its death recipients beforehand.  Releasing leaked death recipient: aotg
10-16 01:37:32.101  3032  3229 I chatty  : uid=10071(de.moodpath.android) expire 1 line
10-16 01:37:32.169   521  2888 W ActivityManager: Unable to start service Intent { act=android.support.customtabs.action.CustomTabsService pkg=com.android.chrome } U=0: not found
10-16 01:37:32.279   521   721 E TaskPersister: File error accessing recents directory (directory doesn't exist?).
10-16 01:37:32.687   521   560 I ActivityManager: Killing 1537:com.android.calendar/u0a57 (adj 906): empty #17
10-16 01:37:32.688   521   572 I chatty  : uid=1000(system) ActivityManager expire 3 lines
10-16 01:37:32.705   493   493 I Zygote  : Process 1537 exited due to signal (9)
10-16 01:37:34.039   228   228 I storaged: type=1400 audit(0.0:823): avc: denied { read } for name="stat" dev="sysfs" ino=8659 scontext=u:r:storaged:s0 tcontext=u:object_r:sysfs:s0 tclass=file permissive=1
10-16 01:37:34.039   228   228 I storaged: type=1400 audit(0.0:824): avc: denied { open } for path="/sys/devices/pci0000:00/0000:00:01.1/ata1/host0/target0:0:0/0:0:0:0/block/sda/stat" dev="sysfs" ino=8659 scontext=u:r:storaged:s0 tcontext=u:object_r:sysfs:s0 tclass=file permissive=1
10-16 01:37:34.039   228   228 I storaged: type=1400 audit(0.0:825): avc: denied { getattr } for path="/sys/devices/pci0000:00/0000:00:01.1/ata1/host0/target0:0:0/0:0:0:0/block/sda/stat" dev="sysfs" ino=8659 scontext=u:r:storaged:s0 tcontext=u:object_r:sysfs:s0 tclass=file permissive=1
10-16 01:37:35.852  1331  3236 I Vision  : Requesting optional module download of ocr.
10-16 01:37:35.852  1331  3236 I Vision  : Checking for download completion for 77830 -- ocr
10-16 01:37:40.832  1227  1300 I Finsky  : [87] kqp.run(3): Stats for Executor: BlockingExecutor kso@91dcf27[Running, pool size = 3, active threads = 0, queued tasks = 0, completed tasks = 29]
10-16 01:37:40.832  1227  1300 I Finsky  : [87] kqp.run(3): Stats for Executor: LightweightExecutor kso@5f945d4[Running, pool size = 3, active threads = 0, queued tasks = 0, completed tasks = 306]
10-16 01:37:41.254  1227  1300 I Finsky  : [87] kqp.run(3): Stats for Executor: bgExecutor kso@461837d[Running, pool size = 4, active threads = 0, queued tasks = 0, completed tasks = 617]
10-16 01:37:43.628   521   677 I chatty  : uid=1000(system) WifiStateMachin expire 2 lines
10-16 01:37:43.742   492  2035 W DnsTlsSocket: SSL_connect error 5, errno=111
10-16 01:37:43.742   492  2035 E DnsTlsSocket: Failed to increment eventfd by -9223372036854775808
10-16 01:37:43.743   492  2034 W DnsTlsSocket: SSL_connect error 5, errno=111
10-16 01:37:43.743   492  2034 E DnsTlsSocket: Failed to increment eventfd by -9223372036854775808
10-16 01:37:43.859   214   214 I redis   : type=1400 audit(0.0:826): avc: denied { read } for path="socket:[12064]" dev="sockfs" ino=12064 scontext=u:r:redis:s0 tcontext=u:r:redis:s0 tclass=tcp_socket permissive=1
10-16 01:37:43.859   214   214 I redis   : type=1400 audit(0.0:827): avc: denied { write } for path="socket:[12064]" dev="sockfs" ino=12064 scontext=u:r:redis:s0 tcontext=u:r:redis:s0 tclass=tcp_socket permissive=1
10-16 01:37:43.859   557   557 I vinput  : type=1400 audit(0.0:828): avc: denied { read } for path="socket:[14315]" dev="sockfs" ino=14315 scontext=u:r:vinput:s0 tcontext=u:r:vinput:s0 tclass=tcp_socket permissive=1
10-16 01:37:43.859   557   557 I vinput  : type=1400 audit(0.0:829): avc: denied { write } for path="/dev/uinput" dev="tmpfs" ino=9384 scontext=u:r:vinput:s0 tcontext=u:object_r:uhid_device:s0 tclass=chr_file permissive=1
10-16 01:37:43.873   543   596 D hwcomposer: hw_composer sent 114 syncs in 68s
10-16 01:37:43.909   521   687 I chatty  : uid=1000(system) AudioService expire 1 line
10-16 01:37:45.521  1460  2414 I Dialer  : OmtpVvmCarrierCfgHlpr - OmtpEvent:CONFIG_STATUS_SMS_TIME_OUT
10-16 01:37:45.522  1460  1460 I Dialer  : RetryPolicy - discarding deferred status: configuration_state=4
10-16 01:37:45.525  1460  1460 I Dialer  : VvmTaskExecutor - no more tasks, stopping service if no task are added in 5000 millis
10-16 01:37:45.527  1460  1460 I Dialer  : VvmTaskReceiver - task received
10-16 01:37:45.528  1460  1460 I Dialer  : VvmTaskReceiver - TaskExecutor already running
10-16 01:37:45.528  1460  1460 I Dialer  : Task.createTask - create task:com.android.voicemail.impl.ActivationTask
10-16 01:37:45.528  1460  1460 I Dialer  : RetryPolicy - retry #1 for com.android.voicemail.impl.ActivationTask@69cb579 queued, executing in 5000
10-16 01:37:45.529  1460  1460 I Dialer  : VvmTaskExecutor - com.android.voicemail.impl.ActivationTask@69cb579 added
10-16 01:37:45.530  1460  1460 I Dialer  : VvmTaskExecutor - minimal wait time:4999
10-16 01:37:45.530  1460  1460 I Dialer  : VvmTaskExecutor - sleep for 4999 millis
10-16 01:37:45.872  1331  3245 I Vision  : Requesting optional module download of ocr.
10-16 01:37:45.872  1331  3245 I Vision  : Checking for download completion for 87851 -- ocr
10-16 01:37:45.879   521  3246 I chatty  : uid=1000 system_server expire 97 lines
10-16 01:37:45.893  3247  3247 W dex2oat : Unexpected CPU variant for X86 using defaults: x86
10-16 01:37:45.893  3247  3247 W dex2oat : Mismatch between dex2oat instruction set features (ISA: X86 Feature string: -ssse3,-sse4.1,-sse4.2,-avx,-avx2,-popcnt) and those of dex2oat executable (ISA: X86 Feature string: ssse3,-sse4.1,-sse4.2,-avx,-avx2,-popcnt) for the command line:
10-16 01:37:45.893  3247  3247 W dex2oat : /system/bin/dex2oat --zip-fd=7 --zip-location=CarrierSetup.apk --input-vdex-fd=-1 --output-vdex-fd=9 --oat-fd=8 --oat-location=/data/dalvik-cache/x86/system@priv-app@CarrierSetup@CarrierSetup.apk@classes.dex --instruction-set=x86 --instruction-set-variant=x86 --instruction-set-features=default --runtime-arg -Xms64m --runtime-arg -Xmx512m --compiler-filter=verify --swap-fd=10 --classpath-dir=/system/priv-app/CarrierSetup --class-loader-context=PCL[] --generate-mini-debug-info --compact-dex-level=none --runtime-arg -Xtarget-sdk-version:28 --compilation-reason=boot
10-16 01:37:45.893  3247  3247 I dex2oat : /system/bin/dex2oat --input-vdex-fd=-1 --output-vdex-fd=9 --compiler-filter=verify --classpath-dir=/system/priv-app/CarrierSetup --class-loader-context=PCL[] --generate-mini-debug-info --compact-dex-level=none --compilation-reason=boot
10-16 01:37:45.895  3247  3247 W dex2oat : Could not reserve sentinel fault page
10-16 01:37:45.922  3247  3247 I dex2oat : dex2oat took 31.170ms (34.600ms cpu) (threads: 4) arena alloc=0B (0B) java alloc=247KB (253016B) native alloc=1749KB (1791280B) free=1834KB (1878736B)
10-16 01:37:45.933  3252  3252 W dex2oat : Unexpected CPU variant for X86 using defaults: x86
10-16 01:37:45.933  3252  3252 W dex2oat : Mismatch between dex2oat instruction set features (ISA: X86 Feature string: -ssse3,-sse4.1,-sse4.2,-avx,-avx2,-popcnt) and those of dex2oat executable (ISA: X86 Feature string: ssse3,-sse4.1,-sse4.2,-avx,-avx2,-popcnt) for the command line:
10-16 01:37:45.933  3252  3252 W dex2oat : /system/bin/dex2oat --zip-fd=7 --zip-location=GoogleExtServices.apk --input-vdex-fd=-1 --output-vdex-fd=9 --oat-fd=8 --oat-location=/data/dalvik-cache/x86/system@priv-app@GoogleExtServices@GoogleExtServices.apk@classes.dex --instruction-set=x86 --instruction-set-variant=x86 --instruction-set-features=default --runtime-arg -Xms64m --runtime-arg -Xmx512m --compiler-filter=verify --swap-fd=10 --classpath-dir=/system/priv-app/GoogleExtServices --class-loader-context=PCL[] --generate-mini-debug-info --compact-dex-level=none --runtime-arg -Xtarget-sdk-version:28 --compilation-reason=boot
10-16 01:37:45.933  3252  3252 I dex2oat : /system/bin/dex2oat --input-vdex-fd=-1 --output-vdex-fd=9 --compiler-filter=verify --classpath-dir=/system/priv-app/GoogleExtServices --class-loader-context=PCL[] --generate-mini-debug-info --compact-dex-level=none --compilation-reason=boot
10-16 01:37:45.951  3252  3252 I dex2oat : dex2oat took 18.477ms (14.220ms cpu) (threads: 4) arena alloc=0B (0B) java alloc=76KB (78808B) native alloc=1785KB (1828720B) free=774KB (792720B)
10-16 01:37:45.969  3257  3257 W dex2oat : Unexpected CPU variant for X86 using defaults: x86
10-16 01:37:45.969  3257  3257 W dex2oat : Mismatch between dex2oat instruction set features (ISA: X86 Feature string: -ssse3,-sse4.1,-sse4.2,-avx,-avx2,-popcnt) and those of dex2oat executable (ISA: X86 Feature string: ssse3,-sse4.1,-sse4.2,-avx,-avx2,-popcnt) for the command line:
10-16 01:37:45.969  3257  3257 W dex2oat : /system/bin/dex2oat --zip-fd=7 --zip-location=GoogleOneTimeInitializer.apk --input-vdex-fd=-1 --output-vdex-fd=9 --oat-fd=8 --oat-location=/data/dalvik-cache/x86/system@priv-app@GoogleOneTimeInitializer@GoogleOneTimeInitializer.apk@classes.dex --instruction-set=x86 --instruction-set-variant=x86 --instruction-set-features=default --runtime-arg -Xms64m --runtime-arg -Xmx512m --compiler-filter=verify --swap-fd=10 --classpath-dir=/system/priv-app/GoogleOneTimeInitializer --class-loader-context=PCL[] --generate-mini-debug-info --compact-dex-level=none --runtime-arg -Xtarget-sdk-version:28 --compilation-reason=boot
10-16 01:37:45.969  3257  3257 I dex2oat : /system/bin/dex2oat --input-vdex-fd=-1 --output-vdex-fd=9 --compiler-filter=verify --classpath-dir=/system/priv-app/GoogleOneTimeInitializer --class-loader-context=PCL[] --generate-mini-debug-info --compact-dex-level=none --compilation-reason=boot
10-16 01:37:46.008  3257  3257 I dex2oat : dex2oat took 39.251ms (73.559ms cpu) (threads: 4) arena alloc=0B (0B) java alloc=312KB (320432B) native alloc=2MB (2283632B) free=1353KB (1386384B)
10-16 01:37:46.018  3262  3262 W dex2oat : Unexpected CPU variant for X86 using defaults: x86
10-16 01:37:46.018  3262  3262 W dex2oat : Mismatch between dex2oat instruction set features (ISA: X86 Feature string: -ssse3,-sse4.1,-sse4.2,-avx,-avx2,-popcnt) and those of dex2oat executable (ISA: X86 Feature string: ssse3,-sse4.1,-sse4.2,-avx,-avx2,-popcnt) for the command line:
10-16 01:37:46.018  3262  3262 W dex2oat : /system/bin/dex2oat --zip-fd=7 --zip-location=GoogleExtShared.apk --input-vdex-fd=-1 --output-vdex-fd=9 --oat-fd=8 --oat-location=/data/dalvik-cache/x86/system@app@GoogleExtShared@GoogleExtShared.apk@classes.dex --instruction-set=x86 --instruction-set-variant=x86 --instruction-set-features=default --runtime-arg -Xms64m --runtime-arg -Xmx512m --compiler-filter=verify --swap-fd=10 --classpath-dir=/system/app/GoogleExtShared --class-loader-context=PCL[] --generate-mini-debug-info --compact-dex-level=none --runtime-arg -Xtarget-sdk-version:28 --runtime-arg -Xhidden-api-checks --compilation-reason=boot
10-16 01:37:46.018  3262  3262 I dex2oat : /system/bin/dex2oat --input-vdex-fd=-1 --output-vdex-fd=9 --compiler-filter=verify --classpath-dir=/system/app/GoogleExtShared --class-loader-context=PCL[] --generate-mini-debug-info --compact-dex-level=none --compilation-reason=boot
10-16 01:37:46.043  3262  3262 I dex2oat : dex2oat took 25.973ms (10.665ms cpu) (threads: 4) arena alloc=0B (0B) java alloc=64KB (65552B) native alloc=1264KB (1295152B) free=1295KB (1326288B)
10-16 01:37:46.062  3268  3268 W dex2oat : Unexpected CPU variant for X86 using defaults: x86
10-16 01:37:46.062  3268  3268 W dex2oat : Mismatch between dex2oat instruction set features (ISA: X86 Feature string: -ssse3,-sse4.1,-sse4.2,-avx,-avx2,-popcnt) and those of dex2oat executable (ISA: X86 Feature string: ssse3,-sse4.1,-sse4.2,-avx,-avx2,-popcnt) for the command line:
10-16 01:37:46.062  3268  3268 W dex2oat : /system/bin/dex2oat --zip-fd=7 --zip-location=ConfigUpdater.apk --input-vdex-fd=-1 --output-vdex-fd=9 --oat-fd=8 --oat-location=/data/dalvik-cache/x86/system@priv-app@ConfigUpdater@ConfigUpdater.apk@classes.dex --instruction-set=x86 --instruction-set-variant=x86 --instruction-set-features=default --runtime-arg -Xms64m --runtime-arg -Xmx512m --compiler-filter=verify --swap-fd=10 --classpath-dir=/system/priv-app/ConfigUpdater --class-loader-context=PCL[/system/framework/org.apache.http.legacy.boot.jar] --generate-mini-debug-info --compact-dex-level=none --runtime-arg -Xtarget-sdk-version:25 --runtime-arg -Xhidden-api-checks --compilation-reason=boot
10-16 01:37:46.062  3268  3268 I dex2oat : /system/bin/dex2oat --input-vdex-fd=-1 --output-vdex-fd=9 --compiler-filter=verify --classpath-dir=/system/priv-app/ConfigUpdater --class-loader-context=PCL[/system/framework/org.apache.http.legacy.boot.jar] --generate-mini-debug-info --compact-dex-level=none --compilation-reason=boot
10-16 01:37:46.062  3268  3268 W dex2oat : Could not reserve sentinel fault page
10-16 01:37:46.265  3268  3268 I dex2oat : dex2oat took 204.269ms (510.827ms cpu) (threads: 4) arena alloc=0B (0B) java alloc=2MB (2931104B) native alloc=4MB (4235472B) free=1495KB (1531696B)
10-16 01:37:46.278  3273  3273 W dex2oat : Unexpected CPU variant for X86 using defaults: x86
10-16 01:37:46.278  3273  3273 W dex2oat : Mismatch between dex2oat instruction set features (ISA: X86 Feature string: -ssse3,-sse4.1,-sse4.2,-avx,-avx2,-popcnt) and those of dex2oat executable (ISA: X86 Feature string: ssse3,-sse4.1,-sse4.2,-avx,-avx2,-popcnt) for the command line:
10-16 01:37:46.278  3273  3273 W dex2oat : /system/bin/dex2oat --zip-fd=7 --zip-location=Phonesky.apk --input-vdex-fd=-1 --output-vdex-fd=9 --oat-fd=8 --oat-location=/data/dalvik-cache/x86/system@priv-app@Phonesky@Phonesky.apk@classes.dex --instruction-set=x86 --instruction-set-variant=x86 --instruction-set-features=default --runtime-arg -Xms64m --runtime-arg -Xmx512m --compiler-filter=verify --swap-fd=10 --classpath-dir=/system/priv-app/Phonesky --class-loader-context=PCL[/system/framework/org.apache.http.legacy.boot.jar] --generate-mini-debug-info --compact-dex-level=none --runtime-arg -Xtarget-sdk-version:29 --runtime-arg -Xhidden-api-checks --compilation-reason=boot
10-16 01:37:46.278  3273  3273 I dex2oat : /system/bin/dex2oat --input-vdex-fd=-1 --output-vdex-fd=9 --compiler-filter=verify --classpath-dir=/system/priv-app/Phonesky --class-loader-context=PCL[/system/framework/org.apache.http.legacy.boot.jar] --generate-mini-debug-info --compact-dex-level=none --compilation-reason=boot
10-16 01:37:46.742  3273  3273 I dex2oat : Large app, accepted running with swap.
10-16 01:37:46.989   521  3278 I chatty  : uid=1000 system_server expire 2 lines
10-16 01:37:46.991   521  3279 I chatty  : uid=1000 system_server expire 2 lines
10-16 01:37:46.993   521  2027 I chatty  : uid=1000(system) NetworkMonitorN expire 1 line
10-16 01:37:46.993   521   679 D ConnectivityService: NetworkAgentInfo [WIFI () - 100] validation failed
10-16 01:37:47.225  3273  3273 I dex2oat : Explicit concurrent copying GC freed 97012(14MB) AllocSpace objects, 0(0B) LOS objects, 99% free, 13KB/1549KB, paused 49us total 67.890ms
10-16 01:37:47.234  3273  3283 W dex2oat : Accessing hidden method Landroid/content/res/Resources$Theme;->rebase()V (dark greylist, linking)
10-16 01:37:47.251  3273  3283 W dex2oat : Accessing hidden method Landroid/view/View;->setTransitionVisibility(I)V (dark greylist, linking)
10-16 01:37:47.251  3273  3282 W dex2oat : Accessing hidden method Landroid/view/View;->setTransitionVisibility(I)V (dark greylist, linking)
10-16 01:37:47.623  3273  3273 I dex2oat : Explicit concurrent copying GC freed 87789(13MB) AllocSpace objects, 0(0B) LOS objects, 98% free, 30KB/1566KB, paused 40us total 59.760ms
10-16 01:37:47.978  3273  3273 I dex2oat : Explicit concurrent copying GC freed 83367(16MB) AllocSpace objects, 0(0B) LOS objects, 97% free, 34KB/1570KB, paused 41us total 62.690ms
10-16 01:37:48.006  3273  3273 I dex2oat : Explicit concurrent copying GC freed 5266(610KB) AllocSpace objects, 0(0B) LOS objects, 97% free, 38KB/1574KB, paused 41us total 2.092ms
10-16 01:37:48.024  3273  3273 I dex2oat : Explicit concurrent copying GC freed 2863(316KB) AllocSpace objects, 0(0B) LOS objects, 97% free, 39KB/1575KB, paused 40us total 1.700ms
10-16 01:37:48.036  3273  3273 I dex2oat : dex2oat took 1.758s (4.145s cpu) (threads: 4) arena alloc=0B (0B) java alloc=39KB (40720B) native alloc=10MB (11280096B) free=3MB (3399968B) swap=16MB (16777216B)
10-16 01:37:48.070  3295  3295 W dex2oat : Unexpected CPU variant for X86 using defaults: x86
10-16 01:37:48.070  3295  3295 W dex2oat : Mismatch between dex2oat instruction set features (ISA: X86 Feature string: -ssse3,-sse4.1,-sse4.2,-avx,-avx2,-popcnt) and those of dex2oat executable (ISA: X86 Feature string: ssse3,-sse4.1,-sse4.2,-avx,-avx2,-popcnt) for the command line:
10-16 01:37:48.070  3295  3295 W dex2oat : /system/bin/dex2oat --zip-fd=7 --zip-location=SetupWizard.apk --input-vdex-fd=-1 --output-vdex-fd=9 --oat-fd=8 --oat-location=/data/dalvik-cache/x86/system@priv-app@SetupWizard@SetupWizard.apk@classes.dex --instruction-set=x86 --instruction-set-variant=x86 --instruction-set-features=default --runtime-arg -Xms64m --runtime-arg -Xmx512m --compiler-filter=verify --swap-fd=10 --classpath-dir=/system/priv-app/SetupWizard --class-loader-context=PCL[/system/framework/org.apache.http.legacy.boot.jar] --generate-mini-debug-info --compact-dex-level=none --runtime-arg -Xtarget-sdk-version:28 --compilation-reason=boot
10-16 01:37:48.070  3295  3295 I dex2oat : /system/bin/dex2oat --input-vdex-fd=-1 --output-vdex-fd=9 --compiler-filter=verify --classpath-dir=/system/priv-app/SetupWizard --class-loader-context=PCL[/system/framework/org.apache.http.legacy.boot.jar] --generate-mini-debug-info --compact-dex-level=none --compilation-reason=boot
10-16 01:37:48.255  3295  3295 I dex2oat : dex2oat took 185.830ms (438.821ms cpu) (threads: 4) arena alloc=0B (0B) java alloc=3MB (3360632B) native alloc=3MB (3336920B) free=1349KB (1381672B)
10-16 01:37:48.276  3300  3300 W dex2oat : Unexpected CPU variant for X86 using defaults: x86
10-16 01:37:48.276  3300  3300 W dex2oat : Mismatch between dex2oat instruction set features (ISA: X86 Feature string: -ssse3,-sse4.1,-sse4.2,-avx,-avx2,-popcnt) and those of dex2oat executable (ISA: X86 Feature string: ssse3,-sse4.1,-sse4.2,-avx,-avx2,-popcnt) for the command line:
10-16 01:37:48.276  3300  3300 W dex2oat : /system/bin/dex2oat --zip-fd=7 --zip-location=GoogleContactsSyncAdapter.apk --input-vdex-fd=-1 --output-vdex-fd=9 --oat-fd=8 --oat-location=/data/dalvik-cache/x86/system@app@GoogleContactsSyncAdapter@GoogleContactsSyncAdapter.apk@classes.dex --instruction-set=x86 --instruction-set-variant=x86 --instruction-set-features=default --runtime-arg -Xms64m --runtime-arg -Xmx512m --compiler-filter=verify --swap-fd=10 --classpath-dir=/system/app/GoogleContactsSyncAdapter --class-loader-context=PCL[/system/framework/org.apache.http.legacy.boot.jar] --generate-mini-debug-info --compact-dex-level=none --runtime-arg -Xtarget-sdk-version:23 --runtime-arg -Xhidden-api-checks --compilation-reason=boot
10-16 01:37:48.276  3300  3300 I dex2oat : /system/bin/dex2oat --input-vdex-fd=-1 --output-vdex-fd=9 --compiler-filter=verify --classpath-dir=/system/app/GoogleContactsSyncAdapter --class-loader-context=PCL[/system/framework/org.apache.http.legacy.boot.jar] --generate-mini-debug-info --compact-dex-level=none --compilation-reason=boot
10-16 01:37:48.415  3300  3300 I dex2oat : dex2oat took 141.398ms (318.222ms cpu) (threads: 4) arena alloc=0B (0B) java alloc=1418KB (1452248B) native alloc=2MB (2952608B) free=2MB (2290272B)
10-16 01:37:48.435  3306  3306 W dex2oat : Unexpected CPU variant for X86 using defaults: x86
10-16 01:37:48.435  3306  3306 W dex2oat : Mismatch between dex2oat instruction set features (ISA: X86 Feature string: -ssse3,-sse4.1,-sse4.2,-avx,-avx2,-popcnt) and those of dex2oat executable (ISA: X86 Feature string: ssse3,-sse4.1,-sse4.2,-avx,-avx2,-popcnt) for the command line:
10-16 01:37:48.435  3306  3306 W dex2oat : /system/bin/dex2oat --zip-fd=7 --zip-location=GooglePackageInstaller.apk --input-vdex-fd=-1 --output-vdex-fd=9 --oat-fd=8 --oat-location=/data/dalvik-cache/x86/system@priv-app@GooglePackageInstaller@GooglePackageInstaller.apk@classes.dex --instruction-set=x86 --instruction-set-variant=x86 --instruction-set-features=default --runtime-arg -Xms64m --runtime-arg -Xmx512m --compiler-filter=verify --swap-fd=10 --classpath-dir=/system/priv-app/GooglePackageInstaller --class-loader-context=PCL[] --generate-mini-debug-info --compact-dex-level=none --runtime-arg -Xtarget-sdk-version:28 --compilation-reason=boot
10-16 01:37:48.435  3306  3306 I dex2oat : /system/bin/dex2oat --input-vdex-fd=-1 --output-vdex-fd=9 --compiler-filter=verify --classpath-dir=/system/priv-app/GooglePackageInstaller --class-loader-context=PCL[] --generate-mini-debug-info --compact-dex-level=none --compilation-reason=boot
10-16 01:37:48.503   557   557 I vinput  : type=1400 audit(0.0:830): avc: denied { read } for path="socket:[14315]" dev="sockfs" ino=14315 scontext=u:r:vinput:s0 tcontext=u:r:vinput:s0 tclass=tcp_socket permissive=1
10-16 01:37:48.563  3306  3306 I dex2oat : dex2oat took 128.772ms (334.202ms cpu) (threads: 4) arena alloc=0B (0B) java alloc=2MB (2829504B) native alloc=2MB (2756760B) free=1403KB (1437544B)
10-16 01:37:48.576  3311  3311 W dex2oat : Unexpected CPU variant for X86 using defaults: x86
10-16 01:37:48.576  3311  3311 W dex2oat : Mismatch between dex2oat instruction set features (ISA: X86 Feature string: -ssse3,-sse4.1,-sse4.2,-avx,-avx2,-popcnt) and those of dex2oat executable (ISA: X86 Feature string: ssse3,-sse4.1,-sse4.2,-avx,-avx2,-popcnt) for the command line:
10-16 01:37:48.576  3311  3311 W dex2oat : /system/bin/dex2oat --zip-fd=7 --zip-location=PrebuiltGmsCorePi.apk --input-vdex-fd=-1 --output-vdex-fd=9 --oat-fd=8 --oat-location=/data/dalvik-cache/x86/system@priv-app@PrebuiltGmsCorePi@PrebuiltGmsCorePi.apk@classes.dex --instruction-set=x86 --instruction-set-variant=x86 --instruction-set-features=default --runtime-arg -Xms64m --runtime-arg -Xmx512m --compiler-filter=verify --swap-fd=10 --classpath-dir=/system/priv-app/PrebuiltGmsCorePi --class-loader-context=PCL[/system/framework/org.apache.http.legacy.boot.jar:/system/framework/com.android.media.remotedisplay.jar:/system/framework/com.android.location.provider.jar] --generate-mini-debug-info --compact-dex-level=none --runtime-arg -Xtarget-sdk-version:30 --runtime-arg -Xhidden-api-checks --compilation-reason=boot
10-16 01:37:48.577  3311  3311 I dex2oat : /system/bin/dex2oat --input-vdex-fd=-1 --output-vdex-fd=9 --compiler-filter=verify --classpath-dir=/system/priv-app/PrebuiltGmsCorePi --class-loader-context=PCL[/system/framework/org.apache.http.legacy.boot.jar:/system/framework/com.android.media.remotedisplay.jar:/system/framework/com.android.location.provider.jar] --generate-mini-debug-info --compact-dex-level=none --compilation-reason=boot
10-16 01:37:49.013  3311  3311 I dex2oat : Large app, accepted running with swap.
10-16 01:37:49.086  3311  3315 W dex2oat : Accessing hidden method Landroid/content/res/Resources$Theme;->rebase()V (dark greylist, linking)
10-16 01:37:49.133  3311  3315 W dex2oat : Accessing hidden method Landroid/view/View;->setTransitionVisibility(I)V (dark greylist, linking)
10-16 01:37:49.133  3311  3314 W dex2oat : Accessing hidden method Landroid/view/View;->setTransitionVisibility(I)V (dark greylist, linking)
10-16 01:37:49.452  3311  3311 I dex2oat : Explicit concurrent copying GC freed 68496(10MB) AllocSpace objects, 0(0B) LOS objects, 97% free, 45KB/1581KB, paused 56us total 36.549ms
10-16 01:37:49.805  3311  3311 I dex2oat : Explicit concurrent copying GC freed 75525(9MB) AllocSpace objects, 0(0B) LOS objects, 95% free, 64KB/1600KB, paused 41us total 29.200ms
10-16 01:37:49.980  3311  3320 W dex2oat : Accessing hidden method Landroid/bluetooth/BluetoothServerSocket;->getPsm()I (dark greylist, linking)
10-16 01:37:49.985  3311  3319 W dex2oat : Accessing hidden method Landroid/bluetooth/BluetoothServerSocket;->getPsm()I (dark greylist, linking)
10-16 01:37:50.015  3311  3320 W dex2oat : Class akck failed lock verification and will run slower.
10-16 01:37:50.015  3311  3320 W dex2oat : Common causes for lock verification issues are non-optimized dex code
10-16 01:37:50.015  3311  3320 W dex2oat : and incorrect proguard optimizations.
10-16 01:37:50.182  3311  3311 I dex2oat : Explicit concurrent copying GC freed 83069(11MB) AllocSpace objects, 0(0B) LOS objects, 94% free, 84KB/1620KB, paused 46us total 36.254ms
10-16 01:37:50.569  1460  2414 I Dialer  : VvmTaskExecutor - executing task com.android.voicemail.impl.ActivationTask@69cb579
10-16 01:37:50.570  1460  2414 I Dialer  : PreOMigrationHandler - ComponentInfo{com.android.phone/com.android.services.telephony.TelephonyConnectionService}, ***, UserHandle{0} already migrated
10-16 01:37:50.582  1505  2342 I VoicemailNotifier: receivers for android.intent.action.PROVIDER_CHANGED :[]
10-16 01:37:50.583  1460  2414 I Dialer  : VvmActivationTask - VVM content provider configured - vvm_type_cvvm
10-16 01:37:50.583  1460  2414 I Dialer  : OmtpVvmCarrierCfgHlpr - OmtpEvent:CONFIG_ACTIVATING
10-16 01:37:50.587  1505  2342 I VoicemailNotifier: receivers for android.intent.action.PROVIDER_CHANGED :[]
10-16 01:37:50.589  1460  2414 I Dialer  : TelephonyMangerCompat.setVisualVoicemailSmsFilterSettings - using TelephonyManager
10-16 01:37:50.590  1460  2414 I Dialer  : TelephonyMangerCompat.sendVisualVoicemailSms - using TelephonyManager
10-16 01:37:50.597   558  2107 D baseband-sms: newsms
10-16 01:37:50.597   558  2107 D baseband-sms: sender:(N/A)
10-16 01:37:50.597   558  2107 D baseband-sms: receiver:122
10-16 01:37:50.597   558  2107 D baseband-sms: index:1/1
10-16 01:37:50.597   558  2107 D baseband-sms: txt:'FQKf.:et#'
10-16 01:37:50.591   558   558 I genybaseband: type=1400 audit(0.0:831): avc: denied { write } for path="socket:[12781]" dev="sockfs" ino=12781 scontext=u:r:genybaseband:s0 tcontext=u:r:genybaseband:s0 tclass=tcp_socket permissive=1
10-16 01:37:50.591   558   558 I genybaseband: type=1400 audit(0.0:832): avc: denied { read } for path="socket:[12781]" dev="sockfs" ino=12781 scontext=u:r:genybaseband:s0 tcontext=u:r:genybaseband:s0 tclass=tcp_socket permissive=1
10-16 01:37:50.621  3311  3311 I dex2oat : Explicit concurrent copying GC freed 92394(13MB) AllocSpace objects, 0(0B) LOS objects, 94% free, 89KB/1625KB, paused 41us total 55.391ms
10-16 01:37:50.944  3311  3311 I dex2oat : Explicit concurrent copying GC freed 76612(10MB) AllocSpace objects, 0(0B) LOS objects, 94% free, 97KB/1633KB, paused 41us total 31.749ms
10-16 01:37:51.125  3311  3311 I dex2oat : Explicit concurrent copying GC freed 57269(5MB) AllocSpace objects, 0(0B) LOS objects, 93% free, 100KB/1636KB, paused 41us total 12.268ms
10-16 01:37:51.143  3311  3311 I dex2oat : dex2oat took 2.566s (7.248s cpu) (threads: 4) arena alloc=0B (0B) java alloc=100KB (103152B) native alloc=9MB (10104736B) free=3MB (3526752B) swap=16MB (16777216B)
10-16 01:37:51.156  3334  3334 W dex2oat : Unexpected CPU variant for X86 using defaults: x86
10-16 01:37:51.156  3334  3334 W dex2oat : Mismatch between dex2oat instruction set features (ISA: X86 Feature string: -ssse3,-sse4.1,-sse4.2,-avx,-avx2,-popcnt) and those of dex2oat executable (ISA: X86 Feature string: ssse3,-sse4.1,-sse4.2,-avx,-avx2,-popcnt) for the command line:
10-16 01:37:51.156  3334  3334 W dex2oat : /system/bin/dex2oat --zip-fd=7 --zip-location=GoogleServicesFramework.apk --input-vdex-fd=-1 --output-vdex-fd=9 --oat-fd=8 --oat-location=/data/dalvik-cache/x86/system@priv-app@GoogleServicesFramework@GoogleServicesFramework.apk@classes.dex --instruction-set=x86 --instruction-set-variant=x86 --instruction-set-features=default --runtime-arg -Xms64m --runtime-arg -Xmx512m --compiler-filter=verify --swap-fd=10 --classpath-dir=/system/priv-app/GoogleServicesFramework --class-loader-context=PCL[/system/framework/org.apache.http.legacy.boot.jar] --generate-mini-debug-info --compact-dex-level=none --runtime-arg -Xtarget-sdk-version:28 --compilation-reason=boot
10-16 01:37:51.156  3334  3334 I dex2oat : /system/bin/dex2oat --input-vdex-fd=-1 --output-vdex-fd=9 --compiler-filter=verify --classpath-dir=/system/priv-app/GoogleServicesFramework --class-loader-context=PCL[/system/framework/org.apache.http.legacy.boot.jar] --generate-mini-debug-info --compact-dex-level=none --compilation-reason=boot
10-16 01:37:51.217  3334  3334 I dex2oat : dex2oat took 61.545ms (150.352ms cpu) (threads: 4) arena alloc=0B (0B) java alloc=801KB (821176B) native alloc=2MB (2302976B) free=2MB (2415616B)
10-16 01:37:51.227  3339  3339 W dex2oat : Unexpected CPU variant for X86 using defaults: x86
10-16 01:37:51.227  3339  3339 W dex2oat : Mismatch between dex2oat instruction set features (ISA: X86 Feature string: -ssse3,-sse4.1,-sse4.2,-avx,-avx2,-popcnt) and those of dex2oat executable (ISA: X86 Feature string: ssse3,-sse4.1,-sse4.2,-avx,-avx2,-popcnt) for the command line:
10-16 01:37:51.227  3339  3339 W dex2oat : /system/bin/dex2oat --zip-fd=7 --zip-location=GoogleTTS.apk --input-vdex-fd=-1 --output-vdex-fd=9 --oat-fd=8 --oat-location=/data/dalvik-cache/x86/system@app@GoogleTTS@GoogleTTS.apk@classes.dex --instruction-set=x86 --instruction-set-variant=x86 --instruction-set-features=default --runtime-arg -Xms64m --runtime-arg -Xmx512m --compiler-filter=verify --swap-fd=10 --classpath-dir=/system/app/GoogleTTS --class-loader-context=PCL[] --generate-mini-debug-info --compact-dex-level=none --runtime-arg -Xtarget-sdk-version:28 --runtime-arg -Xhidden-api-checks --compilation-reason=boot
10-16 01:37:51.227  3339  3339 I dex2oat : /system/bin/dex2oat --input-vdex-fd=-1 --output-vdex-fd=9 --compiler-filter=verify --classpath-dir=/system/app/GoogleTTS --class-loader-context=PCL[] --generate-mini-debug-info --compact-dex-level=none --compilation-reason=boot
10-16 01:37:51.413  3339  3341 W dex2oat : Accessing hidden method Landroid/content/res/Resources$Theme;->rebase()V (dark greylist, linking)
10-16 01:37:51.438  3339  3339 I dex2oat : Explicit concurrent copying GC freed 17095(2MB) AllocSpace objects, 0(0B) LOS objects, 99% free, 7KB/1543KB, paused 47us total 3.942ms
10-16 01:37:51.443  3339  3339 I dex2oat : Explicit concurrent copying GC freed 333(64KB) AllocSpace objects, 0(0B) LOS objects, 99% free, 7KB/1543KB, paused 39us total 274us
10-16 01:37:51.452  3339  3339 I dex2oat : dex2oat took 229.815ms (495.117ms cpu) (threads: 4) arena alloc=0B (0B) java alloc=7KB (8072B) native alloc=3MB (3333416B) free=1864KB (1909464B)
10-16 01:37:51.464  3348  3348 W dex2oat : Unexpected CPU variant for X86 using defaults: x86
10-16 01:37:51.464  3348  3348 W dex2oat : Mismatch between dex2oat instruction set features (ISA: X86 Feature string: -ssse3,-sse4.1,-sse4.2,-avx,-avx2,-popcnt) and those of dex2oat executable (ISA: X86 Feature string: ssse3,-sse4.1,-sse4.2,-avx,-avx2,-popcnt) for the command line:
10-16 01:37:51.464  3348  3348 W dex2oat : /system/bin/dex2oat --zip-fd=7 --zip-location=GooglePartnerSetup.apk --input-vdex-fd=-1 --output-vdex-fd=9 --oat-fd=8 --oat-location=/data/dalvik-cache/x86/system@priv-app@GooglePartnerSetup@GooglePartnerSetup.apk@classes.dex --instruction-set=x86 --instruction-set-variant=x86 --instruction-set-features=default --runtime-arg -Xms64m --runtime-arg -Xmx512m --compiler-filter=verify --swap-fd=10 --classpath-dir=/system/priv-app/GooglePartnerSetup --class-loader-context=PCL[/system/framework/org.apache.http.legacy.boot.jar] --generate-mini-debug-info --compact-dex-level=none --runtime-arg -Xtarget-sdk-version:28 --compilation-reason=boot
10-16 01:37:51.464  3348  3348 I dex2oat : /system/bin/dex2oat --input-vdex-fd=-1 --output-vdex-fd=9 --compiler-filter=verify --classpath-dir=/system/priv-app/GooglePartnerSetup --class-loader-context=PCL[/system/framework/org.apache.http.legacy.boot.jar] --generate-mini-debug-info --compact-dex-level=none --compilation-reason=boot
10-16 01:37:51.535  3348  3348 I dex2oat : dex2oat took 71.396ms (169.275ms cpu) (threads: 4) arena alloc=0B (0B) java alloc=936KB (959040B) native alloc=2MB (2505320B) free=1649KB (1688984B)
10-16 01:37:51.551  3353  3353 W dex2oat : Unexpected CPU variant for X86 using defaults: x86
10-16 01:37:51.551  3353  3353 W dex2oat : Mismatch between dex2oat instruction set features (ISA: X86 Feature string: -ssse3,-sse4.1,-sse4.2,-avx,-avx2,-popcnt) and those of dex2oat executable (ISA: X86 Feature string: ssse3,-sse4.1,-sse4.2,-avx,-avx2,-popcnt) for the command line:
10-16 01:37:51.551  3353  3353 W dex2oat : /system/bin/dex2oat --zip-fd=7 --zip-location=GoogleFeedback.apk --input-vdex-fd=-1 --output-vdex-fd=9 --oat-fd=8 --oat-location=/data/dalvik-cache/x86/system@priv-app@GoogleFeedback@GoogleFeedback.apk@classes.dex --instruction-set=x86 --instruction-set-variant=x86 --instruction-set-features=default --runtime-arg -Xms64m --runtime-arg -Xmx512m --compiler-filter=verify --swap-fd=10 --classpath-dir=/system/priv-app/GoogleFeedback --class-loader-context=PCL[/system/framework/org.apache.http.legacy.boot.jar] --generate-mini-debug-info --compact-dex-level=none --runtime-arg -Xtarget-sdk-version:23 --compilation-reason=boot
10-16 01:37:51.551  3353  3353 I dex2oat : /system/bin/dex2oat --input-vdex-fd=-1 --output-vdex-fd=9 --compiler-filter=verify --classpath-dir=/system/priv-app/GoogleFeedback --class-loader-context=PCL[/system/framework/org.apache.http.legacy.boot.jar] --generate-mini-debug-info --compact-dex-level=none --compilation-reason=boot
10-16 01:37:51.587  3353  3353 I dex2oat : dex2oat took 37.035ms (55.946ms cpu) (threads: 4) arena alloc=0B (0B) java alloc=349KB (357672B) native alloc=2MB (2445128B) free=1196KB (1224888B)
10-16 01:37:51.597  3358  3358 W dex2oat : Unexpected CPU variant for X86 using defaults: x86
10-16 01:37:51.597  3358  3358 W dex2oat : Mismatch between dex2oat instruction set features (ISA: X86 Feature string: -ssse3,-sse4.1,-sse4.2,-avx,-avx2,-popcnt) and those of dex2oat executable (ISA: X86 Feature string: ssse3,-sse4.1,-sse4.2,-avx,-avx2,-popcnt) for the command line:
10-16 01:37:51.597  3358  3358 W dex2oat : /system/bin/dex2oat --zip-fd=7 --zip-location=GoogleCalendarSyncAdapter.apk --input-vdex-fd=-1 --output-vdex-fd=9 --oat-fd=8 --oat-location=/data/dalvik-cache/x86/system@app@GoogleCalendarSyncAdapter@GoogleCalendarSyncAdapter.apk@classes.dex --instruction-set=x86 --instruction-set-variant=x86 --instruction-set-features=default --runtime-arg -Xms64m --runtime-arg -Xmx512m --compiler-filter=verify --swap-fd=10 --classpath-dir=/system/app/GoogleCalendarSyncAdapter --class-loader-context=PCL[] --generate-mini-debug-info --compact-dex-level=none --runtime-arg -Xtarget-sdk-version:28 --runtime-arg -Xhidden-api-checks --compilation-reason=boot
10-16 01:37:51.597  3358  3358 I dex2oat : /system/bin/dex2oat --input-vdex-fd=-1 --output-vdex-fd=9 --compiler-filter=verify --classpath-dir=/system/app/GoogleCalendarSyncAdapter --class-loader-context=PCL[] --generate-mini-debug-info --compact-dex-level=none --compilation-reason=boot
10-16 01:37:51.722  3358  3358 I dex2oat : dex2oat took 124.766ms (327.379ms cpu) (threads: 4) arena alloc=0B (0B) java alloc=2MB (2139432B) native alloc=3MB (3263640B) free=1932KB (1979240B)
10-16 01:37:51.737  3364  3364 W dex2oat : Unexpected CPU variant for X86 using defaults: x86
10-16 01:37:51.737  3364  3364 W dex2oat : Mismatch between dex2oat instruction set features (ISA: X86 Feature string: -ssse3,-sse4.1,-sse4.2,-avx,-avx2,-popcnt) and those of dex2oat executable (ISA: X86 Feature string: ssse3,-sse4.1,-sse4.2,-avx,-avx2,-popcnt) for the command line:
10-16 01:37:51.737  3364  3364 W dex2oat : /system/bin/dex2oat --zip-fd=7 --zip-location=GoogleBackupTransport.apk --input-vdex-fd=-1 --output-vdex-fd=9 --oat-fd=8 --oat-location=/data/dalvik-cache/x86/system@priv-app@GoogleBackupTransport@GoogleBackupTransport.apk@classes.dex --instruction-set=x86 --instruction-set-variant=x86 --instruction-set-features=default --runtime-arg -Xms64m --runtime-arg -Xmx512m --compiler-filter=verify --swap-fd=10 --classpath-dir=/system/priv-app/GoogleBackupTransport --class-loader-context=PCL[] --generate-mini-debug-info --compact-dex-level=none --runtime-arg -Xtarget-sdk-version:28 --runtime-arg -Xhidden-api-checks --compilation-reason=boot
