10-16 01:39:04.731  4433  4518 I chatty  : uid=10071(de.moodpath.android) expire 1 line
10-16 01:39:04.755   521   641 E eglCodecCommon: goldfish_dma_create_region: could not obtain fd to device! fd -1 errno=2
10-16 01:39:04.756   555  1256 W SurfaceFlinger: Attempting to set client state on removed layer: Splash Screen de.moodpath.android#0
10-16 01:39:04.756   555  1256 W SurfaceFlinger: Attempting to destroy on removed layer: Splash Screen de.moodpath.android#0
10-16 01:39:04.863  4433  4537 I chatty  : uid=10071(de.moodpath.android) expire 1 line
10-16 01:39:05.322   521   721 E TaskPersister: File error accessing recents directory (directory doesn't exist?).
10-16 01:39:05.403   491   491 I batteryd: type=1400 audit(0.0:935): avc: denied { write } for path="/dev/fuse" dev="tmpfs" ino=9381 scontext=u:r:batteryd:s0 tcontext=u:object_r:fuse_device:s0 tclass=chr_file permissive=1
10-16 01:39:05.403   491   491 I batteryd: type=1400 audit(0.0:936): avc: denied { read } for path="/dev/fuse" dev="tmpfs" ino=9381 scontext=u:r:batteryd:s0 tcontext=u:object_r:fuse_device:s0 tclass=chr_file permissive=1
10-16 01:39:05.403   544   544 I health@2.0-serv: type=1400 audit(0.0:937): avc: denied { read } for name="capacity" dev="fuse" ino=8 scontext=u:r:hal_health_default:s0 tcontext=u:object_r:fuse:s0 tclass=file permissive=1
10-16 01:39:05.403   544   544 I health@2.0-serv: type=1400 audit(0.0:938): avc: denied { open } for path="/dev/pipe/battery/BAT0/capacity" dev="fuse" ino=8 scontext=u:r:hal_health_default:s0 tcontext=u:object_r:fuse:s0 tclass=file permissive=1
10-16 01:39:05.403   544   544 I health@2.0-serv: type=1400 audit(0.0:939): avc: denied { getattr } for path="/dev/pipe/battery/BAT0/capacity" dev="fuse" ino=8 scontext=u:r:hal_health_default:s0 tcontext=u:object_r:fuse:s0 tclass=file permissive=1
10-16 01:39:06.961  4557  4557 D vndksupport: Loading /vendor/lib/hw/android.hardware.graphics.mapper@2.0-impl.so from current namespace instead of sphal namespace.
10-16 01:39:06.962  4557  4557 D vndksupport: Loading /vendor/lib/hw/gralloc.vbox86.so from current namespace instead of sphal namespace.
10-16 01:39:06.963  4557  4557 D         : createUnique: call
10-16 01:39:06.963  4557  4557 D         : HostConnection::get() New Host Connection established 0xe5720b90, tid 4557
10-16 01:39:06.965  4557  4557 D         : HostComposition ext GL_OES_EGL_image_external_essl3 GL_OES_vertex_array_object ANDROID_EMU_gles_max_version_3_1 
10-16 01:39:06.965  4557  4557 W         : Process pipe failed
10-16 01:39:06.965  4557  4557 E eglCodecCommon: goldfish_dma_create_region: could not obtain fd to device! fd -1 errno=2
10-16 01:39:07.274  1406  1406 D MediaScannerReceiver: action: android.intent.action.MEDIA_SCANNER_SCAN_FILE path: /data/local/screen.png
10-16 01:39:07.303   521  3441 I ActivityManager: Force stopping de.moodpath.android appid=10071 user=0: from pid 4569
10-16 01:39:07.303   521  3441 I ActivityManager: Killing 4433:de.moodpath.android/u0a71 (adj 0): stop de.moodpath.android
10-16 01:39:07.303   521   572 W libprocessgroup: kill(-4433, 9) failed: No such process
10-16 01:39:07.304   521  3441 W ActivityManager: Force removing ActivityRecord{4c0f16e u0 de.moodpath.android/.feature.settings.exercisepreview.presentation.ExercisePreviewActivity t15}: app died, no saved state
10-16 01:39:07.315   866   866 D CarrierSvcBindHelper: No carrier app for: 0
10-16 01:39:07.322   555   555 W SurfaceFlinger: couldn't log to binary event log: overflow.
10-16 01:39:07.330   521   584 W ActivityManager: setHasOverlayUi called on unknown pid: 4433
10-16 01:39:07.330   493   493 I Zygote  : Process 4433 exited due to signal (9)
10-16 01:39:07.332   521  4574 I ActivityManager: START u0 {flg=0x10000000 cmp=de.moodpath.android/.feature.common.BottomNoteInputActivity} from uid 0
10-16 01:39:07.345   521   572 W libprocessgroup: kill(-4433, 9) failed: No such process
10-16 01:39:07.345   521   572 I libprocessgroup: Successfully killed process cgroup uid 10071 pid 4433 in 42ms
10-16 01:39:07.419   493   493 I gdbus   : type=1400 audit(0.0:940): avc: denied { sys_nice } for capability=23 scontext=u:r:zygote:s0 tcontext=u:r:zygote:s0 tclass=capability permissive=1
10-16 01:39:07.428  4577  4577 I Zygote  : seccomp disabled by setenforce 0
10-16 01:39:07.429  4577  4577 I chatty  : uid=10071(de.moodpath.android) identical 152 lines
10-16 01:39:07.433   521   570 I ActivityManager: Start proc 4577:de.moodpath.android/u0a71 for activity de.moodpath.android/.feature.common.BottomNoteInputActivity
10-16 01:39:07.475  4577  4607 I chatty  : uid=10071(de.moodpath.android) expire 4 lines
10-16 01:39:07.513   521   560 W BroadcastQueue: Background execution not allowed: receiving Intent { act=android.intent.action.DROPBOX_ENTRY_ADDED flg=0x10 (has extras) } to com.google.android.gms/.stats.service.DropBoxEntryAddedReceiver
10-16 01:39:07.513   521   560 W BroadcastQueue: Background execution not allowed: receiving Intent { act=android.intent.action.DROPBOX_ENTRY_ADDED flg=0x10 (has extras) } to com.google.android.gms/.chimera.GmsIntentOperationService$PersistentTrustedReceiver
10-16 01:39:07.521  4577  4624 I chatty  : uid=10071(de.moodpath.android) expire 4 lines
10-16 01:39:07.521   521   560 W BroadcastQueue: Background execution not allowed: receiving Intent { act=android.intent.action.DROPBOX_ENTRY_ADDED flg=0x10 (has extras) } to com.google.android.gms/.stats.service.DropBoxEntryAddedReceiver
10-16 01:39:07.521   521   560 W BroadcastQueue: Background execution not allowed: receiving Intent { act=android.intent.action.DROPBOX_ENTRY_ADDED flg=0x10 (has extras) } to com.google.android.gms/.chimera.GmsIntentOperationService$PersistentTrustedReceiver
10-16 01:39:07.533   521   560 W BroadcastQueue: Background execution not allowed: receiving Intent { act=android.intent.action.DROPBOX_ENTRY_ADDED flg=0x10 (has extras) } to com.google.android.gms/.stats.service.DropBoxEntryAddedReceiver
10-16 01:39:07.533   521   560 W BroadcastQueue: Background execution not allowed: receiving Intent { act=android.intent.action.DROPBOX_ENTRY_ADDED flg=0x10 (has extras) } to com.google.android.gms/.chimera.GmsIntentOperationService$PersistentTrustedReceiver
10-16 01:39:07.542   521   560 W BroadcastQueue: Background execution not allowed: receiving Intent { act=android.intent.action.DROPBOX_ENTRY_ADDED flg=0x10 (has extras) } to com.google.android.gms/.stats.service.DropBoxEntryAddedReceiver
10-16 01:39:07.542   521   560 W BroadcastQueue: Background execution not allowed: receiving Intent { act=android.intent.action.DROPBOX_ENTRY_ADDED flg=0x10 (has extras) } to com.google.android.gms/.chimera.GmsIntentOperationService$PersistentTrustedReceiver
10-16 01:39:07.560  4577  4577 I chatty  : uid=10071(de.moodpath.android) expire 58 lines
10-16 01:39:07.611  4577  4664 I chatty  : uid=10071(de.moodpath.android) expire 9 lines
10-16 01:39:07.678  4577  4577 E AndroidRuntime: FATAL EXCEPTION: main
10-16 01:39:07.678  4577  4577 E AndroidRuntime: Process: de.moodpath.android, PID: 4577
10-16 01:39:07.678  4577  4577 E AndroidRuntime: java.lang.RuntimeException: Unable to start activity ComponentInfo{de.moodpath.android/de.moodpath.android.feature.common.BottomNoteInputActivity}: java.lang.IllegalStateException: intent.getStringExtra(ARGUMENT_NOTE) must not be null
10-16 01:39:07.678  4577  4577 E AndroidRuntime: 	at android.app.ActivityThread.performLaunchActivity(ActivityThread.java:2913)
10-16 01:39:07.678  4577  4577 E AndroidRuntime: 	at android.app.ActivityThread.handleLaunchActivity(ActivityThread.java:3048)
10-16 01:39:07.678  4577  4577 E AndroidRuntime: 	at android.app.servertransaction.LaunchActivityItem.execute(LaunchActivityItem.java:78)
10-16 01:39:07.678  4577  4577 E AndroidRuntime: 	at android.app.servertransaction.TransactionExecutor.executeCallbacks(TransactionExecutor.java:108)
10-16 01:39:07.678  4577  4577 E AndroidRuntime: 	at android.app.servertransaction.TransactionExecutor.execute(TransactionExecutor.java:68)
10-16 01:39:07.678  4577  4577 E AndroidRuntime: 	at android.app.ActivityThread$H.handleMessage(ActivityThread.java:1808)
10-16 01:39:07.678  4577  4577 E AndroidRuntime: 	at android.os.Handler.dispatchMessage(Handler.java:106)
10-16 01:39:07.678  4577  4577 E AndroidRuntime: 	at android.os.Looper.loop(Looper.java:193)
10-16 01:39:07.678  4577  4577 E AndroidRuntime: 	at android.app.ActivityThread.main(ActivityThread.java:6669)
10-16 01:39:07.678  4577  4577 E AndroidRuntime: 	at java.lang.reflect.Method.invoke(Native Method)
10-16 01:39:07.678  4577  4577 E AndroidRuntime: 	at com.android.internal.os.RuntimeInit$MethodAndArgsCaller.run(RuntimeInit.java:493)
10-16 01:39:07.678  4577  4577 E AndroidRuntime: 	at com.android.internal.os.ZygoteInit.main(ZygoteInit.java:858)
10-16 01:39:07.678  4577  4577 E AndroidRuntime: Caused by: java.lang.IllegalStateException: intent.getStringExtra(ARGUMENT_NOTE) must not be null
10-16 01:39:07.678  4577  4577 E AndroidRuntime: 	at de.moodpath.android.feature.common.b$a.a(BottomNoteInputActivity.kt:2)
10-16 01:39:07.678  4577  4577 E AndroidRuntime: 	at de.moodpath.android.feature.common.BottomNoteInputActivity$a.c(BottomNoteInputActivity.kt:1)
10-16 01:39:07.678  4577  4577 E AndroidRuntime: 	at de.moodpath.android.feature.common.BottomNoteInputActivity$a.invoke(BottomNoteInputActivity.kt:1)
10-16 01:39:07.678  4577  4577 E AndroidRuntime: 	at l.n.getValue(LazyJVM.kt:6)
10-16 01:39:07.678  4577  4577 E AndroidRuntime: 	at de.moodpath.android.feature.common.BottomNoteInputActivity.I2(Unknown Source:2)
10-16 01:39:07.678  4577  4577 E AndroidRuntime: 	at de.moodpath.android.feature.common.BottomNoteInputActivity.onCreate(BottomNoteInputActivity.kt:5)
10-16 01:39:07.678  4577  4577 E AndroidRuntime: 	at android.app.Activity.performCreate(Activity.java:7136)
10-16 01:39:07.678  4577  4577 E AndroidRuntime: 	at android.app.Activity.performCreate(Activity.java:7127)
10-16 01:39:07.678  4577  4577 E AndroidRuntime: 	at android.app.Instrumentation.callActivityOnCreate(Instrumentation.java:1271)
10-16 01:39:07.678  4577  4577 E AndroidRuntime: 	at android.app.ActivityThread.performLaunchActivity(ActivityThread.java:2893)
10-16 01:39:07.678  4577  4577 E AndroidRuntime: 	... 11 more
10-16 01:39:07.708   521  2609 W ActivityManager:   Force finishing activity de.moodpath.android/.feature.common.BottomNoteInputActivity
10-16 01:39:07.710   521   569 I ActivityManager: Showing crash dialog for package de.moodpath.android u0
10-16 01:39:07.711   521   560 W BroadcastQueue: Background execution not allowed: receiving Intent { act=android.intent.action.DROPBOX_ENTRY_ADDED flg=0x10 (has extras) } to com.google.android.gms/.stats.service.DropBoxEntryAddedReceiver
10-16 01:39:07.711   521   560 W BroadcastQueue: Background execution not allowed: receiving Intent { act=android.intent.action.DROPBOX_ENTRY_ADDED flg=0x10 (has extras) } to com.google.android.gms/.chimera.GmsIntentOperationService$PersistentTrustedReceiver
10-16 01:39:07.719  4577  4667 I chatty  : uid=10071(de.moodpath.android) expire 2 lines
10-16 01:39:07.732   521  3082 D         : HostConnection::get() New Host Connection established 0xe67718e0, tid 3082
10-16 01:39:07.733   521  3082 D         : HostComposition ext GL_OES_EGL_image_external_essl3 GL_OES_vertex_array_object ANDROID_EMU_gles_max_version_3_1 
10-16 01:39:07.734   521  3082 I ConfigStore: android::hardware::configstore::V1_0::ISurfaceFlingerConfigs::hasWideColorDisplay retrieved: 0
10-16 01:39:07.735   521  3082 I ConfigStore: android::hardware::configstore::V1_0::ISurfaceFlingerConfigs::hasHDRDisplay retrieved: 0
10-16 01:39:07.735   521  3082 I OpenGLRenderer: Initialized EGL, version 1.4
10-16 01:39:07.735   521  3082 D OpenGLRenderer: Swap behavior 1
10-16 01:39:07.735   521  3082 W OpenGLRenderer: Failed to choose config with EGL_SWAP_BEHAVIOR_PRESERVED, retrying without...
10-16 01:39:07.735   521  3082 D OpenGLRenderer: Swap behavior 0
10-16 01:39:07.727   521   521 I RenderThread: type=1400 audit(0.0:942): avc: denied { write } for name="local_opengl" dev="tmpfs" ino=12536 scontext=u:r:system_server:s0 tcontext=u:object_r:socket_device:s0 tclass=sock_file permissive=1
10-16 01:39:07.727   521   521 I RenderThread: type=1400 audit(0.0:943): avc: denied { connectto } for path="/dev/socket/local_opengl" scontext=u:r:system_server:s0 tcontext=u:r:local_opengl:s0 tclass=unix_stream_socket permissive=1
10-16 01:39:07.727   487   487 I local_opengl: type=1400 audit(0.0:944): avc: denied { write } for name="fwmarkd" dev="tmpfs" ino=13657 scontext=u:r:local_opengl:s0 tcontext=u:object_r:fwmarkd_socket:s0 tclass=sock_file permissive=1
10-16 01:39:07.737   521  3082 D EGL_emulation: eglCreateContext: 0xedffc380: maj 3 min 1 rcv 4
10-16 01:39:08.073  1331  4488 I Vision  : Requesting optional module download of ocr.
10-16 01:39:08.073  1331  4488 I Vision  : Exceeded maximum feature download tries for ocr
10-16 01:39:08.073  1331  4488 W Vision  : Request of optional module download of ocr failed.
10-16 01:39:08.074  1331  4488 I Vision  : Checking for download completion for 170052 -- ocr
10-16 01:39:08.209   521   560 W ActivityManager: Activity pause timeout for ActivityRecord{1e49145 u0 de.moodpath.android/.feature.common.BottomNoteInputActivity t16 f}
10-16 01:39:08.482  4577  4650 I chatty  : uid=10071(de.moodpath.android) expire 2 lines
10-16 01:39:10.422  4675  4675 D vndksupport: Loading /vendor/lib/hw/android.hardware.graphics.mapper@2.0-impl.so from current namespace instead of sphal namespace.
10-16 01:39:10.422  4675  4675 D vndksupport: Loading /vendor/lib/hw/gralloc.vbox86.so from current namespace instead of sphal namespace.
10-16 01:39:10.424  4675  4675 D         : createUnique: call
10-16 01:39:10.424  4675  4675 D         : HostConnection::get() New Host Connection established 0xf3720b90, tid 4675
10-16 01:39:10.425  4675  4675 D         : HostComposition ext GL_OES_EGL_image_external_essl3 GL_OES_vertex_array_object ANDROID_EMU_gles_max_version_3_1 
10-16 01:39:10.425  4675  4675 W         : Process pipe failed
10-16 01:39:10.425  4675  4675 E eglCodecCommon: goldfish_dma_create_region: could not obtain fd to device! fd -1 errno=2
10-16 01:39:10.787  1406  1406 D MediaScannerReceiver: action: android.intent.action.MEDIA_SCANNER_SCAN_FILE path: /data/local/screen.png
10-16 01:39:10.912   521  2544 I ActivityManager: Force stopping de.moodpath.android appid=10071 user=0: from pid 4686
10-16 01:39:10.913   521  2544 I ActivityManager: Killing 4577:de.moodpath.android/u0a71 (adj 900): stop de.moodpath.android
10-16 01:39:10.915   521   572 W libprocessgroup: kill(-4577, 9) failed: No such process
10-16 01:39:10.920   555   636 W SurfaceFlinger: Attempting to destroy on removed layer: AppWindowToken{1a92dcb token=Token{2f3109a ActivityRecord{1e49145 u0 de.moodpath.android/.feature.common.BottomNoteInputActivity t16}}}#0
10-16 01:39:10.925   521  2609 W ActivityManager: Ignoring remove of inactive process: ProcessRecord{d1bfc97 0:de.moodpath.android/u0a71}
10-16 01:39:10.931   866   866 D CarrierSvcBindHelper: No carrier app for: 0
10-16 01:39:10.938   521  3082 E eglCodecCommon: goldfish_dma_create_region: could not obtain fd to device! fd -1 errno=2
10-16 01:39:10.946   493   493 I Zygote  : Process 4577 exited due to signal (9)
10-16 01:39:10.950   521  2544 I ActivityManager: START u0 {flg=0x10000000 cmp=de.moodpath.android/.feature.common.pdf.presentation.PdfViewerActivity} from uid 0
10-16 01:39:10.957   521   572 W libprocessgroup: kill(-4577, 9) failed: No such process
10-16 01:39:10.957   521   572 I libprocessgroup: Successfully killed process cgroup uid 10071 pid 4577 in 42ms
10-16 01:39:10.997  4693  4693 I Zygote  : seccomp disabled by setenforce 0
10-16 01:39:10.998  4693  4693 I chatty  : uid=10071(de.moodpath.android) identical 104 lines
10-16 01:39:11.005   521   570 I ActivityManager: Start proc 4693:de.moodpath.android/u0a71 for activity de.moodpath.android/.feature.common.pdf.presentation.PdfViewerActivity
10-16 01:39:11.060  4693  4725 I chatty  : uid=10071(de.moodpath.android) expire 4 lines
10-16 01:39:11.145  4693  4737 I chatty  : uid=10071(de.moodpath.android) expire 4 lines
10-16 01:39:11.163   521   560 W BroadcastQueue: Background execution not allowed: receiving Intent { act=android.intent.action.DROPBOX_ENTRY_ADDED flg=0x10 (has extras) } to com.google.android.gms/.stats.service.DropBoxEntryAddedReceiver
10-16 01:39:11.163   521   560 W BroadcastQueue: Background execution not allowed: receiving Intent { act=android.intent.action.DROPBOX_ENTRY_ADDED flg=0x10 (has extras) } to com.google.android.gms/.chimera.GmsIntentOperationService$PersistentTrustedReceiver
10-16 01:39:11.170   521   560 W BroadcastQueue: Background execution not allowed: receiving Intent { act=android.intent.action.DROPBOX_ENTRY_ADDED flg=0x10 (has extras) } to com.google.android.gms/.stats.service.DropBoxEntryAddedReceiver
10-16 01:39:11.170   521   560 W BroadcastQueue: Background execution not allowed: receiving Intent { act=android.intent.action.DROPBOX_ENTRY_ADDED flg=0x10 (has extras) } to com.google.android.gms/.chimera.GmsIntentOperationService$PersistentTrustedReceiver
10-16 01:39:11.184   521   560 W BroadcastQueue: Background execution not allowed: receiving Intent { act=android.intent.action.DROPBOX_ENTRY_ADDED flg=0x10 (has extras) } to com.google.android.gms/.stats.service.DropBoxEntryAddedReceiver
10-16 01:39:11.184   521   560 W BroadcastQueue: Background execution not allowed: receiving Intent { act=android.intent.action.DROPBOX_ENTRY_ADDED flg=0x10 (has extras) } to com.google.android.gms/.chimera.GmsIntentOperationService$PersistentTrustedReceiver
10-16 01:39:11.191   521   560 W BroadcastQueue: Background execution not allowed: receiving Intent { act=android.intent.action.DROPBOX_ENTRY_ADDED flg=0x10 (has extras) } to com.google.android.gms/.stats.service.DropBoxEntryAddedReceiver
10-16 01:39:11.191   521   560 W BroadcastQueue: Background execution not allowed: receiving Intent { act=android.intent.action.DROPBOX_ENTRY_ADDED flg=0x10 (has extras) } to com.google.android.gms/.chimera.GmsIntentOperationService$PersistentTrustedReceiver
10-16 01:39:11.202  4693  4693 I chatty  : uid=10071(de.moodpath.android) expire 107 lines
10-16 01:39:11.333  4693  4782 I chatty  : uid=10071(de.moodpath.android) expire 9 lines
10-16 01:39:11.351   555   576 W SurfaceFlinger: Attempting to destroy on removed layer: 74c07b2 Application Error: de.moodpath.android#0
10-16 01:39:11.372  4693  4693 E AndroidRuntime: FATAL EXCEPTION: main
10-16 01:39:11.372  4693  4693 E AndroidRuntime: Process: de.moodpath.android, PID: 4693
10-16 01:39:11.372  4693  4693 E AndroidRuntime: java.lang.RuntimeException: Unable to start activity ComponentInfo{de.moodpath.android/de.moodpath.android.feature.common.pdf.presentation.PdfViewerActivity}: java.lang.IllegalStateException: intent.getStringExtra(ARGUMENT_PDF_FILE_PATH) must not be null
10-16 01:39:11.372  4693  4693 E AndroidRuntime: 	at android.app.ActivityThread.performLaunchActivity(ActivityThread.java:2913)
10-16 01:39:11.372  4693  4693 E AndroidRuntime: 	at android.app.ActivityThread.handleLaunchActivity(ActivityThread.java:3048)
10-16 01:39:11.372  4693  4693 E AndroidRuntime: 	at android.app.servertransaction.LaunchActivityItem.execute(LaunchActivityItem.java:78)
10-16 01:39:11.372  4693  4693 E AndroidRuntime: 	at android.app.servertransaction.TransactionExecutor.executeCallbacks(TransactionExecutor.java:108)
10-16 01:39:11.372  4693  4693 E AndroidRuntime: 	at android.app.servertransaction.TransactionExecutor.execute(TransactionExecutor.java:68)
10-16 01:39:11.372  4693  4693 E AndroidRuntime: 	at android.app.ActivityThread$H.handleMessage(ActivityThread.java:1808)
10-16 01:39:11.372  4693  4693 E AndroidRuntime: 	at android.os.Handler.dispatchMessage(Handler.java:106)
10-16 01:39:11.372  4693  4693 E AndroidRuntime: 	at android.os.Looper.loop(Looper.java:193)
10-16 01:39:11.372  4693  4693 E AndroidRuntime: 	at android.app.ActivityThread.main(ActivityThread.java:6669)
10-16 01:39:11.372  4693  4693 E AndroidRuntime: 	at java.lang.reflect.Method.invoke(Native Method)
10-16 01:39:11.372  4693  4693 E AndroidRuntime: 	at com.android.internal.os.RuntimeInit$MethodAndArgsCaller.run(RuntimeInit.java:493)
10-16 01:39:11.372  4693  4693 E AndroidRuntime: 	at com.android.internal.os.ZygoteInit.main(ZygoteInit.java:858)
10-16 01:39:11.372  4693  4693 E AndroidRuntime: Caused by: java.lang.IllegalStateException: intent.getStringExtra(ARGUMENT_PDF_FILE_PATH) must not be null
10-16 01:39:11.372  4693  4693 E AndroidRuntime: 	at de.moodpath.android.feature.common.pdf.presentation.a$a.a(PdfViewerActivity.kt:2)
10-16 01:39:11.372  4693  4693 E AndroidRuntime: 	at de.moodpath.android.feature.common.pdf.presentation.PdfViewerActivity$a.c(PdfViewerActivity.kt:1)
10-16 01:39:11.372  4693  4693 E AndroidRuntime: 	at de.moodpath.android.feature.common.pdf.presentation.PdfViewerActivity$a.invoke(PdfViewerActivity.kt:1)
10-16 01:39:11.372  4693  4693 E AndroidRuntime: 	at l.n.getValue(LazyJVM.kt:6)
10-16 01:39:11.372  4693  4693 E AndroidRuntime: 	at de.moodpath.android.feature.common.pdf.presentation.PdfViewerActivity.G2(Unknown Source:2)
10-16 01:39:11.372  4693  4693 E AndroidRuntime: 	at de.moodpath.android.feature.common.pdf.presentation.PdfViewerActivity.onCreate(PdfViewerActivity.kt:4)
10-16 01:39:11.372  4693  4693 E AndroidRuntime: 	at android.app.Activity.performCreate(Activity.java:7136)
10-16 01:39:11.372  4693  4693 E AndroidRuntime: 	at android.app.Activity.performCreate(Activity.java:7127)
10-16 01:39:11.372  4693  4693 E AndroidRuntime: 	at android.app.Instrumentation.callActivityOnCreate(Instrumentation.java:1271)
10-16 01:39:11.372  4693  4693 E AndroidRuntime: 	at android.app.ActivityThread.performLaunchActivity(ActivityThread.java:2893)
10-16 01:39:11.372  4693  4693 E AndroidRuntime: 	... 11 more
10-16 01:39:11.401   521  2888 W ActivityManager:   Force finishing activity de.moodpath.android/.feature.common.pdf.presentation.PdfViewerActivity
10-16 01:39:11.404   521   569 I ActivityManager: Showing crash dialog for package de.moodpath.android u0
10-16 01:39:11.406   521   560 W BroadcastQueue: Background execution not allowed: receiving Intent { act=android.intent.action.DROPBOX_ENTRY_ADDED flg=0x10 (has extras) } to com.google.android.gms/.stats.service.DropBoxEntryAddedReceiver
10-16 01:39:11.406   521   560 W BroadcastQueue: Background execution not allowed: receiving Intent { act=android.intent.action.DROPBOX_ENTRY_ADDED flg=0x10 (has extras) } to com.google.android.gms/.chimera.GmsIntentOperationService$PersistentTrustedReceiver
10-16 01:39:11.403   544   544 I health@2.0-serv: type=1400 audit(0.0:950): avc: denied { read } for name="status" dev="fuse" ino=7 scontext=u:r:hal_health_default:s0 tcontext=u:object_r:fuse:s0 tclass=file permissive=1
10-16 01:39:11.403   544   544 I health@2.0-serv: type=1400 audit(0.0:951): avc: denied { open } for path="/dev/pipe/battery/BAT0/status" dev="fuse" ino=7 scontext=u:r:hal_health_default:s0 tcontext=u:object_r:fuse:s0 tclass=file permissive=1
10-16 01:39:11.403   544   544 I health@2.0-serv: type=1400 audit(0.0:952): avc: denied { getattr } for path="/dev/pipe/battery/BAT0/status" dev="fuse" ino=7 scontext=u:r:hal_health_default:s0 tcontext=u:object_r:fuse:s0 tclass=file permissive=1
10-16 01:39:11.413  4693  4784 I chatty  : uid=10071(de.moodpath.android) expire 2 lines
10-16 01:39:11.432  4693  4701 I chatty  : uid=10071(de.moodpath.android) expire 2 lines
10-16 01:39:11.440   521  3082 D         : HostConnection::get() New Host Connection established 0xe6771de0, tid 3082
10-16 01:39:11.441   521  3082 D         : HostComposition ext GL_OES_EGL_image_external_essl3 GL_OES_vertex_array_object ANDROID_EMU_gles_max_version_3_1 
10-16 01:39:11.435   492   492 I netd    : type=1400 audit(0.0:953): avc: denied { use } for path="socket:[69014]" dev="sockfs" ino=69014 scontext=u:r:netd:s0 tcontext=u:r:local_opengl:s0 tclass=fd permissive=1
10-16 01:39:11.444   521  3082 I ConfigStore: android::hardware::configstore::V1_0::ISurfaceFlingerConfigs::hasWideColorDisplay retrieved: 0
10-16 01:39:11.444   521  3082 I ConfigStore: android::hardware::configstore::V1_0::ISurfaceFlingerConfigs::hasHDRDisplay retrieved: 0
10-16 01:39:11.444   521  3082 I OpenGLRenderer: Initialized EGL, version 1.4
10-16 01:39:11.444   521  3082 D OpenGLRenderer: Swap behavior 1
10-16 01:39:11.444   521  3082 W OpenGLRenderer: Failed to choose config with EGL_SWAP_BEHAVIOR_PRESERVED, retrying without...
10-16 01:39:11.444   521  3082 D OpenGLRenderer: Swap behavior 0
10-16 01:39:11.455   521  3082 D EGL_emulation: eglCreateContext: 0xedffda60: maj 3 min 1 rcv 4
10-16 01:39:11.902   521   560 W ActivityManager: Activity pause timeout for ActivityRecord{8561aba u0 de.moodpath.android/.feature.common.pdf.presentation.PdfViewerActivity t17 f}
10-16 01:39:12.147  4693  4767 I chatty  : uid=10071(de.moodpath.android) expire 1 line
10-16 01:39:12.503   521   721 E TaskPersister: File error accessing recents directory (directory doesn't exist?).
10-16 01:39:13.403   491   491 I batteryd: type=1400 audit(0.0:954): avc: denied { write } for path="/dev/fuse" dev="tmpfs" ino=9381 scontext=u:r:batteryd:s0 tcontext=u:object_r:fuse_device:s0 tclass=chr_file permissive=1
10-16 01:39:13.403   491   491 I batteryd: type=1400 audit(0.0:955): avc: denied { read } for path="/dev/fuse" dev="tmpfs" ino=9381 scontext=u:r:batteryd:s0 tcontext=u:object_r:fuse_device:s0 tclass=chr_file permissive=1
10-16 01:39:14.047  4792  4792 D vndksupport: Loading /vendor/lib/hw/android.hardware.graphics.mapper@2.0-impl.so from current namespace instead of sphal namespace.
10-16 01:39:14.047  4792  4792 D vndksupport: Loading /vendor/lib/hw/gralloc.vbox86.so from current namespace instead of sphal namespace.
10-16 01:39:14.049  4792  4792 D         : createUnique: call
10-16 01:39:14.049  4792  4792 D         : HostConnection::get() New Host Connection established 0xe5ea0b90, tid 4792
10-16 01:39:14.050  4792  4792 D         : HostComposition ext GL_OES_EGL_image_external_essl3 GL_OES_vertex_array_object ANDROID_EMU_gles_max_version_3_1 
10-16 01:39:14.050  4792  4792 W         : Process pipe failed
10-16 01:39:14.051  4792  4792 E eglCodecCommon: goldfish_dma_create_region: could not obtain fd to device! fd -1 errno=2
10-16 01:39:14.425  1406  1406 D MediaScannerReceiver: action: android.intent.action.MEDIA_SCANNER_SCAN_FILE path: /data/local/screen.png
10-16 01:39:14.506   521   532 I ActivityManager: Force stopping de.moodpath.android appid=10071 user=0: from pid 4803
10-16 01:39:14.506   521   532 I ActivityManager: Killing 4693:de.moodpath.android/u0a71 (adj 900): stop de.moodpath.android
10-16 01:39:14.507   521   572 W libprocessgroup: kill(-4693, 9) failed: No such process
10-16 01:39:14.510   555   636 W SurfaceFlinger: Attempting to destroy on removed layer: AppWindowToken{8f4f0c8 token=Token{eaa3d6b ActivityRecord{8561aba u0 de.moodpath.android/.feature.common.pdf.presentation.PdfViewerActivity t17}}}#0
10-16 01:39:14.514   521  2888 W ActivityManager: Ignoring remove of inactive process: ProcessRecord{65599d4 0:de.moodpath.android/u0a71}
10-16 01:39:14.518   866   866 D CarrierSvcBindHelper: No carrier app for: 0
10-16 01:39:14.523   521  3082 E eglCodecCommon: goldfish_dma_create_region: could not obtain fd to device! fd -1 errno=2
10-16 01:39:14.539   493   493 I Zygote  : Process 4693 exited due to signal (9)
10-16 01:39:14.549   521   572 W libprocessgroup: kill(-4693, 9) failed: No such process
10-16 01:39:14.549   521   572 I libprocessgroup: Successfully killed process cgroup uid 10071 pid 4693 in 42ms
10-16 01:39:14.557   521  2544 I ActivityManager: START u0 {flg=0x10000000 cmp=de.moodpath.android/.feature.discover.courses.presentation.CourseActivity} from uid 0
10-16 01:39:14.684  4810  4810 I Zygote  : seccomp disabled by setenforce 0
10-16 01:39:14.687  4810  4810 I chatty  : uid=10071(de.moodpath.android) identical 40 lines
10-16 01:39:14.702   521   570 W ActivityManager: Slow operation: 60ms so far, now at startProcess: returned from zygote!
10-16 01:39:14.702   521   570 W ActivityManager: Slow operation: 60ms so far, now at startProcess: done updating battery stats
10-16 01:39:14.702   521   570 W ActivityManager: Slow operation: 60ms so far, now at startProcess: building log message
10-16 01:39:14.702   521   570 I ActivityManager: Start proc 4810:de.moodpath.android/u0a71 for activity de.moodpath.android/.feature.discover.courses.presentation.CourseActivity
10-16 01:39:14.703   521   570 W ActivityManager: Slow operation: 61ms so far, now at startProcess: starting to update pids map
10-16 01:39:14.705   521   570 W ActivityManager: Slow operation: 63ms so far, now at startProcess: done updating pids map
10-16 01:39:14.810  4810  4841 I chatty  : uid=10071(de.moodpath.android) expire 4 lines
10-16 01:39:14.841   555  1256 W SurfaceFlinger: Attempting to set client state on removed layer: Dim Layer for - mAboveAppWindowsContainers#0
10-16 01:39:14.841   555  1256 W SurfaceFlinger: Attempting to destroy on removed layer: Dim Layer for - mAboveAppWindowsContainers#0
10-16 01:39:14.844   555  1256 W SurfaceFlinger: Attempting to destroy on removed layer: 7ed19ff Application Error: de.moodpath.android#0
10-16 01:39:14.870  4810  4859 I chatty  : uid=10071(de.moodpath.android) expire 3 lines
10-16 01:39:14.878   521   560 W BroadcastQueue: Background execution not allowed: receiving Intent { act=android.intent.action.DROPBOX_ENTRY_ADDED flg=0x10 (has extras) } to com.google.android.gms/.stats.service.DropBoxEntryAddedReceiver
10-16 01:39:14.878   521   560 W BroadcastQueue: Background execution not allowed: receiving Intent { act=android.intent.action.DROPBOX_ENTRY_ADDED flg=0x10 (has extras) } to com.google.android.gms/.chimera.GmsIntentOperationService$PersistentTrustedReceiver
10-16 01:39:14.884   521   560 W BroadcastQueue: Background execution not allowed: receiving Intent { act=android.intent.action.DROPBOX_ENTRY_ADDED flg=0x10 (has extras) } to com.google.android.gms/.stats.service.DropBoxEntryAddedReceiver
10-16 01:39:14.884   521   560 W BroadcastQueue: Background execution not allowed: receiving Intent { act=android.intent.action.DROPBOX_ENTRY_ADDED flg=0x10 (has extras) } to com.google.android.gms/.chimera.GmsIntentOperationService$PersistentTrustedReceiver
10-16 01:39:14.894   521   560 W BroadcastQueue: Background execution not allowed: receiving Intent { act=android.intent.action.DROPBOX_ENTRY_ADDED flg=0x10 (has extras) } to com.google.android.gms/.stats.service.DropBoxEntryAddedReceiver
10-16 01:39:14.894   521   560 W BroadcastQueue: Background execution not allowed: receiving Intent { act=android.intent.action.DROPBOX_ENTRY_ADDED flg=0x10 (has extras) } to com.google.android.gms/.chimera.GmsIntentOperationService$PersistentTrustedReceiver
10-16 01:39:14.900   521   560 W BroadcastQueue: Background execution not allowed: receiving Intent { act=android.intent.action.DROPBOX_ENTRY_ADDED flg=0x10 (has extras) } to com.google.android.gms/.stats.service.DropBoxEntryAddedReceiver
10-16 01:39:14.900   521   560 W BroadcastQueue: Background execution not allowed: receiving Intent { act=android.intent.action.DROPBOX_ENTRY_ADDED flg=0x10 (has extras) } to com.google.android.gms/.chimera.GmsIntentOperationService$PersistentTrustedReceiver
10-16 01:39:14.909  4810  4810 I chatty  : uid=10071(de.moodpath.android) expire 170 lines
10-16 01:39:14.966  4810  4899 I chatty  : uid=10071(de.moodpath.android) expire 9 lines
10-16 01:39:15.036  4810  4810 E AndroidRuntime: FATAL EXCEPTION: main
10-16 01:39:15.036  4810  4810 E AndroidRuntime: Process: de.moodpath.android, PID: 4810
10-16 01:39:15.036  4810  4810 E AndroidRuntime: java.lang.RuntimeException: Unable to start activity ComponentInfo{de.moodpath.android/de.moodpath.android.feature.discover.courses.presentation.CourseActivity}: java.lang.IllegalStateException: intent.getStringExtra(ARGUMENT_COURSE) must not be null
10-16 01:39:15.036  4810  4810 E AndroidRuntime: 	at android.app.ActivityThread.performLaunchActivity(ActivityThread.java:2913)
10-16 01:39:15.036  4810  4810 E AndroidRuntime: 	at android.app.ActivityThread.handleLaunchActivity(ActivityThread.java:3048)
10-16 01:39:15.036  4810  4810 E AndroidRuntime: 	at android.app.servertransaction.LaunchActivityItem.execute(LaunchActivityItem.java:78)
10-16 01:39:15.036  4810  4810 E AndroidRuntime: 	at android.app.servertransaction.TransactionExecutor.executeCallbacks(TransactionExecutor.java:108)
10-16 01:39:15.036  4810  4810 E AndroidRuntime: 	at android.app.servertransaction.TransactionExecutor.execute(TransactionExecutor.java:68)
10-16 01:39:15.036  4810  4810 E AndroidRuntime: 	at android.app.ActivityThread$H.handleMessage(ActivityThread.java:1808)
10-16 01:39:15.036  4810  4810 E AndroidRuntime: 	at android.os.Handler.dispatchMessage(Handler.java:106)
10-16 01:39:15.036  4810  4810 E AndroidRuntime: 	at android.os.Looper.loop(Looper.java:193)
10-16 01:39:15.036  4810  4810 E AndroidRuntime: 	at android.app.ActivityThread.main(ActivityThread.java:6669)
10-16 01:39:15.036  4810  4810 E AndroidRuntime: 	at java.lang.reflect.Method.invoke(Native Method)
10-16 01:39:15.036  4810  4810 E AndroidRuntime: 	at com.android.internal.os.RuntimeInit$MethodAndArgsCaller.run(RuntimeInit.java:493)
10-16 01:39:15.036  4810  4810 E AndroidRuntime: 	at com.android.internal.os.ZygoteInit.main(ZygoteInit.java:858)
10-16 01:39:15.036  4810  4810 E AndroidRuntime: Caused by: java.lang.IllegalStateException: intent.getStringExtra(ARGUMENT_COURSE) must not be null
10-16 01:39:15.036  4810  4810 E AndroidRuntime: 	at de.moodpath.android.feature.discover.courses.presentation.b$a.a(CourseActivity.kt:2)
10-16 01:39:15.036  4810  4810 E AndroidRuntime: 	at de.moodpath.android.feature.discover.courses.presentation.CourseActivity$a.c(CourseActivity.kt:1)
10-16 01:39:15.036  4810  4810 E AndroidRuntime: 	at de.moodpath.android.feature.discover.courses.presentation.CourseActivity$a.invoke(CourseActivity.kt:1)
10-16 01:39:15.036  4810  4810 E AndroidRuntime: 	at l.n.getValue(LazyJVM.kt:6)
10-16 01:39:15.036  4810  4810 E AndroidRuntime: 	at de.moodpath.android.feature.discover.courses.presentation.CourseActivity.K2(Unknown Source:2)
10-16 01:39:15.036  4810  4810 E AndroidRuntime: 	at de.moodpath.android.feature.discover.courses.presentation.CourseActivity.onCreate(CourseActivity.kt:8)
10-16 01:39:15.036  4810  4810 E AndroidRuntime: 	at android.app.Activity.performCreate(Activity.java:7136)
10-16 01:39:15.036  4810  4810 E AndroidRuntime: 	at android.app.Activity.performCreate(Activity.java:7127)
10-16 01:39:15.036  4810  4810 E AndroidRuntime: 	at android.app.Instrumentation.callActivityOnCreate(Instrumentation.java:1271)
10-16 01:39:15.036  4810  4810 E AndroidRuntime: 	at android.app.ActivityThread.performLaunchActivity(ActivityThread.java:2893)
10-16 01:39:15.036  4810  4810 E AndroidRuntime: 	... 11 more
10-16 01:39:15.074   521  2609 W ActivityManager:   Force finishing activity de.moodpath.android/.feature.discover.courses.presentation.CourseActivity
10-16 01:39:15.076   521   569 I ActivityManager: Showing crash dialog for package de.moodpath.android u0
10-16 01:39:15.077   521   560 W BroadcastQueue: Background execution not allowed: receiving Intent { act=android.intent.action.DROPBOX_ENTRY_ADDED flg=0x10 (has extras) } to com.google.android.gms/.stats.service.DropBoxEntryAddedReceiver
10-16 01:39:15.077   521   560 W BroadcastQueue: Background execution not allowed: receiving Intent { act=android.intent.action.DROPBOX_ENTRY_ADDED flg=0x10 (has extras) } to com.google.android.gms/.chimera.GmsIntentOperationService$PersistentTrustedReceiver
10-16 01:39:15.078  4810  4859 I chatty  : uid=10071(de.moodpath.android) expire 1 line
10-16 01:39:15.094  4810  4901 I chatty  : uid=10071(de.moodpath.android) expire 2 lines
10-16 01:39:15.104   521  3082 D         : HostConnection::get() New Host Connection established 0xe6771b10, tid 3082
10-16 01:39:15.099   492   492 I netd    : type=1400 audit(0.0:956): avc: denied { read write } for path="socket:[69274]" dev="sockfs" ino=69274 scontext=u:r:netd:s0 tcontext=u:r:local_opengl:s0 tclass=tcp_socket permissive=1
10-16 01:39:15.099   492   492 I netd    : type=1400 audit(0.0:957): avc: denied { getopt } for laddr=192.168.58.101 lport=22468 faddr=192.168.58.1 fport=54956 scontext=u:r:netd:s0 tcontext=u:r:local_opengl:s0 tclass=tcp_socket permissive=1
10-16 01:39:15.099   492   492 I netd    : type=1400 audit(0.0:958): avc: denied { setopt } for laddr=192.168.58.101 lport=22468 faddr=192.168.58.1 fport=54956 scontext=u:r:netd:s0 tcontext=u:r:local_opengl:s0 tclass=tcp_socket permissive=1
10-16 01:39:15.105   521  3082 D         : HostComposition ext GL_OES_EGL_image_external_essl3 GL_OES_vertex_array_object ANDROID_EMU_gles_max_version_3_1 
10-16 01:39:15.108   521  3082 I ConfigStore: android::hardware::configstore::V1_0::ISurfaceFlingerConfigs::hasWideColorDisplay retrieved: 0
10-16 01:39:15.108   521  3082 I ConfigStore: android::hardware::configstore::V1_0::ISurfaceFlingerConfigs::hasHDRDisplay retrieved: 0
10-16 01:39:15.108   521  3082 I OpenGLRenderer: Initialized EGL, version 1.4
10-16 01:39:15.108   521  3082 D OpenGLRenderer: Swap behavior 1
10-16 01:39:15.108   521  3082 W OpenGLRenderer: Failed to choose config with EGL_SWAP_BEHAVIOR_PRESERVED, retrying without...
10-16 01:39:15.108   521  3082 D OpenGLRenderer: Swap behavior 0
10-16 01:39:15.112   521  3082 D EGL_emulation: eglCreateContext: 0xedffc380: maj 3 min 1 rcv 4
10-16 01:39:15.289   521   569 W Looper  : Slow dispatch took 173ms android.ui h=android.view.Choreographer$FrameHandler c=android.view.Choreographer$FrameDisplayEventReceiver@f8cd6e6 m=0
10-16 01:39:15.575   521   560 W ActivityManager: Activity pause timeout for ActivityRecord{71d2c39 u0 de.moodpath.android/.feature.discover.courses.presentation.CourseActivity t18 f}
10-16 01:39:15.791  4810  4885 I chatty  : uid=10071(de.moodpath.android) expire 1 line
10-16 01:39:17.706  4909  4909 D vndksupport: Loading /vendor/lib/hw/android.hardware.graphics.mapper@2.0-impl.so from current namespace instead of sphal namespace.
10-16 01:39:17.706  4909  4909 D vndksupport: Loading /vendor/lib/hw/gralloc.vbox86.so from current namespace instead of sphal namespace.
10-16 01:39:17.707  4909  4909 D         : createUnique: call
10-16 01:39:17.707  4909  4909 D         : HostConnection::get() New Host Connection established 0xf24a0b90, tid 4909
10-16 01:39:17.709  4909  4909 D         : HostComposition ext GL_OES_EGL_image_external_essl3 GL_OES_vertex_array_object ANDROID_EMU_gles_max_version_3_1 
10-16 01:39:17.709  4909  4909 W         : Process pipe failed
10-16 01:39:17.710  4909  4909 E eglCodecCommon: goldfish_dma_create_region: could not obtain fd to device! fd -1 errno=2
10-16 01:39:18.075  1331  3515 I Vision  : Requesting optional module download of ocr.
10-16 01:39:18.077  1406  1406 D MediaScannerReceiver: action: android.intent.action.MEDIA_SCANNER_SCAN_FILE path: /data/local/screen.png
10-16 01:39:18.079  1331  4868 E ConfigFileUtils: Failed to read config file: /data/user_de/0/com.google.android.gms/app_chimera/next_container.pb (No such file or directory)
10-16 01:39:18.079  1331  3515 I Vision  : Checking for download completion for 180058 -- ocr
10-16 01:39:18.085  1331  4868 I ModuleSetMgr: Container features not yet downloaded are disabled.
10-16 01:39:18.086  1331  4868 I ModuleSetMgr: Container features not yet downloaded are disabled.
10-16 01:39:18.087  1331  4868 I GmsModuleFndr: Beginning GMS chimera module scan
10-16 01:39:18.089  1331  4868 I ModuleSetMgr: Computing pending module set with APKs: [[AdsFdrDynamite.integ:21460000000], [Cronetdynamite:201817100700], [Dynamiteloader:201817100000], [Dynamitemodulesa:201817100000], [Dynamitemodulesc:201817100000], [Googlecertificates:201817100000], [Mapsdynamite:201817100000], [Measurementdynamite:201817100000]]
10-16 01:39:18.094  1331  4868 I ModuleSetMgr: Pending container module APKs: []
10-16 01:39:18.094  1331  4868 I ModuleSetMgr: Pending non-container module APKs: []
10-16 01:39:18.116  1331  4868 I ChimeraConfigurator: Update complete: success
10-16 01:39:18.118  1331  4868 I ModuleSetMgr: Container features not yet downloaded are disabled.
10-16 01:39:18.157   521  2883 I ActivityManager: Force stopping de.moodpath.android appid=10071 user=0: from pid 4921
10-16 01:39:18.157   521  2883 I ActivityManager: Killing 4810:de.moodpath.android/u0a71 (adj 900): stop de.moodpath.android
10-16 01:39:18.158   521   572 W libprocessgroup: kill(-4810, 9) failed: No such process
10-16 01:39:18.160   555   576 W SurfaceFlinger: Attempting to destroy on removed layer: AppWindowToken{97f83df token=Token{7fb627e ActivityRecord{71d2c39 u0 de.moodpath.android/.feature.discover.courses.presentation.CourseActivity t18}}}#0
10-16 01:39:18.163   521  2609 W ActivityManager: Ignoring remove of inactive process: ProcessRecord{2f16fd5 0:de.moodpath.android/u0a71}
10-16 01:39:18.164   866   866 D CarrierSvcBindHelper: No carrier app for: 0
10-16 01:39:18.171   521  3082 E eglCodecCommon: goldfish_dma_create_region: could not obtain fd to device! fd -1 errno=2
10-16 01:39:18.178   493   493 I Zygote  : Process 4810 exited due to signal (9)
10-16 01:39:18.188   521  3441 I ActivityManager: START u0 {flg=0x10000000 cmp=de.moodpath.android/.feature.exercises.presentation.ExerciseActivity} from uid 0
10-16 01:39:18.201   521   572 W libprocessgroup: kill(-4810, 9) failed: No such process
10-16 01:39:18.201   521   572 I libprocessgroup: Successfully killed process cgroup uid 10071 pid 4810 in 43ms
10-16 01:39:18.291   493   493 I gdbus   : type=1400 audit(0.0:959): avc: denied { sys_nice } for capability=23 scontext=u:r:zygote:s0 tcontext=u:r:zygote:s0 tclass=capability permissive=1
10-16 01:39:18.300  4929  4929 I Zygote  : seccomp disabled by setenforce 0
10-16 01:39:18.302  4929  4929 I chatty  : uid=10071(de.moodpath.android) identical 5 lines
10-16 01:39:18.310   521   570 I ActivityManager: Start proc 4929:de.moodpath.android/u0a71 for activity de.moodpath.android/.feature.exercises.presentation.ExerciseActivity
10-16 01:39:18.390  4929  4960 I chatty  : uid=10071(de.moodpath.android) expire 4 lines
10-16 01:39:18.437  4929  4929 I chatty  : uid=10071(de.moodpath.android) expire 1 line
10-16 01:39:18.476  4929  4977 I chatty  : uid=10071(de.moodpath.android) expire 3 lines
10-16 01:39:18.477   521   560 W BroadcastQueue: Background execution not allowed: receiving Intent { act=android.intent.action.DROPBOX_ENTRY_ADDED flg=0x10 (has extras) } to com.google.android.gms/.stats.service.DropBoxEntryAddedReceiver
10-16 01:39:18.477   521   560 W BroadcastQueue: Background execution not allowed: receiving Intent { act=android.intent.action.DROPBOX_ENTRY_ADDED flg=0x10 (has extras) } to com.google.android.gms/.chimera.GmsIntentOperationService$PersistentTrustedReceiver
10-16 01:39:18.487   521   560 W BroadcastQueue: Background execution not allowed: receiving Intent { act=android.intent.action.DROPBOX_ENTRY_ADDED flg=0x10 (has extras) } to com.google.android.gms/.stats.service.DropBoxEntryAddedReceiver
10-16 01:39:18.487  4929  4929 I chatty  : uid=10071(de.moodpath.android) expire 203 lines
10-16 01:39:18.487   521   560 W BroadcastQueue: Background execution not allowed: receiving Intent { act=android.intent.action.DROPBOX_ENTRY_ADDED flg=0x10 (has extras) } to com.google.android.gms/.chimera.GmsIntentOperationService$PersistentTrustedReceiver
10-16 01:39:18.500   521   560 W BroadcastQueue: Background execution not allowed: receiving Intent { act=android.intent.action.DROPBOX_ENTRY_ADDED flg=0x10 (has extras) } to com.google.android.gms/.stats.service.DropBoxEntryAddedReceiver
10-16 01:39:18.500   521   560 W BroadcastQueue: Background execution not allowed: receiving Intent { act=android.intent.action.DROPBOX_ENTRY_ADDED flg=0x10 (has extras) } to com.google.android.gms/.chimera.GmsIntentOperationService$PersistentTrustedReceiver
10-16 01:39:18.516   521   560 W BroadcastQueue: Background execution not allowed: receiving Intent { act=android.intent.action.DROPBOX_ENTRY_ADDED flg=0x10 (has extras) } to com.google.android.gms/.stats.service.DropBoxEntryAddedReceiver
10-16 01:39:18.516   521   560 W BroadcastQueue: Background execution not allowed: receiving Intent { act=android.intent.action.DROPBOX_ENTRY_ADDED flg=0x10 (has extras) } to com.google.android.gms/.chimera.GmsIntentOperationService$PersistentTrustedReceiver
10-16 01:39:18.609   555   947 W SurfaceFlinger: Attempting to destroy on removed layer: feb3616 Application Error: de.moodpath.android#0
10-16 01:39:18.638  4929  5017 I chatty  : uid=10071(de.moodpath.android) expire 9 lines
10-16 01:39:18.669  4929  4929 E AndroidRuntime: FATAL EXCEPTION: main
10-16 01:39:18.669  4929  4929 E AndroidRuntime: Process: de.moodpath.android, PID: 4929
10-16 01:39:18.669  4929  4929 E AndroidRuntime: java.lang.RuntimeException: Unable to start activity ComponentInfo{de.moodpath.android/de.moodpath.android.feature.exercises.presentation.ExerciseActivity}: java.lang.IllegalStateException: intent.getStringExtra(ARGUMENT_EXERCISE_ID) must not be null
10-16 01:39:18.669  4929  4929 E AndroidRuntime: 	at android.app.ActivityThread.performLaunchActivity(ActivityThread.java:2913)
10-16 01:39:18.669  4929  4929 E AndroidRuntime: 	at android.app.ActivityThread.handleLaunchActivity(ActivityThread.java:3048)
10-16 01:39:18.669  4929  4929 E AndroidRuntime: 	at android.app.servertransaction.LaunchActivityItem.execute(LaunchActivityItem.java:78)
10-16 01:39:18.669  4929  4929 E AndroidRuntime: 	at android.app.servertransaction.TransactionExecutor.executeCallbacks(TransactionExecutor.java:108)
10-16 01:39:18.669  4929  4929 E AndroidRuntime: 	at android.app.servertransaction.TransactionExecutor.execute(TransactionExecutor.java:68)
10-16 01:39:18.669  4929  4929 E AndroidRuntime: 	at android.app.ActivityThread$H.handleMessage(ActivityThread.java:1808)
10-16 01:39:18.669  4929  4929 E AndroidRuntime: 	at android.os.Handler.dispatchMessage(Handler.java:106)
10-16 01:39:18.669  4929  4929 E AndroidRuntime: 	at android.os.Looper.loop(Looper.java:193)
10-16 01:39:18.669  4929  4929 E AndroidRuntime: 	at android.app.ActivityThread.main(ActivityThread.java:6669)
10-16 01:39:18.669  4929  4929 E AndroidRuntime: 	at java.lang.reflect.Method.invoke(Native Method)
10-16 01:39:18.669  4929  4929 E AndroidRuntime: 	at com.android.internal.os.RuntimeInit$MethodAndArgsCaller.run(RuntimeInit.java:493)
10-16 01:39:18.669  4929  4929 E AndroidRuntime: 	at com.android.internal.os.ZygoteInit.main(ZygoteInit.java:858)
10-16 01:39:18.669  4929  4929 E AndroidRuntime: Caused by: java.lang.IllegalStateException: intent.getStringExtra(ARGUMENT_EXERCISE_ID) must not be null
10-16 01:39:18.669  4929  4929 E AndroidRuntime: 	at de.moodpath.android.feature.exercises.presentation.c$a.a(ExerciseActivity.kt:2)
10-16 01:39:18.669  4929  4929 E AndroidRuntime: 	at de.moodpath.android.feature.exercises.presentation.ExerciseActivity$a.c(ExerciseActivity.kt:1)
10-16 01:39:18.669  4929  4929 E AndroidRuntime: 	at de.moodpath.android.feature.exercises.presentation.ExerciseActivity$a.invoke(ExerciseActivity.kt:1)
10-16 01:39:18.669  4929  4929 E AndroidRuntime: 	at l.n.getValue(LazyJVM.kt:6)
10-16 01:39:18.669  4929  4929 E AndroidRuntime: 	at de.moodpath.android.feature.exercises.presentation.ExerciseActivity.N2(Unknown Source:2)
10-16 01:39:18.669  4929  4929 E AndroidRuntime: 	at de.moodpath.android.feature.exercises.presentation.ExerciseActivity.onCreate(ExerciseActivity.kt:3)
10-16 01:39:18.669  4929  4929 E AndroidRuntime: 	at android.app.Activity.performCreate(Activity.java:7136)
10-16 01:39:18.669  4929  4929 E AndroidRuntime: 	at android.app.Activity.performCreate(Activity.java:7127)
10-16 01:39:18.669  4929  4929 E AndroidRuntime: 	at android.app.Instrumentation.callActivityOnCreate(Instrumentation.java:1271)
10-16 01:39:18.669  4929  4929 E AndroidRuntime: 	at android.app.ActivityThread.performLaunchActivity(ActivityThread.java:2893)
10-16 01:39:18.669  4929  4929 E AndroidRuntime: 	... 11 more
10-16 01:39:18.694  4929  4977 I chatty  : uid=10071(de.moodpath.android) expire 1 line
10-16 01:39:18.696   521  2883 W ActivityManager:   Force finishing activity de.moodpath.android/.feature.exercises.presentation.ExerciseActivity
10-16 01:39:18.699   521   569 I ActivityManager: Showing crash dialog for package de.moodpath.android u0
10-16 01:39:18.700   521   560 W BroadcastQueue: Background execution not allowed: receiving Intent { act=android.intent.action.DROPBOX_ENTRY_ADDED flg=0x10 (has extras) } to com.google.android.gms/.stats.service.DropBoxEntryAddedReceiver
10-16 01:39:18.700   521   560 W BroadcastQueue: Background execution not allowed: receiving Intent { act=android.intent.action.DROPBOX_ENTRY_ADDED flg=0x10 (has extras) } to com.google.android.gms/.chimera.GmsIntentOperationService$PersistentTrustedReceiver
10-16 01:39:18.708  4929  5019 I chatty  : uid=10071(de.moodpath.android) expire 2 lines
10-16 01:39:18.723   521  3082 D         : HostConnection::get() New Host Connection established 0xc71c2b60, tid 3082
10-16 01:39:18.719   487   487 I local_opengl: type=1400 audit(0.0:960): avc: denied { write } for name="fwmarkd" dev="tmpfs" ino=13657 scontext=u:r:local_opengl:s0 tcontext=u:object_r:fwmarkd_socket:s0 tclass=sock_file permissive=1
10-16 01:39:18.719   487   487 I local_opengl: type=1400 audit(0.0:961): avc: denied { connectto } for path="/dev/socket/fwmarkd" scontext=u:r:local_opengl:s0 tcontext=u:r:netd:s0 tclass=unix_stream_socket permissive=1
